Component: ARM Compiler 5.05 update 1 (build 106) Tool: armlink [4d0efa]

==============================================================================

Section Cross References

    main.o(.text) refers to ff.o(.text) for f_write
    main.o(.text) refers to printf8.o(i.__0printf$8) for __2printf
    main.o(.text) refers to misc.o(.text) for NVIC_PriorityGroupConfig
    main.o(.text) refers to delay.o(.text) for delay_init
    main.o(.text) refers to usart.o(.text) for uart_init
    main.o(.text) refers to led.o(.text) for LED_Init
    main.o(.text) refers to lcd.o(.text) for LCD_Init
    main.o(.text) refers to key.o(.text) for KEY_Init
    main.o(.text) refers to rs485.o(.text) for RS485_Init
    main.o(.text) refers to w25qxx.o(.text) for W25QXX_Init
    main.o(.text) refers to malloc.o(.text) for my_mem_init
    main.o(.text) refers to sdio_sdcard.o(.text) for SD_Init
    main.o(.text) refers to exfuns.o(.text) for exfuns_init
    main.o(.text) refers to meteorological.o(.text) for CheckCommunication
    main.o(.text) refers to exfuns.o(.data) for bw
    main.o(.text) refers to main.o(.data) for ReceiveBufCounter
    main.o(.text) refers to main.o(.bss) for fileTXT
    main.o(.text) refers to usmart_config.o(.data) for usmart_dev
    main.o(.text) refers to lcd.o(.data) for POINT_COLOR
    main.o(.text) refers to exfuns.o(.bss) for fs
    system_stm32f4xx.o(.text) refers to system_stm32f4xx.o(.data) for SystemCoreClock
    meteorological.o(.text) refers to memcpya.o(.text) for __aeabi_memcpy4
    meteorological.o(.text) refers to rs485.o(.text) for RS485_Send_Data
    meteorological.o(.text) refers to delay.o(.text) for delay_ms
    meteorological.o(.text) refers to strncmp.o(.text) for strncmp
    led.o(.text) refers to stm32f4xx_rcc.o(.text) for RCC_AHB1PeriphClockCmd
    led.o(.text) refers to stm32f4xx_gpio.o(.text) for GPIO_Init
    lcd.o(.text) refers to delay.o(.text) for delay_us
    lcd.o(.text) refers to lcd.o(.bss) for lcddev
    lcd.o(.text) refers to lcd.o(.data) for POINT_COLOR
    lcd.o(.text) refers to dfltui.o(.text) for __aeabi_ui2d
    lcd.o(.text) refers to dmul.o(.text) for __aeabi_dmul
    lcd.o(.text) refers to dfixui.o(.text) for __aeabi_d2uiz
    lcd.o(.text) refers to stm32f4xx_rcc.o(.text) for RCC_AHB1PeriphClockCmd
    lcd.o(.text) refers to stm32f4xx_gpio.o(.text) for GPIO_Init
    lcd.o(.text) refers to stm32f4xx_fsmc.o(.text) for FSMC_NORSRAMInit
    lcd.o(.text) refers to printf8.o(i.__0printf$8) for __2printf
    lcd.o(.text) refers to lcd.o(.constdata) for asc2_1206
    key.o(.text) refers to stm32f4xx_rcc.o(.text) for RCC_AHB1PeriphClockCmd
    key.o(.text) refers to stm32f4xx_gpio.o(.text) for GPIO_Init
    key.o(.text) refers to delay.o(.text) for delay_ms
    key.o(.text) refers to key.o(.data) for key_up
    spi.o(.text) refers to stm32f4xx_spi.o(.text) for SPI_I2S_GetFlagStatus
    spi.o(.text) refers to stm32f4xx_rcc.o(.text) for RCC_AHB1PeriphClockCmd
    spi.o(.text) refers to stm32f4xx_gpio.o(.text) for GPIO_Init
    w25qxx.o(.text) refers to spi.o(.text) for SPI1_ReadWriteByte
    w25qxx.o(.text) refers to stm32f4xx_rcc.o(.text) for RCC_AHB1PeriphClockCmd
    w25qxx.o(.text) refers to stm32f4xx_gpio.o(.text) for GPIO_Init
    w25qxx.o(.text) refers to delay.o(.text) for delay_us
    w25qxx.o(.text) refers to w25qxx.o(.data) for W25QXX_TYPE
    w25qxx.o(.text) refers to w25qxx.o(.bss) for W25QXX_BUFFER
    sdio_sdcard.o(.text) refers to stm32f4xx_sdio.o(.text) for SDIO_GetFlagStatus
    sdio_sdcard.o(.text) refers to sdio_sdcard.o(.data) for DeviceMode
    sdio_sdcard.o(.text) refers to sdio_sdcard.o(.bss) for SDIO_CmdInitStructure
    sdio_sdcard.o(.text) refers to stm32f4xx_rcc.o(.text) for RCC_AHB1PeriphClockCmd
    sdio_sdcard.o(.text) refers to stm32f4xx_gpio.o(.text) for GPIO_Init
    sdio_sdcard.o(.text) refers to misc.o(.text) for NVIC_Init
    sdio_sdcard.o(.text) refers to stm32f4xx_dma.o(.text) for DMA_GetCmdStatus
    sdio_sdcard.o(.text) refers to sys.o(.emb_text) for INTX_DISABLE
    sdio_sdcard.o(.text) refers to memcpya.o(.text) for __aeabi_memcpy
    rs485.o(.text) refers to stm32f4xx_usart.o(.text) for USART_GetITStatus
    rs485.o(.text) refers to stm32f4xx_rcc.o(.text) for RCC_AHB1PeriphClockCmd
    rs485.o(.text) refers to stm32f4xx_gpio.o(.text) for GPIO_PinAFConfig
    rs485.o(.text) refers to misc.o(.text) for NVIC_Init
    rs485.o(.text) refers to delay.o(.text) for delay_ms
    rs485.o(.text) refers to rs485.o(.data) for RS485_RX_CNT
    rs485.o(.text) refers to rs485.o(.bss) for RS485_RX_BUF
    delay.o(.text) refers to misc.o(.text) for SysTick_CLKSourceConfig
    delay.o(.text) refers to delay.o(.data) for fac_us
    usart.o(.text) refers to stm32f4xx_rcc.o(.text) for RCC_AHB1PeriphClockCmd
    usart.o(.text) refers to stm32f4xx_gpio.o(.text) for GPIO_PinAFConfig
    usart.o(.text) refers to stm32f4xx_usart.o(.text) for USART_Init
    usart.o(.text) refers to misc.o(.text) for NVIC_Init
[...]
    cst                                      0x08011ee4   Data          22  ff.o(.constdata)
    .constdata                               0x08011efc   Section      112  exfuns.o(.constdata)
    .constdata                               0x08011f6c   Section    175304  cc936.o(.constdata)
    uni2oem                                  0x08011f6c   Data       87172  cc936.o(.constdata)
    oem2uni                                  0x080273f0   Data       87172  cc936.o(.constdata)
    tbl_lower                                0x0803c874   Data         480  cc936.o(.constdata)
    tbl_upper                                0x0803ca54   Data         480  cc936.o(.constdata)
    .conststring                             0x0803cc34   Section       40  usmart.o(.conststring)
    .conststring                             0x0803cc5c   Section      697  usmart_config.o(.conststring)
    .conststring                             0x0803cf18   Section       68  exfuns.o(.conststring)
    .ARM.__AT_0x10000000                     0x10000000   Section    61440  malloc.o(.ARM.__AT_0x10000000)
    .ARM.__AT_0x1000F000                     0x1000f000   Section     3840  malloc.o(.ARM.__AT_0x1000F000)
    .data                                    0x20000000   Section       36  main.o(.data)
    .data                                    0x20000024   Section       20  system_stm32f4xx.o(.data)
    .data                                    0x20000038   Section        4  lcd.o(.data)
    .data                                    0x2000003c   Section        1  key.o(.data)
    key_up                                   0x2000003c   Data           1  key.o(.data)
    .data                                    0x2000003e   Section        2  w25qxx.o(.data)
    .data                                    0x20000040   Section       16  sdio_sdcard.o(.data)
    CardType                                 0x20000040   Data           1  sdio_sdcard.o(.data)
    RCA                                      0x20000044   Data           4  sdio_sdcard.o(.data)
    DeviceMode                               0x20000048   Data           1  sdio_sdcard.o(.data)
    StopCondition                            0x20000049   Data           1  sdio_sdcard.o(.data)
    .data                                    0x20000050   Section        2  rs485.o(.data)
    .data                                    0x20000052   Section        4  delay.o(.data)
    fac_us                                   0x20000052   Data           1  delay.o(.data)
    fac_ms                                   0x20000054   Data           2  delay.o(.data)
    .data                                    0x20000058   Section        6  usart.o(.data)
    .data                                    0x2000005e   Section       16  stm32f4xx_rcc.o(.data)
    APBAHBPrescTable                         0x2000005e   Data          16  stm32f4xx_rcc.o(.data)
    .data                                    0x20000070   Section       36  malloc.o(.data)
    .data                                    0x20000094   Section       28  usmart.o(.data)
    .data                                    0x200000b0   Section      460  usmart_config.o(.data)
    .data                                    0x2000027c   Section        2  diskio.o(.data)
    .data                                    0x2000027e   Section        2  ff.o(.data)
    Fsid                                     0x2000027e   Data           2  ff.o(.data)
    .data                                    0x20000280   Section       20  exfuns.o(.data)
    .bss                                     0x20000294   Section     3552  main.o(.bss)
    .bss                                     0x20001074   Section       14  lcd.o(.bss)
    .bss                                     0x20001082   Section     4096  w25qxx.o(.bss)
    .bss                                     0x20002088   Section      704  sdio_sdcard.o(.bss)
    CSD_Tab                                  0x200020cc   Data          16  sdio_sdcard.o(.bss)
    CID_Tab                                  0x200020dc   Data          16  sdio_sdcard.o(.bss)
    .bss                                     0x20002348   Section     2000  rs485.o(.bss)
    .bss                                     0x20002b18   Section      200  usart.o(.bss)
    .bss                                     0x20002be0   Section    108800  malloc.o(.bss)
    .bss                                     0x2001d4e0   Section       12  ff.o(.bss)
    FatFs                                    0x2001d4e0   Data          12  ff.o(.bss)
    .bss                                     0x2001d4ec   Section       80  exfuns.o(.bss)
    STACK                                    0x2001d540   Section     1024  startup_stm32f40_41xxx.o(STACK)
    .ARM.__AT_0x68000000                     0x68000000   Section    983040  malloc.o(.ARM.__AT_0x68000000)
    .ARM.__AT_0x680F0000                     0x680f0000   Section    61440  malloc.o(.ARM.__AT_0x680F0000)

    Global Symbols

    Symbol Name                              Value     Ov Type        Size  Object(Section)

    BuildAttributes$$THM_ISAv4$E$P$D$K$B$S$7EM$VFPi3$EXTD16$VFPS$VFMA$PE$A:L22UL41UL21$X:L11$S22US41US21$IEEE1$IW$USESV6$~STKCKD$USESV7$~SHL$OSPACE$ROPI$EBA8$MICROLIB$REQ8$PRES8$EABIv2 0x00000000   Number         0  anon$$obj.o ABSOLUTE
    __ARM_use_no_argv                        0x00000000   Number         0  main.o ABSOLUTE
    __use_no_errno                           0x00000000   Number         0  useno.o ABSOLUTE
    __use_no_exception_handling              0x00000000   Number         0  useno.o ABSOLUTE
    __use_no_fp                              0x00000000   Number         0  useno.o ABSOLUTE
    __use_no_heap                            0x00000000   Number         0  useno.o ABSOLUTE
    __use_no_heap_region                     0x00000000   Number         0  useno.o ABSOLUTE
    __use_no_semihosting                     0x00000000   Number         0  useno.o ABSOLUTE
    __use_no_semihosting_swi                 0x00000000   Number         0  useno.o ABSOLUTE
    __use_no_signal_handling                 0x00000000   Number         0  useno.o ABSOLUTE
    _printf_a                                0x00000000   Number         0  stubs.o ABSOLUTE
    _printf_c                                0x00000000   Number         0  stubs.o ABSOLUTE
    _printf_charcount                        0x00000000   Number         0  stubs.o ABSOLUTE
    _printf_d                                0x00000000   Number         0  stubs.o ABSOLUTE
    _printf_e                                0x00000000   Number         0  stubs.o ABSOLUTE
    _printf_f                                0x00000000   Number         0  stubs.o ABSOLUTE
    _printf_flags                            0x00000000   Number         0  stubs.o ABSOLUTE
    _printf_fp_dec                           0x00000000   Number         0  stubs.o ABSOLUTE
    _printf_fp_hex                           0x00000000   Number         0  stubs.o ABSOLUTE
    _printf_g                                0x00000000   Number         0  stubs.o ABSOLUTE
    _printf_i                                0x00000000   Number         0  stubs.o ABSOLUTE
    _printf_int_dec                          0x00000000   Number         0  stubs.o ABSOLUTE
    _printf_l                                0x00000000   Number         0  stubs.o ABSOLUTE
    _printf_lc                               0x00000000   Number         0  stubs.o ABSOLUTE
    _printf_ll                               0x00000000   Number         0  stubs.o ABSOLUTE
    _printf_lld                              0x00000000   Number         0  stubs.o ABSOLUTE
    _printf_lli                              0x00000000   Number         0  stubs.o ABSOLUTE
    _printf_llo                              0x00000000   Number         0  stubs.o ABSOLUTE
    _printf_llu                              0x00000000   Number         0  stubs.o ABSOLUTE
    _printf_llx                              0x00000000   Number         0  stubs.o ABSOLUTE
    _printf_longlong_dec                     0x00000000   Number         0  stubs.o ABSOLUTE
    _printf_longlong_hex                     0x00000000   Number         0  stubs.o ABSOLUTE
    _printf_longlong_oct                     0x00000000   Number         0  stubs.o ABSOLUTE
    _printf_ls                               0x00000000   Number         0  stubs.o ABSOLUTE
    _printf_mbtowc                           0x00000000   Number         0  stubs.o ABSOLUTE
    _printf_n                                0x00000000   Number         0  stubs.o ABSOLUTE
    _printf_o                                0x00000000   Number         0  stubs.o ABSOLUTE
    _printf_p                                0x00000000   Number         0  stubs.o ABSOLUTE
    _printf_percent                          0x00000000   Number         0  stubs.o ABSOLUTE
    _printf_pre_padding                      0x00000000   Number         0  stubs.o ABSOLUTE
    _printf_return_value                     0x00000000   Number         0  stubs.o ABSOLUTE
    _printf_s                                0x00000000   Number         0  stubs.o ABSOLUTE
    _printf_sizespec                         0x00000000   Number         0  stubs.o ABSOLUTE
    _printf_str                              0x00000000   Number         0  stubs.o ABSOLUTE
    _printf_truncate_signed                  0x00000000   Number         0  stubs.o ABSOLUTE
    _printf_truncate_unsigned                0x00000000   Number         0  stubs.o ABSOLUTE
    _printf_u                                0x00000000   Number         0  stubs.o ABSOLUTE
    _printf_wc                               0x00000000   Number         0  stubs.o ABSOLUTE
    _printf_wctomb                           0x00000000   Number         0  stubs.o ABSOLUTE
    _printf_widthprec                        0x00000000   Number         0  stubs.o ABSOLUTE
    _printf_x                                0x00000000   Number         0  stubs.o ABSOLUTE
    __cpp_initialize__aeabi_                  - Undefined Weak Reference
    __cxa_finalize                            - Undefined Weak Reference
    _clock_init                               - Undefined Weak Reference
    _microlib_exit                            - Undefined Weak Reference
    __Vectors_Size                           0x00000188   Number         0  startup_stm32f40_41xxx.o ABSOLUTE
    __Vectors                                0x08000000   Data           4  startup_stm32f40_41xxx.o(RESET)
    __Vectors_End                            0x08000188   Data           0  startup_stm32f40_41xxx.o(RESET)
    __main                                   0x08000189   Thumb Code     0  entry.o(.ARM.Collect$$$$00000000)
    _main_stk                                0x08000189   Thumb Code     0  entry2.o(.ARM.Collect$$$$00000001)
    _main_scatterload                        0x0800018d   Thumb Code     0  entry5.o(.ARM.Collect$$$$00000004)
    __main_after_scatterload                 0x08000191   Thumb Code     0  entry5.o(.ARM.Collect$$$$00000004)
    _main_clock                              0x08000191   Thumb Code     0  entry7b.o(.ARM.Collect$$$$00000008)
    _main_cpp_init                           0x08000191   Thumb Code     0  entry8b.o(.ARM.Collect$$$$0000000A)
    _main_init                               0x08000191   Thumb Code     0  entry9a.o(.ARM.Collect$$$$0000000B)
    __rt_final_cpp                           0x08000199   Thumb Code     0  entry10a.o(.ARM.Collect$$$$0000000D)
    __rt_final_exit                          0x08000199   Thumb Code     0  entry11a.o(.ARM.Collect$$$$0000000F)
    WFI_SET                                  0x0800019d   Thumb Code     2  sys.o(.emb_text)
    INTX_DISABLE                             0x0800019f   Thumb Code     4  sys.o(.emb_text)
    INTX_ENABLE                              0x080001a3   Thumb Code     4  sys.o(.emb_text)
    MSR_MSP                                  0x080001a7   Thumb Code     6  sys.o(.emb_text)
    PutData2TXT                              0x080001ad   Thumb Code    62  main.o(.text)
    main                                     0x080001eb   Thumb Code  1790  main.o(.text)
    PutTXTdata2Uart                          0x080008e9   Thumb Code   110  main.o(.text)
    PutTXTdata2TFCardTest                    0x08000957   Thumb Code   144  main.o(.text)
    NMI_Handler                              0x08000af1   Thumb Code     2  stm32f4xx_it.o(.text)
    HardFault_Handler                        0x08000af3   Thumb Code     4  stm32f4xx_it.o(.text)
    MemManage_Handler                        0x08000af7   Thumb Code     4  stm32f4xx_it.o(.text)
    BusFault_Handler                         0x08000afb   Thumb Code     4  stm32f4xx_it.o(.text)
    UsageFault_Handler                       0x08000aff   Thumb Code     4  stm32f4xx_it.o(.text)
    SVC_Handler                              0x08000b03   Thumb Code     2  stm32f4xx_it.o(.text)
    DebugMon_Handler                         0x08000b05   Thumb Code     2  stm32f4xx_it.o(.text)
    PendSV_Handler                           0x08000b07   Thumb Code     2  stm32f4xx_it.o(.text)
    SysTick_Handler                          0x08000b09   Thumb Code     2  stm32f4xx_it.o(.text)
    SystemInit                               0x08000be9   Thumb Code    88  system_stm32f4xx.o(.text)
    SystemCoreClockUpdate                    0x08000c41   Thumb Code   174  system_stm32f4xx.o(.text)
    itoa                                     0x08000d1d   Thumb Code   150  meteorological.o(.text)
    CheckCommunication                       0x08000db3   Thumb Code    66  meteorological.o(.text)
    StartMea                                 0x08000df5   Thumb Code    18  meteorological.o(.text)
    StopMea                                  0x08000e07   Thumb Code    66  meteorological.o(.text)
    ReadMeteorVal                            0x08000e49   Thumb Code    22  meteorological.o(.text)
    LED_Init                                 0x08000ea9   Thumb Code    60  led.o(.text)
    LCD_WR_REG                               0x08000ee9   Thumb Code    18  lcd.o(.text)
    LCD_WR_DATA                              0x08000efb   Thumb Code    20  lcd.o(.text)
    LCD_RD_DATA                              0x08000f0f   Thumb Code    16  lcd.o(.text)
    LCD_WriteReg                             0x08000f1f   Thumb Code    14  lcd.o(.text)
    LCD_ReadReg                              0x08000f2d   Thumb Code    22  lcd.o(.text)
    LCD_WriteRAM_Prepare                     0x08000f43   Thumb Code    10  lcd.o(.text)
    LCD_WriteRAM                             0x08000f4d   Thumb Code     8  lcd.o(.text)
    LCD_BGR2RGB                              0x08000f55   Thumb Code    26  lcd.o(.text)
    opt_delay                                0x08000f6f   Thumb Code    14  lcd.o(.text)
    LCD_SetCursor                            0x08000f7d   Thumb Code   418  lcd.o(.text)
    LCD_ReadPoint                            0x0800111f   Thumb Code   360  lcd.o(.text)
    LCD_DisplayOn                            0x08001287   Thumb Code   102  lcd.o(.text)
    LCD_DisplayOff                           0x080012ed   Thumb Code    90  lcd.o(.text)
    LCD_Scan_Dir                             0x08001347   Thumb Code   744  lcd.o(.text)
    LCD_DrawPoint                            0x0800162f   Thumb Code    28  lcd.o(.text)
    LCD_Fast_DrawPoint                       0x0800164b   Thumb Code   388  lcd.o(.text)
    LCD_SSD_BackLightSet                     0x080017cf   Thumb Code    88  lcd.o(.text)
    LCD_Display_Dir                          0x08001827   Thumb Code   444  lcd.o(.text)
    LCD_Set_Window                           0x080019e3   Thumb Code   546  lcd.o(.text)
    LCD_Clear                                0x08001c05   Thumb Code   100  lcd.o(.text)
    LCD_Init                                 0x08001c69   Thumb Code 14696  lcd.o(.text)
    LCD_Fill                                 0x080055d1   Thumb Code   180  lcd.o(.text)
    LCD_Color_Fill                           0x08005685   Thumb Code   100  lcd.o(.text)
    LCD_DrawLine                             0x080056e9   Thumb Code   176  lcd.o(.text)
    LCD_DrawRectangle                        0x08005799   Thumb Code    60  lcd.o(.text)
    LCD_Draw_Circle                          0x080057d5   Thumb Code   152  lcd.o(.text)
    LCD_ShowChar                             0x0800586d   Thumb Code   272  lcd.o(.text)
    LCD_Pow                                  0x0800597d   Thumb Code    22  lcd.o(.text)
    LCD_ShowNum                              0x08005993   Thumb Code   148  lcd.o(.text)
    LCD_ShowxNum                             0x08005a27   Thumb Code   220  lcd.o(.text)
    LCD_ShowString                           0x08005b03   Thumb Code   102  lcd.o(.text)
    KEY_Init                                 0x08005b69   Thumb Code    60  key.o(.text)
    KEY_Scan                                 0x08005ba5   Thumb Code   188  key.o(.text)
    SPI1_ReadWriteByte                       0x08005c6d   Thumb Code    50  spi.o(.text)
    SPI1_Init                                0x08005c9f   Thumb Code   186  spi.o(.text)
    SPI1_SetSpeed                            0x08005d59   Thumb Code    36  spi.o(.text)
    W25QXX_ReadID                            0x08005d85   Thumb Code    64  w25qxx.o(.text)
    W25QXX_Init                              0x08005dc5   Thumb Code   102  w25qxx.o(.text)
    W25QXX_ReadSR                            0x08005e2b   Thumb Code    36  w25qxx.o(.text)
    W25QXX_Write_SR                          0x08005e4f   Thumb Code    32  w25qxx.o(.text)
    W25QXX_Write_Enable                      0x08005e6f   Thumb Code    24  w25qxx.o(.text)
    W25QXX_Write_Disable                     0x08005e87   Thumb Code    24  w25qxx.o(.text)
    W25QXX_Read                              0x08005e9f   Thumb Code    74  w25qxx.o(.text)
    W25QXX_Wait_Busy                         0x08005ee9   Thumb Code    18  w25qxx.o(.text)
    W25QXX_Write_Page                        0x08005efb   Thumb Code    80  w25qxx.o(.text)
    W25QXX_Write_NoCheck                     0x08005f4b   Thumb Code    70  w25qxx.o(.text)
    W25QXX_Erase_Sector                      0x08005f91   Thumb Code    62  w25qxx.o(.text)
    W25QXX_Write                             0x08005fcf   Thumb Code   180  w25qxx.o(.text)
    W25QXX_Erase_Chip                        0x08006083   Thumb Code    36  w25qxx.o(.text)
    W25QXX_PowerDown                         0x080060a7   Thumb Code    30  w25qxx.o(.text)
    W25QXX_WAKEUP                            0x080060c5   Thumb Code    30  w25qxx.o(.text)
    SDIO_Register_Deinit                     0x080060fd   Thumb Code    48  sdio_sdcard.o(.text)
    SD_SetDeviceMode                         0x0800612d   Thumb Code    20  sdio_sdcard.o(.text)
    SDIO_Clock_Set                           0x08006141   Thumb Code    18  sdio_sdcard.o(.text)
    CmdResp1Error                            0x08006153   Thumb Code    96  sdio_sdcard.o(.text)
    FindSCR                                  0x080061b3   Thumb Code   390  sdio_sdcard.o(.text)
    SDEnWideBus                              0x08006339   Thumb Code   160  sdio_sdcard.o(.text)
    SD_EnableWideBusOperation                0x080063d9   Thumb Code    98  sdio_sdcard.o(.text)
    SD_SelectDeselect                        0x0800643b   Thumb Code    42  sdio_sdcard.o(.text)
    SD_GetCardInfo                           0x08006465   Thumb Code   806  sdio_sdcard.o(.text)
    CmdResp2Error                            0x0800678b   Thumb Code    80  sdio_sdcard.o(.text)
    CmdResp6Error                            0x080067db   Thumb Code   144  sdio_sdcard.o(.text)
    SD_InitializeCards                       0x0800686b   Thumb Code   354  sdio_sdcard.o(.text)
    CmdResp3Error                            0x080069cd   Thumb Code    52  sdio_sdcard.o(.text)
    CmdResp7Error                            0x08006a01   Thumb Code    72  sdio_sdcard.o(.text)
    CmdError                                 0x08006a49   Thumb Code    48  sdio_sdcard.o(.text)
    SD_PowerON                               0x08006a79   Thumb Code   460  sdio_sdcard.o(.text)
    SD_Init                                  0x08006c45   Thumb Code   334  sdio_sdcard.o(.text)
    SD_PowerOFF                              0x08006d93   Thumb Code    12  sdio_sdcard.o(.text)
    SD_DMA_Config                            0x08006d9f   Thumb Code   118  sdio_sdcard.o(.text)
    convert_from_bytes_to_power_of_two       0x08006e15   Thumb Code    18  sdio_sdcard.o(.text)
    SD_ReadBlock                             0x08006e27   Thumb Code   578  sdio_sdcard.o(.text)
    SD_ReadMultiBlocks                       0x08007069   Thumb Code   762  sdio_sdcard.o(.text)
    IsCardProgramming                        0x08007363   Thumb Code   150  sdio_sdcard.o(.text)
    SD_WriteBlock                            0x080073f9   Thumb Code   914  sdio_sdcard.o(.text)
    SD_WriteMultiBlocks                      0x0800778b   Thumb Code   976  sdio_sdcard.o(.text)
    SD_ProcessIRQSrc                         0x08007b5b   Thumb Code   322  sdio_sdcard.o(.text)
    SDIO_IRQHandler                          0x08007c9d   Thumb Code     8  sdio_sdcard.o(.text)
    SD_SendStatus                            0x08007ca5   Thumb Code    74  sdio_sdcard.o(.text)
    SD_GetState                              0x08007cef   Thumb Code    26  sdio_sdcard.o(.text)
    SD_ReadDisk                              0x08007d09   Thumb Code   188  sdio_sdcard.o(.text)
    SD_WriteDisk                             0x08007dc5   Thumb Code   148  sdio_sdcard.o(.text)
    USART2_IRQHandler                        0x08007e5d   Thumb Code    52  rs485.o(.text)
    RS485_Init                               0x08007e91   Thumb Code   216  rs485.o(.text)
    RS485_Send_Data                          0x08007f69   Thumb Code    80  rs485.o(.text)
    RS485_Receive_Data                       0x08007fb9   Thumb Code    56  rs485.o(.text)
    delay_init                               0x08008009   Thumb Code    52  delay.o(.text)
    delay_us                                 0x0800803d   Thumb Code    72  delay.o(.text)
    delay_xms                                0x08008085   Thumb Code    72  delay.o(.text)
    delay_ms                                 0x080080cd   Thumb Code    56  delay.o(.text)
    _sys_exit                                0x0800810d   Thumb Code     4  usart.o(.text)
    fputc                                    0x08008111   Thumb Code    22  usart.o(.text)
    uart_init                                0x08008127   Thumb Code   164  usart.o(.text)
    USART1_IRQHandler                        0x080081cb   Thumb Code   122  usart.o(.text)
    Reset_Handler                            0x08008255   Thumb Code     8  startup_stm32f40_41xxx.o(.text)
    ADC_IRQHandler                           0x0800826f   Thumb Code     0  startup_stm32f40_41xxx.o(.text)
    CAN1_RX0_IRQHandler                      0x0800826f   Thumb Code     0  startup_stm32f40_41xxx.o(.text)
    CAN1_RX1_IRQHandler                      0x0800826f   Thumb Code     0  startup_stm32f40_41xxx.o(.text)
    CAN1_SCE_IRQHandler                      0x0800826f   Thumb Code     0  startup_stm32f40_41xxx.o(.text)
    CAN1_TX_IRQHandler                       0x0800826f   Thumb Code     0  startup_stm32f40_41xxx.o(.text)
    CAN2_RX0_IRQHandler                      0x0800826f   Thumb Code     0  startup_stm32f40_41xxx.o(.text)
    CAN2_RX1_IRQHandler                      0x0800826f   Thumb Code     0  startup_stm32f40_41xxx.o(.text)
    CAN2_SCE_IRQHandler                      0x0800826f   Thumb Code     0  startup_stm32f40_41xxx.o(.text)
    CAN2_TX_IRQHandler                       0x0800826f   Thumb Code     0  startup_stm32f40_41xxx.o(.text)
    CRYP_IRQHandler                          0x0800826f   Thumb Code     0  startup_stm32f40_41xxx.o(.text)
    DCMI_IRQHandler                          0x0800826f   Thumb Code     0  startup_stm32f40_41xxx.o(.text)
    DMA1_Stream0_IRQHandler                  0x0800826f   Thumb Code     0  startup_stm32f40_41xxx.o(.text)
    DMA1_Stream1_IRQHandler                  0x0800826f   Thumb Code     0  startup_stm32f40_41xxx.o(.text)
    DMA1_Stream2_IRQHandler                  0x0800826f   Thumb Code     0  startup_stm32f40_41xxx.o(.text)
    DMA1_Stream3_IRQHandler                  0x0800826f   Thumb Code     0  startup_stm32f40_41xxx.o(.text)
    DMA1_Stream4_IRQHandler                  0x0800826f   Thumb Code     0  startup_stm32f40_41xxx.o(.text)
    DMA1_Stream5_IRQHandler                  0x0800826f   Thumb Code     0  startup_stm32f40_41xxx.o(.text)
    DMA1_Stream6_IRQHandler                  0x0800826f   Thumb Code     0  startup_stm32f40_41xxx.o(.text)
    DMA1_Stream7_IRQHandler                  0x0800826f   Thumb Code     0  startup_stm32f40_41xxx.o(.text)
    DMA2_Stream0_IRQHandler                  0x0800826f   Thumb Code     0  startup_stm32f40_41xxx.o(.text)
    DMA2_Stream1_IRQHandler                  0x0800826f   Thumb Code     0  startup_stm32f40_41xxx.o(.text)
    DMA2_Stream2_IRQHandler                  0x0800826f   Thumb Code     0  startup_stm32f40_41xxx.o(.text)
    DMA2_Stream3_IRQHandler                  0x0800826f   Thumb Code     0  startup_stm32f40_41xxx.o(.text)
    DMA2_Stream4_IRQHandler                  0x0800826f   Thumb Code     0  startup_stm32f40_41xxx.o(.text)
    DMA2_Stream5_IRQHandler                  0x0800826f   Thumb Code     0  startup_stm32f40_41xxx.o(.text)
    DMA2_Stream6_IRQHandler                  0x0800826f   Thumb Code     0  startup_stm32f40_41xxx.o(.text)
    DMA2_Stream7_IRQHandler                  0x0800826f   Thumb Code     0  startup_stm32f40_41xxx.o(.text)
    ETH_IRQHandler                           0x0800826f   Thumb Code     0  startup_stm32f40_41xxx.o(.text)
    ETH_WKUP_IRQHandler                      0x0800826f   Thumb Code     0  startup_stm32f40_41xxx.o(.text)
    EXTI0_IRQHandler                         0x0800826f   Thumb Code     0  startup_stm32f40_41xxx.o(.text)
    EXTI15_10_IRQHandler                     0x0800826f   Thumb Code     0  startup_stm32f40_41xxx.o(.text)
    EXTI1_IRQHandler                         0x0800826f   Thumb Code     0  startup_stm32f40_41xxx.o(.text)
    EXTI2_IRQHandler                         0x0800826f   Thumb Code     0  startup_stm32f40_41xxx.o(.text)
    EXTI3_IRQHandler                         0x0800826f   Thumb Code     0  startup_stm32f40_41xxx.o(.text)
    EXTI4_IRQHandler                         0x0800826f   Thumb Code     0  startup_stm32f40_41xxx.o(.text)
    EXTI9_5_IRQHandler                       0x0800826f   Thumb Code     0  startup_stm32f40_41xxx.o(.text)
    FLASH_IRQHandler                         0x0800826f   Thumb Code     0  startup_stm32f40_41xxx.o(.text)
    FPU_IRQHandler                           0x0800826f   Thumb Code     0  startup_stm32f40_41xxx.o(.text)
    FSMC_IRQHandler                          0x0800826f   Thumb Code     0  startup_stm32f40_41xxx.o(.text)
    HASH_RNG_IRQHandler                      0x0800826f   Thumb Code     0  startup_stm32f40_41xxx.o(.text)
    I2C1_ER_IRQHandler                       0x0800826f   Thumb Code     0  startup_stm32f40_41xxx.o(.text)
    I2C1_EV_IRQHandler                       0x0800826f   Thumb Code     0  startup_stm32f40_41xxx.o(.text)
    I2C2_ER_IRQHandler                       0x0800826f   Thumb Code     0  startup_stm32f40_41xxx.o(.text)
    I2C2_EV_IRQHandler                       0x0800826f   Thumb Code     0  startup_stm32f40_41xxx.o(.text)
    I2C3_ER_IRQHandler                       0x0800826f   Thumb Code     0  startup_stm32f40_41xxx.o(.text)
    I2C3_EV_IRQHandler                       0x0800826f   Thumb Code     0  startup_stm32f40_41xxx.o(.text)
    OTG_FS_IRQHandler                        0x0800826f   Thumb Code     0  startup_stm32f40_41xxx.o(.text)
    OTG_FS_WKUP_IRQHandler                   0x0800826f   Thumb Code     0  startup_stm32f40_41xxx.o(.text)
    OTG_HS_EP1_IN_IRQHandler                 0x0800826f   Thumb Code     0  startup_stm32f40_41xxx.o(.text)
    OTG_HS_EP1_OUT_IRQHandler                0x0800826f   Thumb Code     0  startup_stm32f40_41xxx.o(.text)
    OTG_HS_IRQHandler                        0x0800826f   Thumb Code     0  startup_stm32f40_41xxx.o(.text)
    OTG_HS_WKUP_IRQHandler                   0x0800826f   Thumb Code     0  startup_stm32f40_41xxx.o(.text)
    PVD_IRQHandler                           0x0800826f   Thumb Code     0  startup_stm32f40_41xxx.o(.text)
    RCC_IRQHandler                           0x0800826f   Thumb Code     0  startup_stm32f40_41xxx.o(.text)
    RTC_Alarm_IRQHandler                     0x0800826f   Thumb Code     0  startup_stm32f40_41xxx.o(.text)
    RTC_WKUP_IRQHandler                      0x0800826f   Thumb Code     0  startup_stm32f40_41xxx.o(.text)
    SPI1_IRQHandler                          0x0800826f   Thumb Code     0  startup_stm32f40_41xxx.o(.text)
    SPI2_IRQHandler                          0x0800826f   Thumb Code     0  startup_stm32f40_41xxx.o(.text)
    SPI3_IRQHandler                          0x0800826f   Thumb Code     0  startup_stm32f40_41xxx.o(.text)
    TAMP_STAMP_IRQHandler                    0x0800826f   Thumb Code     0  startup_stm32f40_41xxx.o(.text)
    TIM1_BRK_TIM9_IRQHandler                 0x0800826f   Thumb Code     0  startup_stm32f40_41xxx.o(.text)
    TIM1_CC_IRQHandler                       0x0800826f   Thumb Code     0  startup_stm32f40_41xxx.o(.text)
    TIM1_TRG_COM_TIM11_IRQHandler            0x0800826f   Thumb Code     0  startup_stm32f40_41xxx.o(.text)
    TIM1_UP_TIM10_IRQHandler                 0x0800826f   Thumb Code     0  startup_stm32f40_41xxx.o(.text)
    TIM2_IRQHandler                          0x0800826f   Thumb Code     0  startup_stm32f40_41xxx.o(.text)
    TIM3_IRQHandler                          0x0800826f   Thumb Code     0  startup_stm32f40_41xxx.o(.text)
    TIM5_IRQHandler                          0x0800826f   Thumb Code     0  startup_stm32f40_41xxx.o(.text)
    TIM6_DAC_IRQHandler                      0x0800826f   Thumb Code     0  startup_stm32f40_41xxx.o(.text)
    TIM7_IRQHandler                          0x0800826f   Thumb Code     0  startup_stm32f40_41xxx.o(.text)
    TIM8_BRK_TIM12_IRQHandler                0x0800826f   Thumb Code     0  startup_stm32f40_41xxx.o(.text)
    TIM8_CC_IRQHandler                       0x0800826f   Thumb Code     0  startup_stm32f40_41xxx.o(.text)
    TIM8_TRG_COM_TIM14_IRQHandler            0x0800826f   Thumb Code     0  startup_stm32f40_41xxx.o(.text)
    TIM8_UP_TIM13_IRQHandler                 0x0800826f   Thumb Code     0  startup_stm32f40_41xxx.o(.text)
    UART4_IRQHandler                         0x0800826f   Thumb Code     0  startup_stm32f40_41xxx.o(.text)
    UART5_IRQHandler                         0x0800826f   Thumb Code     0  startup_stm32f40_41xxx.o(.text)
    USART3_IRQHandler                        0x0800826f   Thumb Code     0  startup_stm32f40_41xxx.o(.text)
    USART6_IRQHandler                        0x0800826f   Thumb Code     0  startup_stm32f40_41xxx.o(.text)
    WWDG_IRQHandler                          0x0800826f   Thumb Code     0  startup_stm32f40_41xxx.o(.text)
    NVIC_PriorityGroupConfig                 0x08008279   Thumb Code    10  misc.o(.text)
    NVIC_Init                                0x08008283   Thumb Code   106  misc.o(.text)
    NVIC_SetVectorTable                      0x080082ed   Thumb Code    14  misc.o(.text)
    NVIC_SystemLPConfig                      0x080082fb   Thumb Code    34  misc.o(.text)
    SysTick_CLKSourceConfig                  0x0800831d   Thumb Code    40  misc.o(.text)
    GPIO_DeInit                              0x08008359   Thumb Code   268  stm32f4xx_gpio.o(.text)
    GPIO_Init                                0x08008465   Thumb Code   144  stm32f4xx_gpio.o(.text)
    GPIO_StructInit                          0x080084f5   Thumb Code    18  stm32f4xx_gpio.o(.text)
    GPIO_PinLockConfig                       0x08008507   Thumb Code    34  stm32f4xx_gpio.o(.text)
    GPIO_ReadInputDataBit                    0x08008529   Thumb Code    18  stm32f4xx_gpio.o(.text)
    GPIO_ReadInputData                       0x0800853b   Thumb Code     8  stm32f4xx_gpio.o(.text)
    GPIO_ReadOutputDataBit                   0x08008543   Thumb Code    18  stm32f4xx_gpio.o(.text)
    GPIO_ReadOutputData                      0x08008555   Thumb Code     8  stm32f4xx_gpio.o(.text)
    GPIO_SetBits                             0x0800855d   Thumb Code     4  stm32f4xx_gpio.o(.text)
    GPIO_ResetBits                           0x08008561   Thumb Code     4  stm32f4xx_gpio.o(.text)
    GPIO_WriteBit                            0x08008565   Thumb Code    10  stm32f4xx_gpio.o(.text)
    GPIO_Write                               0x0800856f   Thumb Code     4  stm32f4xx_gpio.o(.text)
    GPIO_ToggleBits                          0x08008573   Thumb Code     8  stm32f4xx_gpio.o(.text)
    GPIO_PinAFConfig                         0x0800857b   Thumb Code    70  stm32f4xx_gpio.o(.text)
    FSMC_NORSRAMDeInit                       0x080085ed   Thumb Code    54  stm32f4xx_fsmc.o(.text)
    FSMC_NORSRAMInit                         0x08008623   Thumb Code   230  stm32f4xx_fsmc.o(.text)
    FSMC_NORSRAMStructInit                   0x08008709   Thumb Code    48  stm32f4xx_fsmc.o(.text)
    FSMC_NORSRAMCmd                          0x08008739   Thumb Code    46  stm32f4xx_fsmc.o(.text)
    FSMC_NANDDeInit                          0x08008767   Thumb Code    62  stm32f4xx_fsmc.o(.text)
    FSMC_NANDInit                            0x080087a5   Thumb Code   132  stm32f4xx_fsmc.o(.text)
    FSMC_NANDStructInit                      0x08008829   Thumb Code    54  stm32f4xx_fsmc.o(.text)
    FSMC_NANDCmd                             0x0800885f   Thumb Code    86  stm32f4xx_fsmc.o(.text)
    FSMC_NANDECCCmd                          0x080088b5   Thumb Code    86  stm32f4xx_fsmc.o(.text)
    FSMC_GetECC                              0x0800890b   Thumb Code    24  stm32f4xx_fsmc.o(.text)
    FSMC_PCCARDDeInit                        0x08008923   Thumb Code    36  stm32f4xx_fsmc.o(.text)
    FSMC_PCCARDInit                          0x08008947   Thumb Code   130  stm32f4xx_fsmc.o(.text)
    FSMC_PCCARDStructInit                    0x080089c9   Thumb Code    60  stm32f4xx_fsmc.o(.text)
    FSMC_PCCARDCmd                           0x08008a05   Thumb Code    44  stm32f4xx_fsmc.o(.text)
    FSMC_ITConfig                            0x08008a31   Thumb Code   128  stm32f4xx_fsmc.o(.text)
    FSMC_GetFlagStatus                       0x08008ab1   Thumb Code    54  stm32f4xx_fsmc.o(.text)
    FSMC_ClearFlag                           0x08008ae7   Thumb Code    74  stm32f4xx_fsmc.o(.text)
    FSMC_GetITStatus                         0x08008b31   Thumb Code    62  stm32f4xx_fsmc.o(.text)
    FSMC_ClearITPendingBit                   0x08008b6f   Thumb Code    66  stm32f4xx_fsmc.o(.text)
    SDIO_DeInit                              0x08008bb5   Thumb Code    22  stm32f4xx_sdio.o(.text)
    SDIO_Init                                0x08008bcb   Thumb Code    42  stm32f4xx_sdio.o(.text)
    SDIO_StructInit                          0x08008bf5   Thumb Code    16  stm32f4xx_sdio.o(.text)
    SDIO_ClockCmd                            0x08008c05   Thumb Code     6  stm32f4xx_sdio.o(.text)
    SDIO_SetPowerState                       0x08008c0b   Thumb Code     8  stm32f4xx_sdio.o(.text)
    SDIO_GetPowerState                       0x08008c13   Thumb Code    12  stm32f4xx_sdio.o(.text)
    SDIO_SendCommand                         0x08008c1f   Thumb Code    42  stm32f4xx_sdio.o(.text)
    SDIO_CmdStructInit                       0x08008c49   Thumb Code    14  stm32f4xx_sdio.o(.text)
    SDIO_GetCommandResponse                  0x08008c57   Thumb Code    10  stm32f4xx_sdio.o(.text)
    SDIO_GetResponse                         0x08008c61   Thumb Code    22  stm32f4xx_sdio.o(.text)
    SDIO_DataConfig                          0x08008c77   Thumb Code    48  stm32f4xx_sdio.o(.text)
    SDIO_DataStructInit                      0x08008ca7   Thumb Code    20  stm32f4xx_sdio.o(.text)
    SDIO_GetDataCounter                      0x08008cbb   Thumb Code     8  stm32f4xx_sdio.o(.text)
    SDIO_ReadData                            0x08008cc3   Thumb Code     8  stm32f4xx_sdio.o(.text)
    SDIO_WriteData                           0x08008ccb   Thumb Code     8  stm32f4xx_sdio.o(.text)
    SDIO_GetFIFOCount                        0x08008cd3   Thumb Code     8  stm32f4xx_sdio.o(.text)
    SDIO_StartSDIOReadWait                   0x08008cdb   Thumb Code     6  stm32f4xx_sdio.o(.text)
    SDIO_StopSDIOReadWait                    0x08008ce1   Thumb Code     8  stm32f4xx_sdio.o(.text)
    SDIO_SetSDIOReadWaitMode                 0x08008ce9   Thumb Code     8  stm32f4xx_sdio.o(.text)
    SDIO_SetSDIOOperation                    0x08008cf1   Thumb Code     8  stm32f4xx_sdio.o(.text)
    SDIO_SendSDIOSuspendCmd                  0x08008cf9   Thumb Code     6  stm32f4xx_sdio.o(.text)
    SDIO_CommandCompletionCmd                0x08008cff   Thumb Code     8  stm32f4xx_sdio.o(.text)
    SDIO_CEATAITCmd                          0x08008d07   Thumb Code    12  stm32f4xx_sdio.o(.text)
    SDIO_SendCEATACmd                        0x08008d13   Thumb Code     8  stm32f4xx_sdio.o(.text)
    SDIO_DMACmd                              0x08008d1b   Thumb Code     8  stm32f4xx_sdio.o(.text)
    SDIO_ITConfig                            0x08008d23   Thumb Code    34  stm32f4xx_sdio.o(.text)
    SDIO_GetFlagStatus                       0x08008d45   Thumb Code    22  stm32f4xx_sdio.o(.text)
    SDIO_ClearFlag                           0x08008d5b   Thumb Code     8  stm32f4xx_sdio.o(.text)
    SDIO_GetITStatus                         0x08008d63   Thumb Code    22  stm32f4xx_sdio.o(.text)
    SDIO_ClearITPendingBit                   0x08008d79   Thumb Code     8  stm32f4xx_sdio.o(.text)
    RCC_DeInit                               0x08008d91   Thumb Code    82  stm32f4xx_rcc.o(.text)
    RCC_HSEConfig                            0x08008de3   Thumb Code    14  stm32f4xx_rcc.o(.text)
    RCC_GetFlagStatus                        0x08008df1   Thumb Code    60  stm32f4xx_rcc.o(.text)
    RCC_WaitForHSEStartUp                    0x08008e2d   Thumb Code    56  stm32f4xx_rcc.o(.text)
    RCC_AdjustHSICalibrationValue            0x08008e65   Thumb Code    20  stm32f4xx_rcc.o(.text)
    RCC_HSICmd                               0x08008e79   Thumb Code     6  stm32f4xx_rcc.o(.text)
    RCC_LSEConfig                            0x08008e7f   Thumb Code    46  stm32f4xx_rcc.o(.text)
    RCC_LSICmd                               0x08008ead   Thumb Code     6  stm32f4xx_rcc.o(.text)
    RCC_PLLConfig                            0x08008eb3   Thumb Code    32  stm32f4xx_rcc.o(.text)
    RCC_PLLCmd                               0x08008ed3   Thumb Code     6  stm32f4xx_rcc.o(.text)
    RCC_PLLI2SConfig                         0x08008ed9   Thumb Code    14  stm32f4xx_rcc.o(.text)
    RCC_PLLI2SCmd                            0x08008ee7   Thumb Code     6  stm32f4xx_rcc.o(.text)
    RCC_PLLSAIConfig                         0x08008eed   Thumb Code    20  stm32f4xx_rcc.o(.text)
    RCC_PLLSAICmd                            0x08008f01   Thumb Code     6  stm32f4xx_rcc.o(.text)
    RCC_ClockSecuritySystemCmd               0x08008f07   Thumb Code     6  stm32f4xx_rcc.o(.text)
    RCC_MCO1Config                           0x08008f0d   Thumb Code    28  stm32f4xx_rcc.o(.text)
    RCC_MCO2Config                           0x08008f29   Thumb Code    28  stm32f4xx_rcc.o(.text)
    RCC_SYSCLKConfig                         0x08008f45   Thumb Code    20  stm32f4xx_rcc.o(.text)
    RCC_GetSYSCLKSource                      0x08008f59   Thumb Code    12  stm32f4xx_rcc.o(.text)
    RCC_HCLKConfig                           0x08008f65   Thumb Code    20  stm32f4xx_rcc.o(.text)
    RCC_PCLK1Config                          0x08008f79   Thumb Code    20  stm32f4xx_rcc.o(.text)
    RCC_PCLK2Config                          0x08008f8d   Thumb Code    22  stm32f4xx_rcc.o(.text)
    RCC_GetClocksFreq                        0x08008fa3   Thumb Code   222  stm32f4xx_rcc.o(.text)
    RCC_RTCCLKConfig                         0x08009081   Thumb Code    54  stm32f4xx_rcc.o(.text)
    RCC_RTCCLKCmd                            0x080090b7   Thumb Code     8  stm32f4xx_rcc.o(.text)
    RCC_BackupResetCmd                       0x080090bf   Thumb Code     8  stm32f4xx_rcc.o(.text)
    RCC_I2SCLKConfig                         0x080090c7   Thumb Code     6  stm32f4xx_rcc.o(.text)
    RCC_SAIPLLI2SClkDivConfig                0x080090cd   Thumb Code    26  stm32f4xx_rcc.o(.text)
    RCC_SAIPLLSAIClkDivConfig                0x080090e7   Thumb Code    28  stm32f4xx_rcc.o(.text)
    RCC_SAIBlockACLKConfig                   0x08009103   Thumb Code    20  stm32f4xx_rcc.o(.text)
    RCC_SAIBlockBCLKConfig                   0x08009117   Thumb Code    20  stm32f4xx_rcc.o(.text)
    RCC_LTDCCLKDivConfig                     0x0800912b   Thumb Code    20  stm32f4xx_rcc.o(.text)
    RCC_TIMCLKPresConfig                     0x0800913f   Thumb Code     6  stm32f4xx_rcc.o(.text)
    RCC_AHB1PeriphClockCmd                   0x08009145   Thumb Code    34  stm32f4xx_rcc.o(.text)
    RCC_AHB2PeriphClockCmd                   0x08009167   Thumb Code    78  stm32f4xx_rcc.o(.text)
    RCC_AHB3PeriphClockCmd                   0x080091b5   Thumb Code    34  stm32f4xx_rcc.o(.text)
    RCC_APB1PeriphClockCmd                   0x080091d7   Thumb Code    34  stm32f4xx_rcc.o(.text)
    RCC_APB2PeriphClockCmd                   0x080091f9   Thumb Code    34  stm32f4xx_rcc.o(.text)
    RCC_AHB1PeriphResetCmd                   0x0800921b   Thumb Code    34  stm32f4xx_rcc.o(.text)
    RCC_AHB2PeriphResetCmd                   0x0800923d   Thumb Code    34  stm32f4xx_rcc.o(.text)
    RCC_AHB3PeriphResetCmd                   0x0800925f   Thumb Code    34  stm32f4xx_rcc.o(.text)
    RCC_APB1PeriphResetCmd                   0x08009281   Thumb Code    34  stm32f4xx_rcc.o(.text)
    RCC_APB2PeriphResetCmd                   0x080092a3   Thumb Code    34  stm32f4xx_rcc.o(.text)
    RCC_AHB1PeriphClockLPModeCmd             0x080092c5   Thumb Code    34  stm32f4xx_rcc.o(.text)
    RCC_AHB2PeriphClockLPModeCmd             0x080092e7   Thumb Code    34  stm32f4xx_rcc.o(.text)
    RCC_AHB3PeriphClockLPModeCmd             0x08009309   Thumb Code    34  stm32f4xx_rcc.o(.text)
    RCC_APB1PeriphClockLPModeCmd             0x0800932b   Thumb Code    34  stm32f4xx_rcc.o(.text)
    RCC_APB2PeriphClockLPModeCmd             0x0800934d   Thumb Code    34  stm32f4xx_rcc.o(.text)
    RCC_LSEModeConfig                        0x0800936f   Thumb Code    40  stm32f4xx_rcc.o(.text)
    RCC_ITConfig                             0x08009397   Thumb Code    34  stm32f4xx_rcc.o(.text)
    RCC_ClearFlag                            0x080093b9   Thumb Code    18  stm32f4xx_rcc.o(.text)
    RCC_GetITStatus                          0x080093cb   Thumb Code    22  stm32f4xx_rcc.o(.text)
    RCC_ClearITPendingBit                    0x080093e1   Thumb Code     8  stm32f4xx_rcc.o(.text)
    USART_DeInit                             0x080093ed   Thumb Code   206  stm32f4xx_usart.o(.text)
    USART_Init                               0x080094bb   Thumb Code   204  stm32f4xx_usart.o(.text)
    USART_StructInit                         0x08009587   Thumb Code    24  stm32f4xx_usart.o(.text)
    USART_ClockInit                          0x0800959f   Thumb Code    32  stm32f4xx_usart.o(.text)
    USART_ClockStructInit                    0x080095bf   Thumb Code    12  stm32f4xx_usart.o(.text)
    USART_Cmd                                0x080095cb   Thumb Code    24  stm32f4xx_usart.o(.text)
    USART_SetPrescaler                       0x080095e3   Thumb Code    16  stm32f4xx_usart.o(.text)
    USART_OverSampling8Cmd                   0x080095f3   Thumb Code    22  stm32f4xx_usart.o(.text)
    USART_OneBitMethodCmd                    0x08009609   Thumb Code    24  stm32f4xx_usart.o(.text)
    USART_SendData                           0x08009621   Thumb Code     8  stm32f4xx_usart.o(.text)
    USART_ReceiveData                        0x08009629   Thumb Code    10  stm32f4xx_usart.o(.text)
    USART_SetAddress                         0x08009633   Thumb Code    18  stm32f4xx_usart.o(.text)
    USART_ReceiverWakeUpCmd                  0x08009645   Thumb Code    24  stm32f4xx_usart.o(.text)
    USART_WakeUpConfig                       0x0800965d   Thumb Code    18  stm32f4xx_usart.o(.text)
    USART_LINBreakDetectLengthConfig         0x0800966f   Thumb Code    18  stm32f4xx_usart.o(.text)
    USART_LINCmd                             0x08009681   Thumb Code    24  stm32f4xx_usart.o(.text)
    USART_SendBreak                          0x08009699   Thumb Code    10  stm32f4xx_usart.o(.text)
    USART_HalfDuplexCmd                      0x080096a3   Thumb Code    24  stm32f4xx_usart.o(.text)
    USART_SetGuardTime                       0x080096bb   Thumb Code    16  stm32f4xx_usart.o(.text)
    USART_SmartCardCmd                       0x080096cb   Thumb Code    24  stm32f4xx_usart.o(.text)
    USART_SmartCardNACKCmd                   0x080096e3   Thumb Code    24  stm32f4xx_usart.o(.text)
    USART_IrDAConfig                         0x080096fb   Thumb Code    18  stm32f4xx_usart.o(.text)
    USART_IrDACmd                            0x0800970d   Thumb Code    24  stm32f4xx_usart.o(.text)
    USART_DMACmd                             0x08009725   Thumb Code    18  stm32f4xx_usart.o(.text)
    USART_ITConfig                           0x08009737   Thumb Code    74  stm32f4xx_usart.o(.text)
    USART_GetFlagStatus                      0x08009781   Thumb Code    26  stm32f4xx_usart.o(.text)
    USART_ClearFlag                          0x0800979b   Thumb Code    18  stm32f4xx_usart.o(.text)
    USART_GetITStatus                        0x080097ad   Thumb Code   118  stm32f4xx_usart.o(.text)
    USART_ClearITPendingBit                  0x08009823   Thumb Code    30  stm32f4xx_usart.o(.text)
    DMA_DeInit                               0x08009841   Thumb Code   324  stm32f4xx_dma.o(.text)
    DMA_Init                                 0x08009985   Thumb Code    82  stm32f4xx_dma.o(.text)
    DMA_StructInit                           0x080099d7   Thumb Code    34  stm32f4xx_dma.o(.text)
    DMA_Cmd                                  0x080099f9   Thumb Code    22  stm32f4xx_dma.o(.text)
    DMA_PeriphIncOffsetSizeConfig            0x08009a0f   Thumb Code    22  stm32f4xx_dma.o(.text)
    DMA_FlowControllerConfig                 0x08009a25   Thumb Code    22  stm32f4xx_dma.o(.text)
    DMA_SetCurrDataCounter                   0x08009a3b   Thumb Code     4  stm32f4xx_dma.o(.text)
    DMA_GetCurrDataCounter                   0x08009a3f   Thumb Code     8  stm32f4xx_dma.o(.text)
    DMA_DoubleBufferModeConfig               0x08009a47   Thumb Code    24  stm32f4xx_dma.o(.text)
    DMA_DoubleBufferModeCmd                  0x08009a5f   Thumb Code    22  stm32f4xx_dma.o(.text)
    DMA_MemoryTargetConfig                   0x08009a75   Thumb Code    10  stm32f4xx_dma.o(.text)
    DMA_GetCurrentMemoryTarget               0x08009a7f   Thumb Code    20  stm32f4xx_dma.o(.text)
    DMA_GetCmdStatus                         0x08009a93   Thumb Code    20  stm32f4xx_dma.o(.text)
    DMA_GetFIFOStatus                        0x08009aa7   Thumb Code    12  stm32f4xx_dma.o(.text)
    DMA_GetFlagStatus                        0x08009ab3   Thumb Code    56  stm32f4xx_dma.o(.text)
    DMA_ClearFlag                            0x08009aeb   Thumb Code    40  stm32f4xx_dma.o(.text)
    DMA_ITConfig                             0x08009b13   Thumb Code    58  stm32f4xx_dma.o(.text)
    DMA_GetITStatus                          0x08009b4d   Thumb Code    84  stm32f4xx_dma.o(.text)
    DMA_ClearITPendingBit                    0x08009ba1   Thumb Code    40  stm32f4xx_dma.o(.text)
    TIM_DeInit                               0x08009be9   Thumb Code   346  stm32f4xx_tim.o(.text)
    TIM_TimeBaseInit                         0x08009d43   Thumb Code   104  stm32f4xx_tim.o(.text)
    TIM_TimeBaseStructInit                   0x08009dab   Thumb Code    18  stm32f4xx_tim.o(.text)
    TIM_PrescalerConfig                      0x08009dbd   Thumb Code     6  stm32f4xx_tim.o(.text)
    TIM_CounterModeConfig                    0x08009dc3   Thumb Code    18  stm32f4xx_tim.o(.text)
    TIM_SetCounter                           0x08009dd5   Thumb Code     4  stm32f4xx_tim.o(.text)
    TIM_SetAutoreload                        0x08009dd9   Thumb Code     4  stm32f4xx_tim.o(.text)
    TIM_GetCounter                           0x08009ddd   Thumb Code     6  stm32f4xx_tim.o(.text)
    TIM_GetPrescaler                         0x08009de3   Thumb Code     6  stm32f4xx_tim.o(.text)
    TIM_UpdateDisableConfig                  0x08009de9   Thumb Code    24  stm32f4xx_tim.o(.text)
    TIM_UpdateRequestConfig                  0x08009e01   Thumb Code    24  stm32f4xx_tim.o(.text)
    TIM_ARRPreloadConfig                     0x08009e19   Thumb Code    24  stm32f4xx_tim.o(.text)
    TIM_SelectOnePulseMode                   0x08009e31   Thumb Code    18  stm32f4xx_tim.o(.text)
    TIM_SetClockDivision                     0x08009e43   Thumb Code    18  stm32f4xx_tim.o(.text)
    TIM_Cmd                                  0x08009e55   Thumb Code    24  stm32f4xx_tim.o(.text)
    TIM_OC1Init                              0x08009e6d   Thumb Code   114  stm32f4xx_tim.o(.text)
    TIM_OC2Init                              0x08009edf   Thumb Code   154  stm32f4xx_tim.o(.text)
    TIM_OC3Init                              0x08009f79   Thumb Code   204  stm32f4xx_tim.o(.text)
    TIM_OC4Init                              0x0800a045   Thumb Code   112  stm32f4xx_tim.o(.text)
    TIM_OCStructInit                         0x0800a0b5   Thumb Code    20  stm32f4xx_tim.o(.text)
    TIM_SelectOCxM                           0x0800a0c9   Thumb Code    86  stm32f4xx_tim.o(.text)
    TIM_SetCompare1                          0x0800a11f   Thumb Code     4  stm32f4xx_tim.o(.text)
    TIM_SetCompare2                          0x0800a123   Thumb Code     4  stm32f4xx_tim.o(.text)
    TIM_SetCompare3                          0x0800a127   Thumb Code     4  stm32f4xx_tim.o(.text)
    TIM_SetCompare4                          0x0800a12b   Thumb Code     4  stm32f4xx_tim.o(.text)
    TIM_ForcedOC1Config                      0x0800a12f   Thumb Code    18  stm32f4xx_tim.o(.text)
    TIM_ForcedOC2Config                      0x0800a141   Thumb Code    26  stm32f4xx_tim.o(.text)
    TIM_ForcedOC3Config                      0x0800a15b   Thumb Code    18  stm32f4xx_tim.o(.text)
    TIM_ForcedOC4Config                      0x0800a16d   Thumb Code    26  stm32f4xx_tim.o(.text)
    TIM_OC1PreloadConfig                     0x0800a187   Thumb Code    18  stm32f4xx_tim.o(.text)
    TIM_OC2PreloadConfig                     0x0800a199   Thumb Code    26  stm32f4xx_tim.o(.text)
    TIM_OC3PreloadConfig                     0x0800a1b3   Thumb Code    18  stm32f4xx_tim.o(.text)
    TIM_OC4PreloadConfig                     0x0800a1c5   Thumb Code    26  stm32f4xx_tim.o(.text)
    TIM_OC1FastConfig                        0x0800a1df   Thumb Code    18  stm32f4xx_tim.o(.text)
    TIM_OC2FastConfig                        0x0800a1f1   Thumb Code    26  stm32f4xx_tim.o(.text)
    TIM_OC3FastConfig                        0x0800a20b   Thumb Code    18  stm32f4xx_tim.o(.text)
    TIM_OC4FastConfig                        0x0800a21d   Thumb Code    26  stm32f4xx_tim.o(.text)
    TIM_ClearOC1Ref                          0x0800a237   Thumb Code    18  stm32f4xx_tim.o(.text)
    TIM_ClearOC2Ref                          0x0800a249   Thumb Code    24  stm32f4xx_tim.o(.text)
    TIM_ClearOC3Ref                          0x0800a261   Thumb Code    18  stm32f4xx_tim.o(.text)
    TIM_ClearOC4Ref                          0x0800a273   Thumb Code    24  stm32f4xx_tim.o(.text)
    TIM_OC1PolarityConfig                    0x0800a28b   Thumb Code    18  stm32f4xx_tim.o(.text)
    TIM_OC1NPolarityConfig                   0x0800a29d   Thumb Code    18  stm32f4xx_tim.o(.text)
    TIM_OC2PolarityConfig                    0x0800a2af   Thumb Code    26  stm32f4xx_tim.o(.text)
    TIM_OC2NPolarityConfig                   0x0800a2c9   Thumb Code    26  stm32f4xx_tim.o(.text)
    TIM_OC3PolarityConfig                    0x0800a2e3   Thumb Code    26  stm32f4xx_tim.o(.text)
    TIM_OC3NPolarityConfig                   0x0800a2fd   Thumb Code    26  stm32f4xx_tim.o(.text)
    TIM_OC4PolarityConfig                    0x0800a317   Thumb Code    26  stm32f4xx_tim.o(.text)
    TIM_CCxCmd                               0x0800a331   Thumb Code    30  stm32f4xx_tim.o(.text)
    TIM_CCxNCmd                              0x0800a34f   Thumb Code    30  stm32f4xx_tim.o(.text)
    TIM_SetIC4Prescaler                      0x0800a36d   Thumb Code    26  stm32f4xx_tim.o(.text)
    TIM_SetIC3Prescaler                      0x0800a3d7   Thumb Code    18  stm32f4xx_tim.o(.text)
    TIM_SetIC2Prescaler                      0x0800a431   Thumb Code    26  stm32f4xx_tim.o(.text)
    TIM_SetIC1Prescaler                      0x0800a4a5   Thumb Code    18  stm32f4xx_tim.o(.text)
    TIM_ICInit                               0x0800a4f1   Thumb Code   110  stm32f4xx_tim.o(.text)
    TIM_ICStructInit                         0x0800a55f   Thumb Code    18  stm32f4xx_tim.o(.text)
    TIM_PWMIConfig                           0x0800a571   Thumb Code   124  stm32f4xx_tim.o(.text)
    TIM_GetCapture1                          0x0800a5ed   Thumb Code     6  stm32f4xx_tim.o(.text)
    TIM_GetCapture2                          0x0800a5f3   Thumb Code     6  stm32f4xx_tim.o(.text)
    TIM_GetCapture3                          0x0800a5f9   Thumb Code     6  stm32f4xx_tim.o(.text)
    TIM_GetCapture4                          0x0800a5ff   Thumb Code     6  stm32f4xx_tim.o(.text)
    TIM_BDTRConfig                           0x0800a605   Thumb Code    32  stm32f4xx_tim.o(.text)
    TIM_BDTRStructInit                       0x0800a625   Thumb Code    18  stm32f4xx_tim.o(.text)
    TIM_CtrlPWMOutputs                       0x0800a637   Thumb Code    30  stm32f4xx_tim.o(.text)
    TIM_SelectCOM                            0x0800a655   Thumb Code    24  stm32f4xx_tim.o(.text)
    TIM_CCPreloadControl                     0x0800a66d   Thumb Code    24  stm32f4xx_tim.o(.text)
    TIM_ITConfig                             0x0800a685   Thumb Code    18  stm32f4xx_tim.o(.text)
    TIM_GenerateEvent                        0x0800a697   Thumb Code     4  stm32f4xx_tim.o(.text)
    TIM_GetFlagStatus                        0x0800a69b   Thumb Code    18  stm32f4xx_tim.o(.text)
    TIM_ClearFlag                            0x0800a6ad   Thumb Code     6  stm32f4xx_tim.o(.text)
    TIM_GetITStatus                          0x0800a6b3   Thumb Code    34  stm32f4xx_tim.o(.text)
    TIM_ClearITPendingBit                    0x0800a6d5   Thumb Code     6  stm32f4xx_tim.o(.text)
    TIM_DMAConfig                            0x0800a6db   Thumb Code    10  stm32f4xx_tim.o(.text)
    TIM_DMACmd                               0x0800a6e5   Thumb Code    18  stm32f4xx_tim.o(.text)
    TIM_SelectCCDMA                          0x0800a6f7   Thumb Code    24  stm32f4xx_tim.o(.text)
    TIM_InternalClockConfig                  0x0800a70f   Thumb Code    12  stm32f4xx_tim.o(.text)
    TIM_SelectInputTrigger                   0x0800a71b   Thumb Code    18  stm32f4xx_tim.o(.text)
    TIM_ITRxExternalClockConfig              0x0800a72d   Thumb Code    24  stm32f4xx_tim.o(.text)
    TIM_TIxExternalClockConfig               0x0800a745   Thumb Code    62  stm32f4xx_tim.o(.text)
    TIM_ETRConfig                            0x0800a783   Thumb Code    28  stm32f4xx_tim.o(.text)
    TIM_ETRClockMode1Config                  0x0800a79f   Thumb Code    54  stm32f4xx_tim.o(.text)
    TIM_ETRClockMode2Config                  0x0800a7d5   Thumb Code    32  stm32f4xx_tim.o(.text)
    TIM_SelectOutputTrigger                  0x0800a7f5   Thumb Code    18  stm32f4xx_tim.o(.text)
    TIM_SelectSlaveMode                      0x0800a807   Thumb Code    18  stm32f4xx_tim.o(.text)
    TIM_SelectMasterSlaveMode                0x0800a819   Thumb Code    18  stm32f4xx_tim.o(.text)
    TIM_EncoderInterfaceConfig               0x0800a82b   Thumb Code    66  stm32f4xx_tim.o(.text)
    TIM_SelectHallSensor                     0x0800a86d   Thumb Code    24  stm32f4xx_tim.o(.text)
    TIM_RemapConfig                          0x0800a885   Thumb Code     6  stm32f4xx_tim.o(.text)
    SPI_I2S_DeInit                           0x0800a88d   Thumb Code   152  stm32f4xx_spi.o(.text)
    SPI_Init                                 0x0800a925   Thumb Code    60  stm32f4xx_spi.o(.text)
    I2S_Init                                 0x0800a961   Thumb Code   396  stm32f4xx_spi.o(.text)
    SPI_StructInit                           0x0800aaed   Thumb Code    24  stm32f4xx_spi.o(.text)
    I2S_StructInit                           0x0800ab05   Thumb Code    20  stm32f4xx_spi.o(.text)
    SPI_Cmd                                  0x0800ab19   Thumb Code    24  stm32f4xx_spi.o(.text)
    I2S_Cmd                                  0x0800ab31   Thumb Code    24  stm32f4xx_spi.o(.text)
    SPI_DataSizeConfig                       0x0800ab49   Thumb Code    18  stm32f4xx_spi.o(.text)
    SPI_BiDirectionalLineConfig              0x0800ab5b   Thumb Code    28  stm32f4xx_spi.o(.text)
    SPI_NSSInternalSoftwareConfig            0x0800ab77   Thumb Code    30  stm32f4xx_spi.o(.text)
    SPI_SSOutputCmd                          0x0800ab95   Thumb Code    24  stm32f4xx_spi.o(.text)
    SPI_TIModeCmd                            0x0800abad   Thumb Code    24  stm32f4xx_spi.o(.text)
    I2S_FullDuplexConfig                     0x0800abc5   Thumb Code    80  stm32f4xx_spi.o(.text)
    SPI_I2S_ReceiveData                      0x0800ac15   Thumb Code     6  stm32f4xx_spi.o(.text)
    SPI_I2S_SendData                         0x0800ac1b   Thumb Code     4  stm32f4xx_spi.o(.text)
    SPI_CalculateCRC                         0x0800ac1f   Thumb Code    24  stm32f4xx_spi.o(.text)
    SPI_TransmitCRC                          0x0800ac37   Thumb Code    10  stm32f4xx_spi.o(.text)
    SPI_GetCRC                               0x0800ac41   Thumb Code    16  stm32f4xx_spi.o(.text)
    SPI_GetCRCPolynomial                     0x0800ac51   Thumb Code     6  stm32f4xx_spi.o(.text)
    SPI_I2S_DMACmd                           0x0800ac57   Thumb Code    18  stm32f4xx_spi.o(.text)
    SPI_I2S_ITConfig                         0x0800ac69   Thumb Code    68  stm32f4xx_spi.o(.text)
    SPI_I2S_GetFlagStatus                    0x0800acad   Thumb Code    18  stm32f4xx_spi.o(.text)
    SPI_I2S_ClearFlag                        0x0800acbf   Thumb Code     6  stm32f4xx_spi.o(.text)
    SPI_I2S_GetITStatus                      0x0800acc5   Thumb Code    52  stm32f4xx_spi.o(.text)
    SPI_I2S_ClearITPendingBit                0x0800acf9   Thumb Code    20  stm32f4xx_spi.o(.text)
    mymemcpy                                 0x0800ad0d   Thumb Code    26  malloc.o(.text)
    mymemset                                 0x0800ad27   Thumb Code    20  malloc.o(.text)
    my_mem_init                              0x0800ad3b   Thumb Code    54  malloc.o(.text)
    my_mem_perused                           0x0800ad71   Thumb Code    54  malloc.o(.text)
    my_mem_malloc                            0x0800ada7   Thumb Code   154  malloc.o(.text)
    my_mem_free                              0x0800ae41   Thumb Code    94  malloc.o(.text)
    myfree                                   0x0800ae9f   Thumb Code    32  malloc.o(.text)
    mymalloc                                 0x0800aebf   Thumb Code    36  malloc.o(.text)
    myrealloc                                0x0800aee3   Thumb Code    68  malloc.o(.text)
    usmart_sys_cmd_exe                       0x0800af39   Thumb Code  1554  usmart.o(.text)
    usmart_reset_runtime                     0x0800b54b   Thumb Code    38  usmart.o(.text)
    usmart_get_runtime                       0x0800b571   Thumb Code    60  usmart.o(.text)
    TIM4_IRQHandler                          0x0800b5ad   Thumb Code    46  usmart.o(.text)
    Timer4_Init                              0x0800b5db   Thumb Code    86  usmart.o(.text)
    usmart_init                              0x0800b631   Thumb Code    36  usmart.o(.text)
    usmart_cmd_rec                           0x0800b655   Thumb Code   170  usmart.o(.text)
    usmart_exe                               0x0800b6ff   Thumb Code   868  usmart.o(.text)
    usmart_scan                              0x0800ba63   Thumb Code   120  usmart.o(.text)
    read_addr                                0x0800badb   Thumb Code     6  usmart.o(.text)
    write_addr                               0x0800bae1   Thumb Code     4  usmart.o(.text)
    usmart_strcmp                            0x0800bb6d   Thumb Code    34  usmart_str.o(.text)
    usmart_strcopy                           0x0800bb8f   Thumb Code    22  usmart_str.o(.text)
    usmart_strlen                            0x0800bba5   Thumb Code    24  usmart_str.o(.text)
    usmart_pow                               0x0800bbbd   Thumb Code    22  usmart_str.o(.text)
    usmart_str2num                           0x0800bbd3   Thumb Code   202  usmart_str.o(.text)
    usmart_get_cmdname                       0x0800bc9d   Thumb Code    54  usmart_str.o(.text)
    usmart_search_nextc                      0x0800bcd3   Thumb Code    22  usmart_str.o(.text)
    usmart_get_fname                         0x0800bce9   Thumb Code   440  usmart_str.o(.text)
    usmart_get_aparm                         0x0800bea1   Thumb Code   200  usmart_str.o(.text)
    usmart_get_parmpos                       0x0800bf69   Thumb Code    26  usmart_str.o(.text)
    usmart_get_fparam                        0x0800bf83   Thumb Code   262  usmart_str.o(.text)
    disk_initialize                          0x0800c095   Thumb Code    52  diskio.o(.text)
    disk_status                              0x0800c0c9   Thumb Code     6  diskio.o(.text)
    disk_read                                0x0800c0cf   Thumb Code   122  diskio.o(.text)
    disk_write                               0x0800c149   Thumb Code   122  diskio.o(.text)
    disk_ioctl                               0x0800c1c3   Thumb Code   170  diskio.o(.text)
    get_fattime                              0x0800c26d   Thumb Code     4  diskio.o(.text)
    ff_memalloc                              0x0800c271   Thumb Code    14  diskio.o(.text)
    ff_memfree                               0x0800c27f   Thumb Code    14  diskio.o(.text)
    clust2sect                               0x0800c443   Thumb Code    26  ff.o(.text)
    get_fat                                  0x0800c45d   Thumb Code   232  ff.o(.text)
    put_fat                                  0x0800c545   Thumb Code   310  ff.o(.text)
    dir_sdi                                  0x0800c7ef   Thumb Code   158  ff.o(.text)
    f_mount                                  0x0800d861   Thumb Code    86  ff.o(.text)
    f_open                                   0x0800d8b7   Thumb Code   384  ff.o(.text)
    f_read                                   0x0800da37   Thumb Code   448  ff.o(.text)
    f_write                                  0x0800dbf7   Thumb Code   490  ff.o(.text)
    f_sync                                   0x0800dde1   Thumb Code   176  ff.o(.text)
    f_close                                  0x0800de91   Thumb Code    36  ff.o(.text)
    f_lseek                                  0x0800deb5   Thumb Code   654  ff.o(.text)
    f_opendir                                0x0800e143   Thumb Code   136  ff.o(.text)
    f_closedir                               0x0800e1cb   Thumb Code    22  ff.o(.text)
    f_readdir                                0x0800e1e1   Thumb Code   114  ff.o(.text)
    f_stat                                   0x0800e253   Thumb Code    84  ff.o(.text)
    f_getfree                                0x0800e2a7   Thumb Code   258  ff.o(.text)
    f_truncate                               0x0800e3a9   Thumb Code   184  ff.o(.text)
    f_unlink                                 0x0800e461   Thumb Code   194  ff.o(.text)
    f_mkdir                                  0x0800e523   Thumb Code   380  ff.o(.text)
    f_chmod                                  0x0800e69f   Thumb Code   112  ff.o(.text)
    f_utime                                  0x0800e70f   Thumb Code   110  ff.o(.text)
    f_rename                                 0x0800e77d   Thumb Code   314  ff.o(.text)
    f_getlabel                               0x0800e8b7   Thumb Code   190  ff.o(.text)
    f_setlabel                               0x0800e975   Thumb Code   470  ff.o(.text)
    f_mkfs                                   0x0800eb4b   Thumb Code  1570  ff.o(.text)
    f_gets                                   0x0800f16d   Thumb Code    82  ff.o(.text)
    f_putc                                   0x0800f203   Thumb Code    64  ff.o(.text)
    f_puts                                   0x0800f243   Thumb Code    74  ff.o(.text)
    f_printf                                 0x0800f28d   Thumb Code   674  ff.o(.text)
    exfuns_init                              0x0800f531   Thumb Code   114  exfuns.o(.text)
    char_upper                               0x0800f5a3   Thumb Code    26  exfuns.o(.text)
    f_typetell                               0x0800f5bd   Thumb Code   172  exfuns.o(.text)
    exf_getfree                              0x0800f669   Thumb Code    74  exfuns.o(.text)
    mf_mount                                 0x0800f6c9   Thumb Code    20  fattester.o(.text)
    mf_open                                  0x0800f6dd   Thumb Code    24  fattester.o(.text)
    mf_close                                 0x0800f6f5   Thumb Code    14  fattester.o(.text)
    mf_read                                  0x0800f703   Thumb Code   224  fattester.o(.text)
    mf_write                                 0x0800f7e3   Thumb Code    68  fattester.o(.text)
    mf_opendir                               0x0800f827   Thumb Code    14  fattester.o(.text)
    mf_closedir                              0x0800f835   Thumb Code    10  fattester.o(.text)
    mf_readdir                               0x0800f83f   Thumb Code   204  fattester.o(.text)
    mf_scan_files                            0x0800f90b   Thumb Code   120  fattester.o(.text)
    mf_showfree                              0x0800f983   Thumb Code    88  fattester.o(.text)
    mf_lseek                                 0x0800f9db   Thumb Code    16  fattester.o(.text)
    mf_tell                                  0x0800f9eb   Thumb Code     8  fattester.o(.text)
    mf_size                                  0x0800f9f3   Thumb Code     8  fattester.o(.text)
    mf_mkdir                                 0x0800f9fb   Thumb Code    12  fattester.o(.text)
    mf_fmkfs                                 0x0800fa07   Thumb Code    20  fattester.o(.text)
    mf_unlink                                0x0800fa1b   Thumb Code    12  fattester.o(.text)
    mf_rename                                0x0800fa27   Thumb Code    16  fattester.o(.text)
    mf_getlabel                              0x0800fa37   Thumb Code    58  fattester.o(.text)
    mf_setlabel                              0x0800fa71   Thumb Code    34  fattester.o(.text)
    mf_gets                                  0x0800fa93   Thumb Code   698  fattester.o(.text)
    mf_putc                                  0x0800fd4d   Thumb Code    18  fattester.o(.text)
    mf_puts                                  0x0800fd5f   Thumb Code    18  fattester.o(.text)
    ff_convert                               0x0800fd91   Thumb Code   116  cc936.o(.text)
    ff_wtoupper                              0x0800fe05   Thumb Code    46  cc936.o(.text)
    __aeabi_ldivmod                          0x0800fe45   Thumb Code    98  ldiv.o(.text)
    __aeabi_memcpy                           0x0800fea7   Thumb Code    36  memcpya.o(.text)
    __aeabi_memcpy4                          0x0800fea7   Thumb Code     0  memcpya.o(.text)
    __aeabi_memcpy8                          0x0800fea7   Thumb Code     0  memcpya.o(.text)
    strcmp                                   0x0800fecb   Thumb Code    28  strcmp.o(.text)
    strcpy                                   0x0800fee7   Thumb Code    18  strcpy.o(.text)
    strncmp                                  0x0800fef9   Thumb Code    30  strncmp.o(.text)
    __aeabi_dmul                             0x0800ff17   Thumb Code   228  dmul.o(.text)
    __aeabi_ui2d                             0x0800fffb   Thumb Code    26  dfltui.o(.text)
    __aeabi_d2uiz                            0x08010015   Thumb Code    50  dfixui.o(.text)
    __aeabi_uldivmod                         0x08010047   Thumb Code    98  uldiv.o(.text)
    __aeabi_llsr                             0x080100a9   Thumb Code    32  llushr.o(.text)
    _ll_ushift_r                             0x080100a9   Thumb Code     0  llushr.o(.text)
    __I$use$fp                               0x080100c9   Thumb Code     0  iusefp.o(.text)
    _double_round                            0x080100c9   Thumb Code    30  depilogue.o(.text)
    _double_epilogue                         0x080100e7   Thumb Code   156  depilogue.o(.text)
    __scatterload                            0x08010185   Thumb Code    28  init.o(.text)
    __scatterload_rt2                        0x08010185   Thumb Code     0  init.o(.text)
    __aeabi_llsl                             0x080101a9   Thumb Code    30  llshl.o(.text)
    _ll_shift_l                              0x080101a9   Thumb Code     0  llshl.o(.text)
    __decompress                             0x080101c7   Thumb Code     0  __dczerorl2.o(.text)
    __decompress1                            0x080101c7   Thumb Code    86  __dczerorl2.o(.text)
    __0printf$8                              0x0801021d   Thumb Code    22  printf8.o(i.__0printf$8)
    __1printf$8                              0x0801021d   Thumb Code     0  printf8.o(i.__0printf$8)
    __2printf                                0x0801021d   Thumb Code     0  printf8.o(i.__0printf$8)
    __scatterload_copy                       0x0801023d   Thumb Code    14  handlers.o(i.__scatterload_copy)
    __scatterload_null                       0x0801024b   Thumb Code     2  handlers.o(i.__scatterload_null)
    __scatterload_zeroinit                   0x0801024d   Thumb Code    14  handlers.o(i.__scatterload_zeroinit)
    asc2_1206                                0x080106be   Data        1140  lcd.o(.constdata)
    asc2_1608                                0x08010b32   Data        1520  lcd.o(.constdata)
    asc2_2412                                0x08011122   Data        3420  lcd.o(.constdata)
    FSMC_DefaultTimingStruct                 0x08011e80   Data          28  stm32f4xx_fsmc.o(.constdata)
    memtblsize                               0x08011e9c   Data          12  malloc.o(.constdata)
    memblksize                               0x08011ea8   Data          12  malloc.o(.constdata)
    memsize                                  0x08011eb4   Data          12  malloc.o(.constdata)
    FILE_TYPE_TBL                            0x08011efc   Data         112  exfuns.o(.constdata)
    Region$$Table$$Base                      0x0803cf5c   Number         0  anon$$obj.o(Region$$Table)
    Region$$Table$$Limit                     0x0803cf7c   Number         0  anon$$obj.o(Region$$Table)
    mem3base                                 0x10000000   Data       61440  malloc.o(.ARM.__AT_0x10000000)
    mem3mapbase                              0x1000f000   Data        3840  malloc.o(.ARM.__AT_0x1000F000)
    fp                                       0x20000000   Data           4  main.o(.data)
    buffer                                   0x20000004   Data          13  main.o(.data)
    buffer2                                  0x20000011   Data           1  main.o(.data)
    ReceiveBufCounter                        0x20000012   Data           2  main.o(.data)
    SyncTimeCounter                          0x20000014   Data           4  main.o(.data)
    WorkInFlag                               0x20000018   Data           1  main.o(.data)
    ReadyFlag                                0x20000019   Data           1  main.o(.data)
    bound                                    0x2000001c   Data           4  main.o(.data)
    ByteCounter                              0x20000020   Data           4  main.o(.data)
    SystemCoreClock                          0x20000024   Data           4  system_stm32f4xx.o(.data)
    AHBPrescTable                            0x20000028   Data          16  system_stm32f4xx.o(.data)
    POINT_COLOR                              0x20000038   Data           2  lcd.o(.data)
    BACK_COLOR                               0x2000003a   Data           2  lcd.o(.data)
    W25QXX_TYPE                              0x2000003e   Data           2  w25qxx.o(.data)
    TransferError                            0x2000004a   Data           1  sdio_sdcard.o(.data)
    TransferEnd                              0x2000004b   Data           1  sdio_sdcard.o(.data)
    tempbuff                                 0x2000004c   Data           4  sdio_sdcard.o(.data)
    RS485_RX_CNT                             0x20000050   Data           2  rs485.o(.data)
    __stdout                                 0x20000058   Data           4  usart.o(.data)
    USART_RX_STA                             0x2000005c   Data           2  usart.o(.data)
    mallco_dev                               0x20000070   Data          36  malloc.o(.data)
    sys_cmd_tab                              0x20000094   Data          28  usmart.o(.data)
    usmart_nametab                           0x200000b0   Data         216  usmart_config.o(.data)
    usmart_dev                               0x20000188   Data         244  usmart_config.o(.data)
    FLASH_SECTOR_COUNT                       0x2000027c   Data           2  diskio.o(.data)
    file                                     0x20000280   Data           4  exfuns.o(.data)
    ftemp                                    0x20000284   Data           4  exfuns.o(.data)
    br                                       0x20000288   Data           4  exfuns.o(.data)
    bw                                       0x2000028c   Data           4  exfuns.o(.data)
    fatbuf                                   0x20000290   Data           4  exfuns.o(.data)
    fileTXT                                  0x20000294   Data         552  main.o(.bss)
    TXTdata2UartBuffer                       0x200004bc   Data        2000  main.o(.bss)
    ReceiveBuf                               0x20000c8c   Data        1000  main.o(.bss)
    lcddev                                   0x20001074   Data          14  lcd.o(.bss)
    W25QXX_BUFFER                            0x20001082   Data        4096  w25qxx.o(.bss)
    SDIO_InitStructure                       0x20002088   Data          24  sdio_sdcard.o(.bss)
    SDIO_CmdInitStructure                    0x200020a0   Data          20  sdio_sdcard.o(.bss)
    SDIO_DataInitStructure                   0x200020b4   Data          24  sdio_sdcard.o(.bss)
    SDCardInfo                               0x200020f0   Data          88  sdio_sdcard.o(.bss)
    SDIO_DATA_BUFFER                         0x20002148   Data         512  sdio_sdcard.o(.bss)
    RS485_RX_BUF                             0x20002348   Data        2000  rs485.o(.bss)
    USART_RX_BUF                             0x20002b18   Data         200  usart.o(.bss)
    mem1base                                 0x20002be0   Data       102400  malloc.o(.bss)
    mem1mapbase                              0x2001bbe0   Data        6400  malloc.o(.bss)
    fs                                       0x2001d4ec   Data          12  exfuns.o(.bss)
    fileinfo                                 0x2001d4f8   Data          32  exfuns.o(.bss)
    dir                                      0x2001d518   Data          36  exfuns.o(.bss)
    __initial_sp                             0x2001d940   Data           0  startup_stm32f40_41xxx.o(STACK)
    mem2base                                 0x68000000   Data       983040  malloc.o(.ARM.__AT_0x68000000)
    mem2mapbase                              0x680f0000   Data       61440  malloc.o(.ARM.__AT_0x680F0000)



==============================================================================

Memory Map of the image

  Image Entry point : 0x08000189

  Load Region LR_IROM1 (Base: 0x08000000, Size: 0x0003d210, Max: 0x00080000, ABSOLUTE, COMPRESSED[0x0003d0a4])

    Execution Region ER_IROM1 (Base: 0x08000000, Size: 0x0003cf7c, Max: 0x00080000, ABSOLUTE)

    Base Addr    Size         Type   Attr      Idx    E Section Name        Object

    0x08000000   0x00000188   Data   RO          565    RESET               startup_stm32f40_41xxx.o
    0x08000188   0x00000000   Code   RO          999  * .ARM.Collect$$$$00000000  mc_w.l(entry.o)
    0x08000188   0x00000004   Code   RO         1281    .ARM.Collect$$$$00000001  mc_w.l(entry2.o)
    0x0800018c   0x00000004   Code   RO         1284    .ARM.Collect$$$$00000004  mc_w.l(entry5.o)
    0x08000190   0x00000000   Code   RO         1286    .ARM.Collect$$$$00000008  mc_w.l(entry7b.o)
    0x08000190   0x00000000   Code   RO         1288    .ARM.Collect$$$$0000000A  mc_w.l(entry8b.o)
    0x08000190   0x00000008   Code   RO         1289    .ARM.Collect$$$$0000000B  mc_w.l(entry9a.o)
    0x08000198   0x00000000   Code   RO         1291    .ARM.Collect$$$$0000000D  mc_w.l(entry10a.o)
    0x08000198   0x00000000   Code   RO         1293    .ARM.Collect$$$$0000000F  mc_w.l(entry11a.o)
    0x08000198   0x00000004   Code   RO         1282    .ARM.Collect$$$$00002712  mc_w.l(entry2.o)
    0x0800019c   0x00000010   Code   RO          516    .emb_text           sys.o
    0x080001ac   0x00000944   Code   RO            3    .text               main.o
    0x08000af0   0x0000001a   Code   RO          209    .text               stm32f4xx_it.o
    0x08000b0a   0x00000002   PAD
    0x08000b0c   0x00000210   Code   RO          258    .text               system_stm32f4xx.o
    0x08000d1c   0x0000018c   Code   RO          284    .text               meteorological.o
    0x08000ea8   0x00000040   Code   RO          311    .text               led.o
    0x08000ee8   0x00004c80   Code   RO          331    .text               lcd.o
    0x08005b68   0x00000104   Code   RO          369    .text               key.o
    0x08005c6c   0x00000118   Code   RO          390    .text               spi.o
    0x08005d84   0x00000378   Code   RO          413    .text               w25qxx.o
    0x080060fc   0x00001d60   Code   RO          440    .text               sdio_sdcard.o
    0x08007e5c   0x000001ac   Code   RO          467    .text               rs485.o
    0x08008008   0x00000104   Code   RO          494    .text               delay.o
    0x0800810c   0x00000148   Code   RO          534    .text               usart.o
    0x08008254   0x00000024   Code   RO          566    .text               startup_stm32f40_41xxx.o
    0x08008278   0x000000e0   Code   RO          572    .text               misc.o
    0x08008358   0x00000294   Code   RO          592    .text               stm32f4xx_gpio.o
    0x080085ec   0x000005c8   Code   RO          612    .text               stm32f4xx_fsmc.o
    0x08008bb4   0x000001dc   Code   RO          635    .text               stm32f4xx_sdio.o
    0x08008d90   0x0000065c   Code   RO          655    .text               stm32f4xx_rcc.o
    0x080093ec   0x00000454   Code   RO          697    .text               stm32f4xx_usart.o
    0x08009840   0x000003a8   Code   RO          717    .text               stm32f4xx_dma.o
    0x08009be8   0x00000ca2   Code   RO          737    .text               stm32f4xx_tim.o
    0x0800a88a   0x00000002   PAD
    0x0800a88c   0x00000480   Code   RO          757    .text               stm32f4xx_spi.o
    0x0800ad0c   0x0000022c   Code   RO          777    .text               malloc.o
    0x0800af38   0x00000c34   Code   RO          809    .text               usmart.o
    0x0800bb6c   0x00000528   Code   RO          857    .text               usmart_str.o
    0x0800c094   0x00000200   Code   RO          877    .text               diskio.o
    0x0800c294   0x0000329a   Code   RO          901    .text               ff.o
    0x0800f52e   0x00000002   PAD
    0x0800f530   0x00000198   Code   RO          925    .text               exfuns.o
    0x0800f6c8   0x000006c8   Code   RO          954    .text               fattester.o
    0x0800fd90   0x000000b4   Code   RO          976    .text               cc936.o
    0x0800fe44   0x00000062   Code   RO         1002    .text               mc_w.l(ldiv.o)
    0x0800fea6   0x00000024   Code   RO         1004    .text               mc_w.l(memcpya.o)
    0x0800feca   0x0000001c   Code   RO         1006    .text               mc_w.l(strcmp.o)
    0x0800fee6   0x00000012   Code   RO         1008    .text               mc_w.l(strcpy.o)
    0x0800fef8   0x0000001e   Code   RO         1010    .text               mc_w.l(strncmp.o)
    0x0800ff16   0x000000e4   Code   RO         1275    .text               mf_w.l(dmul.o)
    0x0800fffa   0x0000001a   Code   RO         1277    .text               mf_w.l(dfltui.o)
    0x08010014   0x00000032   Code   RO         1279    .text               mf_w.l(dfixui.o)
    0x08010046   0x00000062   Code   RO         1297    .text               mc_w.l(uldiv.o)
    0x080100a8   0x00000020   Code   RO         1299    .text               mc_w.l(llushr.o)
    0x080100c8   0x00000000   Code   RO         1301    .text               mc_w.l(iusefp.o)
    0x080100c8   0x000000ba   Code   RO         1302    .text               mf_w.l(depilogue.o)
    0x08010182   0x00000002   PAD
    0x08010184   0x00000024   Code   RO         1312    .text               mc_w.l(init.o)
    0x080101a8   0x0000001e   Code   RO         1314    .text               mc_w.l(llshl.o)
    0x080101c6   0x00000056   Code   RO         1326    .text               mc_w.l(__dczerorl2.o)
    0x0801021c   0x00000020   Code   RO         1221    i.__0printf$8       mc_w.l(printf8.o)
    0x0801023c   0x0000000e   Code   RO         1320    i.__scatterload_copy  mc_w.l(handlers.o)
    0x0801024a   0x00000002   Code   RO         1321    i.__scatterload_null  mc_w.l(handlers.o)
    0x0801024c   0x0000000e   Code   RO         1322    i.__scatterload_zeroinit  mc_w.l(handlers.o)
    0x0801025a   0x00000002   PAD
    0x0801025c   0x00000410   Code   RO         1228    i._printf_core      mc_w.l(printf8.o)
    0x0801066c   0x00000024   Code   RO         1229    i._printf_post_padding  mc_w.l(printf8.o)
    0x08010690   0x0000002e   Code   RO         1230    i._printf_pre_padding  mc_w.l(printf8.o)
    0x080106be   0x000017c0   Data   RO          333    .constdata          lcd.o
    0x08011e7e   0x00000002   PAD
    0x08011e80   0x0000001c   Data   RO          613    .constdata          stm32f4xx_fsmc.o
    0x08011e9c   0x00000024   Data   RO          783    .constdata          malloc.o
    0x08011ec0   0x0000003a   Data   RO          903    .constdata          ff.o
    0x08011efa   0x00000002   PAD
    0x08011efc   0x00000070   Data   RO          927    .constdata          exfuns.o
    0x08011f6c   0x0002acc8   Data   RO          977    .constdata          cc936.o
    0x0803cc34   0x00000028   Data   RO          810    .conststring        usmart.o
    0x0803cc5c   0x000002b9   Data   RO          833    .conststring        usmart_config.o
    0x0803cf15   0x00000003   PAD
    0x0803cf18   0x00000044   Data   RO          928    .conststring        exfuns.o
    0x0803cf5c   0x00000020   Data   RO         1318    Region$$Table       anon$$obj.o


    Execution Region RW_IRAM1 (Base: 0x20000000, Size: 0x0001d940, Max: 0x00020000, ABSOLUTE, COMPRESSED[0x00000128])

    Base Addr    Size         Type   Attr      Idx    E Section Name        Object

    0x20000000   0x00000024   Data   RW            5    .data               main.o
    0x20000024   0x00000014   Data   RW          259    .data               system_stm32f4xx.o
    0x20000038   0x00000004   Data   RW          334    .data               lcd.o
    0x2000003c   0x00000001   Data   RW          370    .data               key.o
    0x2000003d   0x00000001   PAD
    0x2000003e   0x00000002   Data   RW          415    .data               w25qxx.o
    0x20000040   0x00000010   Data   RW          442    .data               sdio_sdcard.o
    0x20000050   0x00000002   Data   RW          469    .data               rs485.o
    0x20000052   0x00000004   Data   RW          495    .data               delay.o
    0x20000056   0x00000002   PAD
    0x20000058   0x00000006   Data   RW          536    .data               usart.o
    0x2000005e   0x00000010   Data   RW          656    .data               stm32f4xx_rcc.o
    0x2000006e   0x00000002   PAD
    0x20000070   0x00000024   Data   RW          784    .data               malloc.o
    0x20000094   0x0000001c   Data   RW          811    .data               usmart.o
    0x200000b0   0x000001cc   Data   RW          834    .data               usmart_config.o
    0x2000027c   0x00000002   Data   RW          878    .data               diskio.o
    0x2000027e   0x00000002   Data   RW          904    .data               ff.o
    0x20000280   0x00000014   Data   RW          929    .data               exfuns.o
    0x20000294   0x00000de0   Zero   RW            4    .bss                main.o
    0x20001074   0x0000000e   Zero   RW          332    .bss                lcd.o
    0x20001082   0x00001000   Zero   RW          414    .bss                w25qxx.o
    0x20002082   0x00000006   PAD
    0x20002088   0x000002c0   Zero   RW          441    .bss                sdio_sdcard.o
    0x20002348   0x000007d0   Zero   RW          468    .bss                rs485.o
    0x20002b18   0x000000c8   Zero   RW          535    .bss                usart.o
    0x20002be0   0x0001a900   Zero   RW          782    .bss                malloc.o
    0x2001d4e0   0x0000000c   Zero   RW          902    .bss                ff.o
    0x2001d4ec   0x00000050   Zero   RW          926    .bss                exfuns.o
    0x2001d53c   0x00000004   PAD
    0x2001d540   0x00000400   Zero   RW          563    STACK               startup_stm32f40_41xxx.o



  Load Region LR$$.ARM.__AT_0x10000000 (Base: 0x10000000, Size: 0x00000000, Max: 0x0000f000, ABSOLUTE)

    Execution Region ER$$.ARM.__AT_0x10000000 (Base: 0x10000000, Size: 0x0000f000, Max: 0x0000f000, ABSOLUTE, UNINIT)

    Base Addr    Size         Type   Attr      Idx    E Section Name        Object

    0x10000000   0x0000f000   Zero   RW          778    .ARM.__AT_0x10000000  malloc.o



  Load Region LR$$.ARM.__AT_0x1000F000 (Base: 0x1000f000, Size: 0x00000000, Max: 0x00000f00, ABSOLUTE)

    Execution Region ER$$.ARM.__AT_0x1000F000 (Base: 0x1000f000, Size: 0x00000f00, Max: 0x00000f00, ABSOLUTE, UNINIT)

    Base Addr    Size         Type   Attr      Idx    E Section Name        Object

    0x1000f000   0x00000f00   Zero   RW          779    .ARM.__AT_0x1000F000  malloc.o



  Load Region LR$$.ARM.__AT_0x68000000 (Base: 0x68000000, Size: 0x00000000, Max: 0x000f0000, ABSOLUTE)

    Execution Region ER$$.ARM.__AT_0x68000000 (Base: 0x68000000, Size: 0x000f0000, Max: 0x000f0000, ABSOLUTE, UNINIT)

    Base Addr    Size         Type   Attr      Idx    E Section Name        Object

    0x68000000   0x000f0000   Zero   RW          780    .ARM.__AT_0x68000000  malloc.o



  Load Region LR$$.ARM.__AT_0x680F0000 (Base: 0x680f0000, Size: 0x00000000, Max: 0x0000f000, ABSOLUTE)

    Execution Region ER$$.ARM.__AT_0x680F0000 (Base: 0x680f0000, Size: 0x0000f000, Max: 0x0000f000, ABSOLUTE, UNINIT)

    Base Addr    Size         Type   Attr      Idx    E Section Name        Object

    0x680f0000   0x0000f000   Zero   RW          781    .ARM.__AT_0x680F0000  malloc.o


==============================================================================

Image component sizes


      Code (inc. data)   RO Data    RW Data    ZI Data      Debug   Object Name

       180         18     175304          0          0       2353   cc936.o
       260          8          0          4          0       1505   delay.o
       512          8          0          2          0       4382   diskio.o
       408         22        180         20         80       2840   exfuns.o
      1736        690          0          0          0       5768   fattester.o
     12954        136         58          2         12      37426   ff.o
       260         12          0          1          0        900   key.o
     19584        174       6080          4         14      22438   lcd.o
        64          4          0          0          0        559   led.o
      2372       1036          0         36       3552     326164   main.o
       556         18         36         36    1218560       4981   malloc.o
       396         74          0          0          0       2017   meteorological.o
       224         20          0          0          0       1885   misc.o
       428         24          0          2       2000       2422   rs485.o
      7520        282          0         16        704      25097   sdio_sdcard.o
       280          8          0          0          0       1089   spi.o
        36          8        392          0       1024        856   startup_stm32f40_41xxx.o
       936         32          0          0          0       6361   stm32f4xx_dma.o
      1480         18         28          0          0       5718   stm32f4xx_fsmc.o
       660         44          0          0          0       4161   stm32f4xx_gpio.o
        26          0          0          0          0       1254   stm32f4xx_it.o
      1628         52          0         16          0      12984   stm32f4xx_rcc.o
       476         16          0          0          0       7456   stm32f4xx_sdio.o
      1152         36          0          0          0       6909   stm32f4xx_spi.o
      3234         60          0          0          0      22364   stm32f4xx_tim.o
      1108         34          0          0          0       7860   stm32f4xx_usart.o
        16          0          0          0          0        520   sys.o
       528         46          0         20          0       1879   system_stm32f4xx.o
       328         16          0          6        200       3390   usart.o
      3124       1286         40         28          0       4466   usmart.o
         0          0        697        460          0       1692   usmart_config.o
      1320         12          0          0          0       5233   usmart_str.o
       888         26          0          2       4096       4437   w25qxx.o

    ----------------------------------------------------------------------
     64680       4220     182854        660    1230252     539366   Object Totals
         0          0         32          0          0          0   (incl. Generated)
         6          0          7          5         10          0   (incl. Padding)

    ----------------------------------------------------------------------

      Code (inc. data)   RO Data    RW Data    ZI Data      Debug   Library Member Name

        86          0          0          0          0          0   __dczerorl2.o
         0          0          0          0          0          0   entry.o
         0          0          0          0          0          0   entry10a.o
         0          0          0          0          0          0   entry11a.o
         8          4          0          0          0          0   entry2.o
         4          0          0          0          0          0   entry5.o
         0          0          0          0          0          0   entry7b.o
         0          0          0          0          0          0   entry8b.o
         8          4          0          0          0          0   entry9a.o
        30          0          0          0          0          0   handlers.o
        36          8          0          0          0         68   init.o
         0          0          0          0          0          0   iusefp.o
        98          0          0          0          0         84   ldiv.o
        30          0          0          0          0         68   llshl.o
        32          0          0          0          0         68   llushr.o
        36          0          0          0          0         68   memcpya.o
      1154         54          0          0          0        352   printf8.o
        28          0          0          0          0         76   strcmp.o
        18          0          0          0          0         68   strcpy.o
        30          0          0          0          0         80   strncmp.o
        98          0          0          0          0         92   uldiv.o
       186          0          0          0          0        176   depilogue.o
        50          0          0          0          0         76   dfixui.o
        26          0          0          0          0         76   dfltui.o
       228          0          0          0          0         96   dmul.o

    ----------------------------------------------------------------------
      2190         70          0          0          0       1448   Library Totals
         4          0          0          0          0          0   (incl. Padding)

    ----------------------------------------------------------------------

      Code (inc. data)   RO Data    RW Data    ZI Data      Debug   Library Name

      1696         70          0          0          0       1024   mc_w.l
       490          0          0          0          0        424   mf_w.l

    ----------------------------------------------------------------------
      2190         70          0          0          0       1448   Library Totals

    ----------------------------------------------------------------------

==============================================================================


      Code (inc. data)   RO Data    RW Data    ZI Data      Debug   

     66870       4290     182854        660    1230252     533218   Grand Totals
     66870       4290     182854        296    1230252     533218   ELF Image Totals (compressed)
     66870       4290     182854        296          0          0   ROM Totals

==============================================================================

    Total RO  Size (Code + RO Data)               249724 ( 243.87kB)
    Total RW  Size (RW Data + ZI Data)           1230912 (1202.06kB)
    Total ROM Size (Code + RO Data + RW Data)     250020 ( 244.16kB)

==============================================================================

