Component: ARM Compiler 5.05 update 1 (build 106) Tool: armlink [4d0efa]

==============================================================================

Section Cross References

    main.o(.text) refers to f2d.o(.text) for __aeabi_f2d
    main.o(.text) refers to printfa.o(i.__0sprintf) for __2sprintf
    main.o(.text) refers to ff.o(.text) for f_write
    main.o(.text) refers to printfa.o(i.__0printf) for __2printf
    main.o(.text) refers to misc.o(.text) for NVIC_PriorityGroupConfig
    main.o(.text) refers to delay.o(.text) for delay_init
    main.o(.text) refers to usart.o(.text) for uart_init
    main.o(.text) refers to led.o(.text) for LED_Init
    main.o(.text) refers to usart3.o(.text) for usart3_init
    main.o(.text) refers to key.o(.text) for KEY_Init
    main.o(.text) refers to rs485.o(.text) for RS485_Init
    main.o(.text) refers to w25qxx.o(.text) for W25QXX_Init
    main.o(.text) refers to malloc.o(.text) for my_mem_init
    main.o(.text) refers to sdio_sdcard.o(.text) for SD_Init
    main.o(.text) refers to exfuns.o(.text) for exfuns_init
    main.o(.text) refers to meteorological.o(.text) for CheckCommunication
    main.o(.text) refers to main.o(.bss) for gpsx
    main.o(.text) refers to main.o(.data) for fixmode_tbl
    main.o(.text) refers to exfuns.o(.data) for bw
    main.o(.text) refers to usmart_config.o(.data) for usmart_dev
    main.o(.text) refers to exfuns.o(.bss) for fs
    main.o(.text) refers to usart3.o(.data) for USART3_RX_STA
    main.o(.text) refers to usart3.o(.bss) for USART3_RX_BUF
    main.o(.data) refers to main.o(.conststring) for .conststring
    system_stm32f4xx.o(.text) refers to system_stm32f4xx.o(.data) for SystemCoreClock
    meteorological.o(.text) refers to memcpya.o(.text) for __aeabi_memcpy4
    meteorological.o(.text) refers to rs485.o(.text) for RS485_Send_Data
    meteorological.o(.text) refers to delay.o(.text) for delay_ms
    meteorological.o(.text) refers to strncmp.o(.text) for strncmp
    led.o(.text) refers to stm32f4xx_rcc.o(.text) for RCC_AHB1PeriphClockCmd
    led.o(.text) refers to stm32f4xx_gpio.o(.text) for GPIO_Init
    key.o(.text) refers to stm32f4xx_rcc.o(.text) for RCC_AHB1PeriphClockCmd
    key.o(.text) refers to stm32f4xx_gpio.o(.text) for GPIO_Init
    key.o(.text) refers to delay.o(.text) for delay_ms
    key.o(.text) refers to key.o(.data) for key_up
    spi.o(.text) refers to stm32f4xx_spi.o(.text) for SPI_I2S_GetFlagStatus
    spi.o(.text) refers to stm32f4xx_rcc.o(.text) for RCC_AHB1PeriphClockCmd
    spi.o(.text) refers to stm32f4xx_gpio.o(.text) for GPIO_Init
    w25qxx.o(.text) refers to spi.o(.text) for SPI1_ReadWriteByte
    w25qxx.o(.text) refers to stm32f4xx_rcc.o(.text) for RCC_AHB1PeriphClockCmd
    w25qxx.o(.text) refers to stm32f4xx_gpio.o(.text) for GPIO_Init
    w25qxx.o(.text) refers to delay.o(.text) for delay_us
    w25qxx.o(.text) refers to w25qxx.o(.data) for W25QXX_TYPE
    w25qxx.o(.text) refers to w25qxx.o(.bss) for W25QXX_BUFFER
    sdio_sdcard.o(.text) refers to stm32f4xx_sdio.o(.text) for SDIO_GetFlagStatus
    sdio_sdcard.o(.text) refers to sdio_sdcard.o(.data) for DeviceMode
    sdio_sdcard.o(.text) refers to sdio_sdcard.o(.bss) for SDIO_CmdInitStructure
    sdio_sdcard.o(.text) refers to stm32f4xx_rcc.o(.text) for RCC_AHB1PeriphClockCmd
    sdio_sdcard.o(.text) refers to stm32f4xx_gpio.o(.text) for GPIO_Init
    sdio_sdcard.o(.text) refers to misc.o(.text) for NVIC_Init
    sdio_sdcard.o(.text) refers to stm32f4xx_dma.o(.text) for DMA_GetCmdStatus
    sdio_sdcard.o(.text) refers to sys.o(.emb_text) for INTX_DISABLE
    sdio_sdcard.o(.text) refers to memcpya.o(.text) for __aeabi_memcpy
    rs485.o(.text) refers to stm32f4xx_usart.o(.text) for USART_GetITStatus
    rs485.o(.text) refers to stm32f4xx_rcc.o(.text) for RCC_AHB1PeriphClockCmd
    rs485.o(.text) refers to stm32f4xx_gpio.o(.text) for GPIO_PinAFConfig
    rs485.o(.text) refers to misc.o(.text) for NVIC_Init
    rs485.o(.text) refers to delay.o(.text) for delay_ms
    rs485.o(.text) refers to rs485.o(.data) for RS485_RX_CNT
    rs485.o(.text) refers to rs485.o(.bss) for RS485_RX_BUF
    usart3.o(.text) refers to stm32f4xx_usart.o(.text) for USART_GetITStatus
    usart3.o(.text) refers to stm32f4xx_tim.o(.text) for TIM_SetCounter
    usart3.o(.text) refers to stm32f4xx_rcc.o(.text) for RCC_AHB1PeriphClockCmd
    usart3.o(.text) refers to stm32f4xx_gpio.o(.text) for GPIO_PinAFConfig
    usart3.o(.text) refers to misc.o(.text) for NVIC_Init
    usart3.o(.text) refers to timer.o(.text) for TIM7_Int_Init
    usart3.o(.text) refers to printfa.o(i.__0vsprintf) for vsprintf
    usart3.o(.text) refers to strlen.o(.text) for strlen
    usart3.o(.text) refers to usart3.o(.data) for USART3_RX_STA
    usart3.o(.text) refers to usart3.o(.bss) for USART3_RX_BUF
    timer.o(.text) refers to stm32f4xx_tim.o(.text) for TIM_GetITStatus
    timer.o(.text) refers to stm32f4xx_rcc.o(.text) for RCC_APB1PeriphClockCmd
[...]
    i._printf_pre_padding                    0x0800be40   Section        0  printfa.o(i._printf_pre_padding)
    _printf_pre_padding                      0x0800be41   Thumb Code    46  printfa.o(i._printf_pre_padding)
    i._sputc                                 0x0800be6e   Section        0  printfa.o(i._sputc)
    _sputc                                   0x0800be6f   Thumb Code    10  printfa.o(i._sputc)
    .constdata                               0x0800be78   Section       36  malloc.o(.constdata)
    .constdata                               0x0800be9c   Section       58  ff.o(.constdata)
    LfnOfs                                   0x0800be9c   Data          13  ff.o(.constdata)
    vst                                      0x0800beaa   Data          22  ff.o(.constdata)
    cst                                      0x0800bec0   Data          22  ff.o(.constdata)
    .constdata                               0x0800bed8   Section      112  exfuns.o(.constdata)
    .constdata                               0x0800bf48   Section    175304  cc936.o(.constdata)
    uni2oem                                  0x0800bf48   Data       87172  cc936.o(.constdata)
    oem2uni                                  0x080213cc   Data       87172  cc936.o(.constdata)
    tbl_lower                                0x08036850   Data         480  cc936.o(.constdata)
    tbl_upper                                0x08036a30   Data         480  cc936.o(.constdata)
    .conststring                             0x08036c10   Section       21  main.o(.conststring)
    .conststring                             0x08036c28   Section       40  usmart.o(.conststring)
    .conststring                             0x08036c50   Section      697  usmart_config.o(.conststring)
    .conststring                             0x08036f0c   Section       68  exfuns.o(.conststring)
    .ARM.__AT_0x10000000                     0x10000000   Section    61440  malloc.o(.ARM.__AT_0x10000000)
    .ARM.__AT_0x1000F000                     0x1000f000   Section     3840  malloc.o(.ARM.__AT_0x1000F000)
    .data                                    0x20000000   Section       52  main.o(.data)
    .data                                    0x20000034   Section       20  system_stm32f4xx.o(.data)
    .data                                    0x20000048   Section        1  key.o(.data)
    key_up                                   0x20000048   Data           1  key.o(.data)
    .data                                    0x2000004a   Section        2  w25qxx.o(.data)
    .data                                    0x2000004c   Section       16  sdio_sdcard.o(.data)
    CardType                                 0x2000004c   Data           1  sdio_sdcard.o(.data)
    RCA                                      0x20000050   Data           4  sdio_sdcard.o(.data)
    DeviceMode                               0x20000054   Data           1  sdio_sdcard.o(.data)
    StopCondition                            0x20000055   Data           1  sdio_sdcard.o(.data)
    .data                                    0x2000005c   Section        2  rs485.o(.data)
    .data                                    0x2000005e   Section        2  usart3.o(.data)
    .data                                    0x20000060   Section        4  delay.o(.data)
    fac_us                                   0x20000060   Data           1  delay.o(.data)
    fac_ms                                   0x20000062   Data           2  delay.o(.data)
    .data                                    0x20000064   Section        6  usart.o(.data)
    .data                                    0x2000006a   Section       16  stm32f4xx_rcc.o(.data)
    APBAHBPrescTable                         0x2000006a   Data          16  stm32f4xx_rcc.o(.data)
    .data                                    0x2000007c   Section       36  malloc.o(.data)
    .data                                    0x200000a0   Section       28  usmart.o(.data)
    .data                                    0x200000bc   Section      460  usmart_config.o(.data)
    .data                                    0x20000288   Section        2  diskio.o(.data)
    .data                                    0x2000028a   Section        2  ff.o(.data)
    Fsid                                     0x2000028a   Data           2  ff.o(.data)
    .data                                    0x2000028c   Section       20  exfuns.o(.data)
    .bss                                     0x200002a0   Section     4170  main.o(.bss)
    .bss                                     0x200012ea   Section     4096  w25qxx.o(.bss)
    .bss                                     0x200022f0   Section      704  sdio_sdcard.o(.bss)
    CSD_Tab                                  0x20002334   Data          16  sdio_sdcard.o(.bss)
    CID_Tab                                  0x20002344   Data          16  sdio_sdcard.o(.bss)
    .bss                                     0x200025b0   Section     2000  rs485.o(.bss)
    .bss                                     0x20002d80   Section      800  usart3.o(.bss)
    .bss                                     0x200030a0   Section      200  usart.o(.bss)
    .bss                                     0x20003180   Section    108800  malloc.o(.bss)
    .bss                                     0x2001da80   Section       12  ff.o(.bss)
    FatFs                                    0x2001da80   Data          12  ff.o(.bss)
    .bss                                     0x2001da8c   Section       80  exfuns.o(.bss)
    STACK                                    0x2001dae0   Section     1024  startup_stm32f40_41xxx.o(STACK)
    .ARM.__AT_0x68000000                     0x68000000   Section    983040  malloc.o(.ARM.__AT_0x68000000)
    .ARM.__AT_0x680F0000                     0x680f0000   Section    61440  malloc.o(.ARM.__AT_0x680F0000)

    Global Symbols

    Symbol Name                              Value     Ov Type        Size  Object(Section)

    BuildAttributes$$THM_ISAv4$E$P$D$K$B$S$7EM$VFPi3$EXTD16$VFPS$VFMA$PE$A:L22UL41UL21$X:L11$S22US41US21$IEEE1$IW$USESV6$~STKCKD$USESV7$~SHL$OSPACE$ROPI$EBA8$MICROLIB$REQ8$PRES8$EABIv2 0x00000000   Number         0  anon$$obj.o ABSOLUTE
    __ARM_use_no_argv                        0x00000000   Number         0  main.o ABSOLUTE
    __use_no_errno                           0x00000000   Number         0  useno.o ABSOLUTE
    __use_no_exception_handling              0x00000000   Number         0  useno.o ABSOLUTE
    __use_no_fp                              0x00000000   Number         0  useno.o ABSOLUTE
    __use_no_heap                            0x00000000   Number         0  useno.o ABSOLUTE
    __use_no_heap_region                     0x00000000   Number         0  useno.o ABSOLUTE
    __use_no_semihosting                     0x00000000   Number         0  useno.o ABSOLUTE
    __use_no_semihosting_swi                 0x00000000   Number         0  useno.o ABSOLUTE
    __use_no_signal_handling                 0x00000000   Number         0  useno.o ABSOLUTE
    _printf_a                                0x00000000   Number         0  stubs.o ABSOLUTE
    _printf_c                                0x00000000   Number         0  stubs.o ABSOLUTE
    _printf_charcount                        0x00000000   Number         0  stubs.o ABSOLUTE
    _printf_d                                0x00000000   Number         0  stubs.o ABSOLUTE
    _printf_e                                0x00000000   Number         0  stubs.o ABSOLUTE
    _printf_f                                0x00000000   Number         0  stubs.o ABSOLUTE
    _printf_flags                            0x00000000   Number         0  stubs.o ABSOLUTE
    _printf_fp_dec                           0x00000000   Number         0  stubs.o ABSOLUTE
    _printf_fp_hex                           0x00000000   Number         0  stubs.o ABSOLUTE
    _printf_g                                0x00000000   Number         0  stubs.o ABSOLUTE
    _printf_i                                0x00000000   Number         0  stubs.o ABSOLUTE
    _printf_int_dec                          0x00000000   Number         0  stubs.o ABSOLUTE
    _printf_l                                0x00000000   Number         0  stubs.o ABSOLUTE
    _printf_lc                               0x00000000   Number         0  stubs.o ABSOLUTE
    _printf_ll                               0x00000000   Number         0  stubs.o ABSOLUTE
    _printf_lld                              0x00000000   Number         0  stubs.o ABSOLUTE
    _printf_lli                              0x00000000   Number         0  stubs.o ABSOLUTE
    _printf_llo                              0x00000000   Number         0  stubs.o ABSOLUTE
    _printf_llu                              0x00000000   Number         0  stubs.o ABSOLUTE
    _printf_llx                              0x00000000   Number         0  stubs.o ABSOLUTE
    _printf_longlong_dec                     0x00000000   Number         0  stubs.o ABSOLUTE
    _printf_longlong_hex                     0x00000000   Number         0  stubs.o ABSOLUTE
    _printf_longlong_oct                     0x00000000   Number         0  stubs.o ABSOLUTE
    _printf_ls                               0x00000000   Number         0  stubs.o ABSOLUTE
    _printf_mbtowc                           0x00000000   Number         0  stubs.o ABSOLUTE
    _printf_n                                0x00000000   Number         0  stubs.o ABSOLUTE
    _printf_o                                0x00000000   Number         0  stubs.o ABSOLUTE
    _printf_p                                0x00000000   Number         0  stubs.o ABSOLUTE
    _printf_percent                          0x00000000   Number         0  stubs.o ABSOLUTE
    _printf_pre_padding                      0x00000000   Number         0  stubs.o ABSOLUTE
    _printf_return_value                     0x00000000   Number         0  stubs.o ABSOLUTE
    _printf_s                                0x00000000   Number         0  stubs.o ABSOLUTE
    _printf_sizespec                         0x00000000   Number         0  stubs.o ABSOLUTE
    _printf_str                              0x00000000   Number         0  stubs.o ABSOLUTE
    _printf_truncate_signed                  0x00000000   Number         0  stubs.o ABSOLUTE
    _printf_truncate_unsigned                0x00000000   Number         0  stubs.o ABSOLUTE
    _printf_u                                0x00000000   Number         0  stubs.o ABSOLUTE
    _printf_wc                               0x00000000   Number         0  stubs.o ABSOLUTE
    _printf_wctomb                           0x00000000   Number         0  stubs.o ABSOLUTE
    _printf_widthprec                        0x00000000   Number         0  stubs.o ABSOLUTE
    _printf_x                                0x00000000   Number         0  stubs.o ABSOLUTE
    __cpp_initialize__aeabi_                  - Undefined Weak Reference
    __cxa_finalize                            - Undefined Weak Reference
    _clock_init                               - Undefined Weak Reference
    _microlib_exit                            - Undefined Weak Reference
    __Vectors_Size                           0x00000188   Number         0  startup_stm32f40_41xxx.o ABSOLUTE
    __Vectors                                0x08000000   Data           4  startup_stm32f40_41xxx.o(RESET)
    __Vectors_End                            0x08000188   Data           0  startup_stm32f40_41xxx.o(RESET)
    __main                                   0x08000189   Thumb Code     0  entry.o(.ARM.Collect$$$$00000000)
    _main_stk                                0x08000189   Thumb Code     0  entry2.o(.ARM.Collect$$$$00000001)
    _main_scatterload                        0x0800018d   Thumb Code     0  entry5.o(.ARM.Collect$$$$00000004)
    __main_after_scatterload                 0x08000191   Thumb Code     0  entry5.o(.ARM.Collect$$$$00000004)
    _main_clock                              0x08000191   Thumb Code     0  entry7b.o(.ARM.Collect$$$$00000008)
    _main_cpp_init                           0x08000191   Thumb Code     0  entry8b.o(.ARM.Collect$$$$0000000A)
    _main_init                               0x08000191   Thumb Code     0  entry9a.o(.ARM.Collect$$$$0000000B)
    __rt_final_cpp                           0x08000199   Thumb Code     0  entry10a.o(.ARM.Collect$$$$0000000D)
    __rt_final_exit                          0x08000199   Thumb Code     0  entry11a.o(.ARM.Collect$$$$0000000F)
    WFI_SET                                  0x0800019d   Thumb Code     2  sys.o(.emb_text)
    INTX_DISABLE                             0x0800019f   Thumb Code     4  sys.o(.emb_text)
    INTX_ENABLE                              0x080001a3   Thumb Code     4  sys.o(.emb_text)
    MSR_MSP                                  0x080001a7   Thumb Code     6  sys.o(.emb_text)
    Gps_Msg_Show                             0x080001ad   Thumb Code   400  main.o(.text)
    PutData2TXT                              0x0800033d   Thumb Code    62  main.o(.text)
    main                                     0x0800037b   Thumb Code  1538  main.o(.text)
    PutTXTdata2Uart                          0x0800097d   Thumb Code   110  main.o(.text)
    PutTXTdata2TFCardTest                    0x080009eb   Thumb Code   144  main.o(.text)
    NMI_Handler                              0x08000b9d   Thumb Code     2  stm32f4xx_it.o(.text)
    HardFault_Handler                        0x08000b9f   Thumb Code     4  stm32f4xx_it.o(.text)
    MemManage_Handler                        0x08000ba3   Thumb Code     4  stm32f4xx_it.o(.text)
    BusFault_Handler                         0x08000ba7   Thumb Code     4  stm32f4xx_it.o(.text)
    UsageFault_Handler                       0x08000bab   Thumb Code     4  stm32f4xx_it.o(.text)
    SVC_Handler                              0x08000baf   Thumb Code     2  stm32f4xx_it.o(.text)
    DebugMon_Handler                         0x08000bb1   Thumb Code     2  stm32f4xx_it.o(.text)
    PendSV_Handler                           0x08000bb3   Thumb Code     2  stm32f4xx_it.o(.text)
    SysTick_Handler                          0x08000bb5   Thumb Code     2  stm32f4xx_it.o(.text)
    SystemInit                               0x08000c95   Thumb Code    88  system_stm32f4xx.o(.text)
    SystemCoreClockUpdate                    0x08000ced   Thumb Code   174  system_stm32f4xx.o(.text)
    itoa                                     0x08000dc9   Thumb Code   150  meteorological.o(.text)
    CheckCommunication                       0x08000e5f   Thumb Code    66  meteorological.o(.text)
    StartMea                                 0x08000ea1   Thumb Code    18  meteorological.o(.text)
    StopMea                                  0x08000eb3   Thumb Code    66  meteorological.o(.text)
    ReadMeteorVal                            0x08000ef5   Thumb Code    22  meteorological.o(.text)
    LED_Init                                 0x08000f55   Thumb Code    60  led.o(.text)
    KEY_Init                                 0x08000f95   Thumb Code    60  key.o(.text)
    KEY_Scan                                 0x08000fd1   Thumb Code   188  key.o(.text)
    SPI1_ReadWriteByte                       0x08001099   Thumb Code    50  spi.o(.text)
    SPI1_Init                                0x080010cb   Thumb Code   186  spi.o(.text)
    SPI1_SetSpeed                            0x08001185   Thumb Code    36  spi.o(.text)
    W25QXX_ReadID                            0x080011b1   Thumb Code    64  w25qxx.o(.text)
    W25QXX_Init                              0x080011f1   Thumb Code   102  w25qxx.o(.text)
    W25QXX_ReadSR                            0x08001257   Thumb Code    36  w25qxx.o(.text)
    W25QXX_Write_SR                          0x0800127b   Thumb Code    32  w25qxx.o(.text)
    W25QXX_Write_Enable                      0x0800129b   Thumb Code    24  w25qxx.o(.text)
    W25QXX_Write_Disable                     0x080012b3   Thumb Code    24  w25qxx.o(.text)
    W25QXX_Read                              0x080012cb   Thumb Code    74  w25qxx.o(.text)
    W25QXX_Wait_Busy                         0x08001315   Thumb Code    18  w25qxx.o(.text)
    W25QXX_Write_Page                        0x08001327   Thumb Code    80  w25qxx.o(.text)
    W25QXX_Write_NoCheck                     0x08001377   Thumb Code    70  w25qxx.o(.text)
    W25QXX_Erase_Sector                      0x080013bd   Thumb Code    62  w25qxx.o(.text)
    W25QXX_Write                             0x080013fb   Thumb Code   180  w25qxx.o(.text)
    W25QXX_Erase_Chip                        0x080014af   Thumb Code    36  w25qxx.o(.text)
    W25QXX_PowerDown                         0x080014d3   Thumb Code    30  w25qxx.o(.text)
    W25QXX_WAKEUP                            0x080014f1   Thumb Code    30  w25qxx.o(.text)
    SDIO_Register_Deinit                     0x08001529   Thumb Code    48  sdio_sdcard.o(.text)
    SD_SetDeviceMode                         0x08001559   Thumb Code    20  sdio_sdcard.o(.text)
    SDIO_Clock_Set                           0x0800156d   Thumb Code    18  sdio_sdcard.o(.text)
    CmdResp1Error                            0x0800157f   Thumb Code    96  sdio_sdcard.o(.text)
    FindSCR                                  0x080015df   Thumb Code   390  sdio_sdcard.o(.text)
    SDEnWideBus                              0x08001765   Thumb Code   160  sdio_sdcard.o(.text)
    SD_EnableWideBusOperation                0x08001805   Thumb Code    98  sdio_sdcard.o(.text)
    SD_SelectDeselect                        0x08001867   Thumb Code    42  sdio_sdcard.o(.text)
    SD_GetCardInfo                           0x08001891   Thumb Code   806  sdio_sdcard.o(.text)
    CmdResp2Error                            0x08001bb7   Thumb Code    80  sdio_sdcard.o(.text)
    CmdResp6Error                            0x08001c07   Thumb Code   144  sdio_sdcard.o(.text)
    SD_InitializeCards                       0x08001c97   Thumb Code   354  sdio_sdcard.o(.text)
    CmdResp3Error                            0x08001df9   Thumb Code    52  sdio_sdcard.o(.text)
    CmdResp7Error                            0x08001e2d   Thumb Code    72  sdio_sdcard.o(.text)
    CmdError                                 0x08001e75   Thumb Code    48  sdio_sdcard.o(.text)
    SD_PowerON                               0x08001ea5   Thumb Code   460  sdio_sdcard.o(.text)
    SD_Init                                  0x08002071   Thumb Code   334  sdio_sdcard.o(.text)
    SD_PowerOFF                              0x080021bf   Thumb Code    12  sdio_sdcard.o(.text)
    SD_DMA_Config                            0x080021cb   Thumb Code   118  sdio_sdcard.o(.text)
    convert_from_bytes_to_power_of_two       0x08002241   Thumb Code    18  sdio_sdcard.o(.text)
    SD_ReadBlock                             0x08002253   Thumb Code   578  sdio_sdcard.o(.text)
    SD_ReadMultiBlocks                       0x08002495   Thumb Code   762  sdio_sdcard.o(.text)
    IsCardProgramming                        0x0800278f   Thumb Code   150  sdio_sdcard.o(.text)
    SD_WriteBlock                            0x08002825   Thumb Code   914  sdio_sdcard.o(.text)
    SD_WriteMultiBlocks                      0x08002bb7   Thumb Code   976  sdio_sdcard.o(.text)
    SD_ProcessIRQSrc                         0x08002f87   Thumb Code   322  sdio_sdcard.o(.text)
    SDIO_IRQHandler                          0x080030c9   Thumb Code     8  sdio_sdcard.o(.text)
    SD_SendStatus                            0x080030d1   Thumb Code    74  sdio_sdcard.o(.text)
    SD_GetState                              0x0800311b   Thumb Code    26  sdio_sdcard.o(.text)
    SD_ReadDisk                              0x08003135   Thumb Code   188  sdio_sdcard.o(.text)
    SD_WriteDisk                             0x080031f1   Thumb Code   148  sdio_sdcard.o(.text)
    USART2_IRQHandler                        0x08003289   Thumb Code    52  rs485.o(.text)
    RS485_Init                               0x080032bd   Thumb Code   216  rs485.o(.text)
    RS485_Send_Data                          0x08003395   Thumb Code    72  rs485.o(.text)
    RS485_Receive_Data                       0x080033dd   Thumb Code    68  rs485.o(.text)
    USART3_IRQHandler                        0x08003439   Thumb Code    96  usart3.o(.text)
    usart3_init                              0x08003499   Thumb Code   198  usart3.o(.text)
    u3_printf                                0x0800355f   Thumb Code    72  usart3.o(.text)
    TIM7_IRQHandler                          0x080035c1   Thumb Code    42  timer.o(.text)
    TIM7_Int_Init                            0x080035eb   Thumb Code    78  timer.o(.text)
    delay_init                               0x08003641   Thumb Code    52  delay.o(.text)
    delay_us                                 0x08003675   Thumb Code    72  delay.o(.text)
    delay_xms                                0x080036bd   Thumb Code    72  delay.o(.text)
    delay_ms                                 0x08003705   Thumb Code    56  delay.o(.text)
    _sys_exit                                0x08003745   Thumb Code     4  usart.o(.text)
    fputc                                    0x08003749   Thumb Code    22  usart.o(.text)
    uart_init                                0x0800375f   Thumb Code   164  usart.o(.text)
    USART1_IRQHandler                        0x08003803   Thumb Code   122  usart.o(.text)
    Reset_Handler                            0x0800388d   Thumb Code     8  startup_stm32f40_41xxx.o(.text)
    ADC_IRQHandler                           0x080038a7   Thumb Code     0  startup_stm32f40_41xxx.o(.text)
    CAN1_RX0_IRQHandler                      0x080038a7   Thumb Code     0  startup_stm32f40_41xxx.o(.text)
    CAN1_RX1_IRQHandler                      0x080038a7   Thumb Code     0  startup_stm32f40_41xxx.o(.text)
    CAN1_SCE_IRQHandler                      0x080038a7   Thumb Code     0  startup_stm32f40_41xxx.o(.text)
    CAN1_TX_IRQHandler                       0x080038a7   Thumb Code     0  startup_stm32f40_41xxx.o(.text)
    CAN2_RX0_IRQHandler                      0x080038a7   Thumb Code     0  startup_stm32f40_41xxx.o(.text)
    CAN2_RX1_IRQHandler                      0x080038a7   Thumb Code     0  startup_stm32f40_41xxx.o(.text)
    CAN2_SCE_IRQHandler                      0x080038a7   Thumb Code     0  startup_stm32f40_41xxx.o(.text)
    CAN2_TX_IRQHandler                       0x080038a7   Thumb Code     0  startup_stm32f40_41xxx.o(.text)
    CRYP_IRQHandler                          0x080038a7   Thumb Code     0  startup_stm32f40_41xxx.o(.text)
    DCMI_IRQHandler                          0x080038a7   Thumb Code     0  startup_stm32f40_41xxx.o(.text)
    DMA1_Stream0_IRQHandler                  0x080038a7   Thumb Code     0  startup_stm32f40_41xxx.o(.text)
    DMA1_Stream1_IRQHandler                  0x080038a7   Thumb Code     0  startup_stm32f40_41xxx.o(.text)
    DMA1_Stream2_IRQHandler                  0x080038a7   Thumb Code     0  startup_stm32f40_41xxx.o(.text)
    DMA1_Stream3_IRQHandler                  0x080038a7   Thumb Code     0  startup_stm32f40_41xxx.o(.text)
    DMA1_Stream4_IRQHandler                  0x080038a7   Thumb Code     0  startup_stm32f40_41xxx.o(.text)
    DMA1_Stream5_IRQHandler                  0x080038a7   Thumb Code     0  startup_stm32f40_41xxx.o(.text)
    DMA1_Stream6_IRQHandler                  0x080038a7   Thumb Code     0  startup_stm32f40_41xxx.o(.text)
    DMA1_Stream7_IRQHandler                  0x080038a7   Thumb Code     0  startup_stm32f40_41xxx.o(.text)
    DMA2_Stream0_IRQHandler                  0x080038a7   Thumb Code     0  startup_stm32f40_41xxx.o(.text)
    DMA2_Stream1_IRQHandler                  0x080038a7   Thumb Code     0  startup_stm32f40_41xxx.o(.text)
    DMA2_Stream2_IRQHandler                  0x080038a7   Thumb Code     0  startup_stm32f40_41xxx.o(.text)
    DMA2_Stream3_IRQHandler                  0x080038a7   Thumb Code     0  startup_stm32f40_41xxx.o(.text)
    DMA2_Stream4_IRQHandler                  0x080038a7   Thumb Code     0  startup_stm32f40_41xxx.o(.text)
    DMA2_Stream5_IRQHandler                  0x080038a7   Thumb Code     0  startup_stm32f40_41xxx.o(.text)
    DMA2_Stream6_IRQHandler                  0x080038a7   Thumb Code     0  startup_stm32f40_41xxx.o(.text)
    DMA2_Stream7_IRQHandler                  0x080038a7   Thumb Code     0  startup_stm32f40_41xxx.o(.text)
    ETH_IRQHandler                           0x080038a7   Thumb Code     0  startup_stm32f40_41xxx.o(.text)
    ETH_WKUP_IRQHandler                      0x080038a7   Thumb Code     0  startup_stm32f40_41xxx.o(.text)
    EXTI0_IRQHandler                         0x080038a7   Thumb Code     0  startup_stm32f40_41xxx.o(.text)
    EXTI15_10_IRQHandler                     0x080038a7   Thumb Code     0  startup_stm32f40_41xxx.o(.text)
    EXTI1_IRQHandler                         0x080038a7   Thumb Code     0  startup_stm32f40_41xxx.o(.text)
    EXTI2_IRQHandler                         0x080038a7   Thumb Code     0  startup_stm32f40_41xxx.o(.text)
    EXTI3_IRQHandler                         0x080038a7   Thumb Code     0  startup_stm32f40_41xxx.o(.text)
    EXTI4_IRQHandler                         0x080038a7   Thumb Code     0  startup_stm32f40_41xxx.o(.text)
    EXTI9_5_IRQHandler                       0x080038a7   Thumb Code     0  startup_stm32f40_41xxx.o(.text)
    FLASH_IRQHandler                         0x080038a7   Thumb Code     0  startup_stm32f40_41xxx.o(.text)
    FPU_IRQHandler                           0x080038a7   Thumb Code     0  startup_stm32f40_41xxx.o(.text)
    FSMC_IRQHandler                          0x080038a7   Thumb Code     0  startup_stm32f40_41xxx.o(.text)
    HASH_RNG_IRQHandler                      0x080038a7   Thumb Code     0  startup_stm32f40_41xxx.o(.text)
    I2C1_ER_IRQHandler                       0x080038a7   Thumb Code     0  startup_stm32f40_41xxx.o(.text)
    I2C1_EV_IRQHandler                       0x080038a7   Thumb Code     0  startup_stm32f40_41xxx.o(.text)
    I2C2_ER_IRQHandler                       0x080038a7   Thumb Code     0  startup_stm32f40_41xxx.o(.text)
    I2C2_EV_IRQHandler                       0x080038a7   Thumb Code     0  startup_stm32f40_41xxx.o(.text)
    I2C3_ER_IRQHandler                       0x080038a7   Thumb Code     0  startup_stm32f40_41xxx.o(.text)
    I2C3_EV_IRQHandler                       0x080038a7   Thumb Code     0  startup_stm32f40_41xxx.o(.text)
    OTG_FS_IRQHandler                        0x080038a7   Thumb Code     0  startup_stm32f40_41xxx.o(.text)
    OTG_FS_WKUP_IRQHandler                   0x080038a7   Thumb Code     0  startup_stm32f40_41xxx.o(.text)
    OTG_HS_EP1_IN_IRQHandler                 0x080038a7   Thumb Code     0  startup_stm32f40_41xxx.o(.text)
    OTG_HS_EP1_OUT_IRQHandler                0x080038a7   Thumb Code     0  startup_stm32f40_41xxx.o(.text)
    OTG_HS_IRQHandler                        0x080038a7   Thumb Code     0  startup_stm32f40_41xxx.o(.text)
    OTG_HS_WKUP_IRQHandler                   0x080038a7   Thumb Code     0  startup_stm32f40_41xxx.o(.text)
    PVD_IRQHandler                           0x080038a7   Thumb Code     0  startup_stm32f40_41xxx.o(.text)
    RCC_IRQHandler                           0x080038a7   Thumb Code     0  startup_stm32f40_41xxx.o(.text)
    RTC_Alarm_IRQHandler                     0x080038a7   Thumb Code     0  startup_stm32f40_41xxx.o(.text)
    RTC_WKUP_IRQHandler                      0x080038a7   Thumb Code     0  startup_stm32f40_41xxx.o(.text)
    SPI1_IRQHandler                          0x080038a7   Thumb Code     0  startup_stm32f40_41xxx.o(.text)
    SPI2_IRQHandler                          0x080038a7   Thumb Code     0  startup_stm32f40_41xxx.o(.text)
    SPI3_IRQHandler                          0x080038a7   Thumb Code     0  startup_stm32f40_41xxx.o(.text)
    TAMP_STAMP_IRQHandler                    0x080038a7   Thumb Code     0  startup_stm32f40_41xxx.o(.text)
    TIM1_BRK_TIM9_IRQHandler                 0x080038a7   Thumb Code     0  startup_stm32f40_41xxx.o(.text)
    TIM1_CC_IRQHandler                       0x080038a7   Thumb Code     0  startup_stm32f40_41xxx.o(.text)
    TIM1_TRG_COM_TIM11_IRQHandler            0x080038a7   Thumb Code     0  startup_stm32f40_41xxx.o(.text)
    TIM1_UP_TIM10_IRQHandler                 0x080038a7   Thumb Code     0  startup_stm32f40_41xxx.o(.text)
    TIM2_IRQHandler                          0x080038a7   Thumb Code     0  startup_stm32f40_41xxx.o(.text)
    TIM3_IRQHandler                          0x080038a7   Thumb Code     0  startup_stm32f40_41xxx.o(.text)
    TIM5_IRQHandler                          0x080038a7   Thumb Code     0  startup_stm32f40_41xxx.o(.text)
    TIM6_DAC_IRQHandler                      0x080038a7   Thumb Code     0  startup_stm32f40_41xxx.o(.text)
    TIM8_BRK_TIM12_IRQHandler                0x080038a7   Thumb Code     0  startup_stm32f40_41xxx.o(.text)
    TIM8_CC_IRQHandler                       0x080038a7   Thumb Code     0  startup_stm32f40_41xxx.o(.text)
    TIM8_TRG_COM_TIM14_IRQHandler            0x080038a7   Thumb Code     0  startup_stm32f40_41xxx.o(.text)
    TIM8_UP_TIM13_IRQHandler                 0x080038a7   Thumb Code     0  startup_stm32f40_41xxx.o(.text)
    UART4_IRQHandler                         0x080038a7   Thumb Code     0  startup_stm32f40_41xxx.o(.text)
    UART5_IRQHandler                         0x080038a7   Thumb Code     0  startup_stm32f40_41xxx.o(.text)
    USART6_IRQHandler                        0x080038a7   Thumb Code     0  startup_stm32f40_41xxx.o(.text)
    WWDG_IRQHandler                          0x080038a7   Thumb Code     0  startup_stm32f40_41xxx.o(.text)
    NVIC_PriorityGroupConfig                 0x080038b1   Thumb Code    10  misc.o(.text)
    NVIC_Init                                0x080038bb   Thumb Code   106  misc.o(.text)
    NVIC_SetVectorTable                      0x08003925   Thumb Code    14  misc.o(.text)
    NVIC_SystemLPConfig                      0x08003933   Thumb Code    34  misc.o(.text)
    SysTick_CLKSourceConfig                  0x08003955   Thumb Code    40  misc.o(.text)
    GPIO_DeInit                              0x08003991   Thumb Code   268  stm32f4xx_gpio.o(.text)
    GPIO_Init                                0x08003a9d   Thumb Code   144  stm32f4xx_gpio.o(.text)
    GPIO_StructInit                          0x08003b2d   Thumb Code    18  stm32f4xx_gpio.o(.text)
    GPIO_PinLockConfig                       0x08003b3f   Thumb Code    34  stm32f4xx_gpio.o(.text)
    GPIO_ReadInputDataBit                    0x08003b61   Thumb Code    18  stm32f4xx_gpio.o(.text)
    GPIO_ReadInputData                       0x08003b73   Thumb Code     8  stm32f4xx_gpio.o(.text)
    GPIO_ReadOutputDataBit                   0x08003b7b   Thumb Code    18  stm32f4xx_gpio.o(.text)
    GPIO_ReadOutputData                      0x08003b8d   Thumb Code     8  stm32f4xx_gpio.o(.text)
    GPIO_SetBits                             0x08003b95   Thumb Code     4  stm32f4xx_gpio.o(.text)
    GPIO_ResetBits                           0x08003b99   Thumb Code     4  stm32f4xx_gpio.o(.text)
    GPIO_WriteBit                            0x08003b9d   Thumb Code    10  stm32f4xx_gpio.o(.text)
    GPIO_Write                               0x08003ba7   Thumb Code     4  stm32f4xx_gpio.o(.text)
    GPIO_ToggleBits                          0x08003bab   Thumb Code     8  stm32f4xx_gpio.o(.text)
    GPIO_PinAFConfig                         0x08003bb3   Thumb Code    70  stm32f4xx_gpio.o(.text)
    SDIO_DeInit                              0x08003c25   Thumb Code    22  stm32f4xx_sdio.o(.text)
    SDIO_Init                                0x08003c3b   Thumb Code    42  stm32f4xx_sdio.o(.text)
    SDIO_StructInit                          0x08003c65   Thumb Code    16  stm32f4xx_sdio.o(.text)
    SDIO_ClockCmd                            0x08003c75   Thumb Code     6  stm32f4xx_sdio.o(.text)
    SDIO_SetPowerState                       0x08003c7b   Thumb Code     8  stm32f4xx_sdio.o(.text)
    SDIO_GetPowerState                       0x08003c83   Thumb Code    12  stm32f4xx_sdio.o(.text)
    SDIO_SendCommand                         0x08003c8f   Thumb Code    42  stm32f4xx_sdio.o(.text)
    SDIO_CmdStructInit                       0x08003cb9   Thumb Code    14  stm32f4xx_sdio.o(.text)
    SDIO_GetCommandResponse                  0x08003cc7   Thumb Code    10  stm32f4xx_sdio.o(.text)
    SDIO_GetResponse                         0x08003cd1   Thumb Code    22  stm32f4xx_sdio.o(.text)
    SDIO_DataConfig                          0x08003ce7   Thumb Code    48  stm32f4xx_sdio.o(.text)
    SDIO_DataStructInit                      0x08003d17   Thumb Code    20  stm32f4xx_sdio.o(.text)
    SDIO_GetDataCounter                      0x08003d2b   Thumb Code     8  stm32f4xx_sdio.o(.text)
    SDIO_ReadData                            0x08003d33   Thumb Code     8  stm32f4xx_sdio.o(.text)
    SDIO_WriteData                           0x08003d3b   Thumb Code     8  stm32f4xx_sdio.o(.text)
    SDIO_GetFIFOCount                        0x08003d43   Thumb Code     8  stm32f4xx_sdio.o(.text)
    SDIO_StartSDIOReadWait                   0x08003d4b   Thumb Code     6  stm32f4xx_sdio.o(.text)
    SDIO_StopSDIOReadWait                    0x08003d51   Thumb Code     8  stm32f4xx_sdio.o(.text)
    SDIO_SetSDIOReadWaitMode                 0x08003d59   Thumb Code     8  stm32f4xx_sdio.o(.text)
    SDIO_SetSDIOOperation                    0x08003d61   Thumb Code     8  stm32f4xx_sdio.o(.text)
    SDIO_SendSDIOSuspendCmd                  0x08003d69   Thumb Code     6  stm32f4xx_sdio.o(.text)
    SDIO_CommandCompletionCmd                0x08003d6f   Thumb Code     8  stm32f4xx_sdio.o(.text)
    SDIO_CEATAITCmd                          0x08003d77   Thumb Code    12  stm32f4xx_sdio.o(.text)
    SDIO_SendCEATACmd                        0x08003d83   Thumb Code     8  stm32f4xx_sdio.o(.text)
    SDIO_DMACmd                              0x08003d8b   Thumb Code     8  stm32f4xx_sdio.o(.text)
    SDIO_ITConfig                            0x08003d93   Thumb Code    34  stm32f4xx_sdio.o(.text)
    SDIO_GetFlagStatus                       0x08003db5   Thumb Code    22  stm32f4xx_sdio.o(.text)
    SDIO_ClearFlag                           0x08003dcb   Thumb Code     8  stm32f4xx_sdio.o(.text)
    SDIO_GetITStatus                         0x08003dd3   Thumb Code    22  stm32f4xx_sdio.o(.text)
    SDIO_ClearITPendingBit                   0x08003de9   Thumb Code     8  stm32f4xx_sdio.o(.text)
    RCC_DeInit                               0x08003e01   Thumb Code    82  stm32f4xx_rcc.o(.text)
    RCC_HSEConfig                            0x08003e53   Thumb Code    14  stm32f4xx_rcc.o(.text)
    RCC_GetFlagStatus                        0x08003e61   Thumb Code    60  stm32f4xx_rcc.o(.text)
    RCC_WaitForHSEStartUp                    0x08003e9d   Thumb Code    56  stm32f4xx_rcc.o(.text)
    RCC_AdjustHSICalibrationValue            0x08003ed5   Thumb Code    20  stm32f4xx_rcc.o(.text)
    RCC_HSICmd                               0x08003ee9   Thumb Code     6  stm32f4xx_rcc.o(.text)
    RCC_LSEConfig                            0x08003eef   Thumb Code    46  stm32f4xx_rcc.o(.text)
    RCC_LSICmd                               0x08003f1d   Thumb Code     6  stm32f4xx_rcc.o(.text)
    RCC_PLLConfig                            0x08003f23   Thumb Code    32  stm32f4xx_rcc.o(.text)
    RCC_PLLCmd                               0x08003f43   Thumb Code     6  stm32f4xx_rcc.o(.text)
    RCC_PLLI2SConfig                         0x08003f49   Thumb Code    14  stm32f4xx_rcc.o(.text)
    RCC_PLLI2SCmd                            0x08003f57   Thumb Code     6  stm32f4xx_rcc.o(.text)
    RCC_PLLSAIConfig                         0x08003f5d   Thumb Code    20  stm32f4xx_rcc.o(.text)
    RCC_PLLSAICmd                            0x08003f71   Thumb Code     6  stm32f4xx_rcc.o(.text)
    RCC_ClockSecuritySystemCmd               0x08003f77   Thumb Code     6  stm32f4xx_rcc.o(.text)
    RCC_MCO1Config                           0x08003f7d   Thumb Code    28  stm32f4xx_rcc.o(.text)
    RCC_MCO2Config                           0x08003f99   Thumb Code    28  stm32f4xx_rcc.o(.text)
    RCC_SYSCLKConfig                         0x08003fb5   Thumb Code    20  stm32f4xx_rcc.o(.text)
    RCC_GetSYSCLKSource                      0x08003fc9   Thumb Code    12  stm32f4xx_rcc.o(.text)
    RCC_HCLKConfig                           0x08003fd5   Thumb Code    20  stm32f4xx_rcc.o(.text)
    RCC_PCLK1Config                          0x08003fe9   Thumb Code    20  stm32f4xx_rcc.o(.text)
    RCC_PCLK2Config                          0x08003ffd   Thumb Code    22  stm32f4xx_rcc.o(.text)
    RCC_GetClocksFreq                        0x08004013   Thumb Code   222  stm32f4xx_rcc.o(.text)
    RCC_RTCCLKConfig                         0x080040f1   Thumb Code    54  stm32f4xx_rcc.o(.text)
    RCC_RTCCLKCmd                            0x08004127   Thumb Code     8  stm32f4xx_rcc.o(.text)
    RCC_BackupResetCmd                       0x0800412f   Thumb Code     8  stm32f4xx_rcc.o(.text)
    RCC_I2SCLKConfig                         0x08004137   Thumb Code     6  stm32f4xx_rcc.o(.text)
    RCC_SAIPLLI2SClkDivConfig                0x0800413d   Thumb Code    26  stm32f4xx_rcc.o(.text)
    RCC_SAIPLLSAIClkDivConfig                0x08004157   Thumb Code    28  stm32f4xx_rcc.o(.text)
    RCC_SAIBlockACLKConfig                   0x08004173   Thumb Code    20  stm32f4xx_rcc.o(.text)
    RCC_SAIBlockBCLKConfig                   0x08004187   Thumb Code    20  stm32f4xx_rcc.o(.text)
    RCC_LTDCCLKDivConfig                     0x0800419b   Thumb Code    20  stm32f4xx_rcc.o(.text)
    RCC_TIMCLKPresConfig                     0x080041af   Thumb Code     6  stm32f4xx_rcc.o(.text)
    RCC_AHB1PeriphClockCmd                   0x080041b5   Thumb Code    34  stm32f4xx_rcc.o(.text)
    RCC_AHB2PeriphClockCmd                   0x080041d7   Thumb Code    78  stm32f4xx_rcc.o(.text)
    RCC_AHB3PeriphClockCmd                   0x08004225   Thumb Code    34  stm32f4xx_rcc.o(.text)
    RCC_APB1PeriphClockCmd                   0x08004247   Thumb Code    34  stm32f4xx_rcc.o(.text)
    RCC_APB2PeriphClockCmd                   0x08004269   Thumb Code    34  stm32f4xx_rcc.o(.text)
    RCC_AHB1PeriphResetCmd                   0x0800428b   Thumb Code    34  stm32f4xx_rcc.o(.text)
    RCC_AHB2PeriphResetCmd                   0x080042ad   Thumb Code    34  stm32f4xx_rcc.o(.text)
    RCC_AHB3PeriphResetCmd                   0x080042cf   Thumb Code    34  stm32f4xx_rcc.o(.text)
    RCC_APB1PeriphResetCmd                   0x080042f1   Thumb Code    34  stm32f4xx_rcc.o(.text)
    RCC_APB2PeriphResetCmd                   0x08004313   Thumb Code    34  stm32f4xx_rcc.o(.text)
    RCC_AHB1PeriphClockLPModeCmd             0x08004335   Thumb Code    34  stm32f4xx_rcc.o(.text)
    RCC_AHB2PeriphClockLPModeCmd             0x08004357   Thumb Code    34  stm32f4xx_rcc.o(.text)
    RCC_AHB3PeriphClockLPModeCmd             0x08004379   Thumb Code    34  stm32f4xx_rcc.o(.text)
    RCC_APB1PeriphClockLPModeCmd             0x0800439b   Thumb Code    34  stm32f4xx_rcc.o(.text)
    RCC_APB2PeriphClockLPModeCmd             0x080043bd   Thumb Code    34  stm32f4xx_rcc.o(.text)
    RCC_LSEModeConfig                        0x080043df   Thumb Code    40  stm32f4xx_rcc.o(.text)
    RCC_ITConfig                             0x08004407   Thumb Code    34  stm32f4xx_rcc.o(.text)
    RCC_ClearFlag                            0x08004429   Thumb Code    18  stm32f4xx_rcc.o(.text)
    RCC_GetITStatus                          0x0800443b   Thumb Code    22  stm32f4xx_rcc.o(.text)
    RCC_ClearITPendingBit                    0x08004451   Thumb Code     8  stm32f4xx_rcc.o(.text)
    USART_DeInit                             0x0800445d   Thumb Code   206  stm32f4xx_usart.o(.text)
    USART_Init                               0x0800452b   Thumb Code   204  stm32f4xx_usart.o(.text)
    USART_StructInit                         0x080045f7   Thumb Code    24  stm32f4xx_usart.o(.text)
    USART_ClockInit                          0x0800460f   Thumb Code    32  stm32f4xx_usart.o(.text)
    USART_ClockStructInit                    0x0800462f   Thumb Code    12  stm32f4xx_usart.o(.text)
    USART_Cmd                                0x0800463b   Thumb Code    24  stm32f4xx_usart.o(.text)
    USART_SetPrescaler                       0x08004653   Thumb Code    16  stm32f4xx_usart.o(.text)
    USART_OverSampling8Cmd                   0x08004663   Thumb Code    22  stm32f4xx_usart.o(.text)
    USART_OneBitMethodCmd                    0x08004679   Thumb Code    24  stm32f4xx_usart.o(.text)
    USART_SendData                           0x08004691   Thumb Code     8  stm32f4xx_usart.o(.text)
    USART_ReceiveData                        0x08004699   Thumb Code    10  stm32f4xx_usart.o(.text)
    USART_SetAddress                         0x080046a3   Thumb Code    18  stm32f4xx_usart.o(.text)
    USART_ReceiverWakeUpCmd                  0x080046b5   Thumb Code    24  stm32f4xx_usart.o(.text)
    USART_WakeUpConfig                       0x080046cd   Thumb Code    18  stm32f4xx_usart.o(.text)
    USART_LINBreakDetectLengthConfig         0x080046df   Thumb Code    18  stm32f4xx_usart.o(.text)
    USART_LINCmd                             0x080046f1   Thumb Code    24  stm32f4xx_usart.o(.text)
    USART_SendBreak                          0x08004709   Thumb Code    10  stm32f4xx_usart.o(.text)
    USART_HalfDuplexCmd                      0x08004713   Thumb Code    24  stm32f4xx_usart.o(.text)
    USART_SetGuardTime                       0x0800472b   Thumb Code    16  stm32f4xx_usart.o(.text)
    USART_SmartCardCmd                       0x0800473b   Thumb Code    24  stm32f4xx_usart.o(.text)
    USART_SmartCardNACKCmd                   0x08004753   Thumb Code    24  stm32f4xx_usart.o(.text)
    USART_IrDAConfig                         0x0800476b   Thumb Code    18  stm32f4xx_usart.o(.text)
    USART_IrDACmd                            0x0800477d   Thumb Code    24  stm32f4xx_usart.o(.text)
    USART_DMACmd                             0x08004795   Thumb Code    18  stm32f4xx_usart.o(.text)
    USART_ITConfig                           0x080047a7   Thumb Code    74  stm32f4xx_usart.o(.text)
    USART_GetFlagStatus                      0x080047f1   Thumb Code    26  stm32f4xx_usart.o(.text)
    USART_ClearFlag                          0x0800480b   Thumb Code    18  stm32f4xx_usart.o(.text)
    USART_GetITStatus                        0x0800481d   Thumb Code   118  stm32f4xx_usart.o(.text)
    USART_ClearITPendingBit                  0x08004893   Thumb Code    30  stm32f4xx_usart.o(.text)
    DMA_DeInit                               0x080048b1   Thumb Code   324  stm32f4xx_dma.o(.text)
    DMA_Init                                 0x080049f5   Thumb Code    82  stm32f4xx_dma.o(.text)
    DMA_StructInit                           0x08004a47   Thumb Code    34  stm32f4xx_dma.o(.text)
    DMA_Cmd                                  0x08004a69   Thumb Code    22  stm32f4xx_dma.o(.text)
    DMA_PeriphIncOffsetSizeConfig            0x08004a7f   Thumb Code    22  stm32f4xx_dma.o(.text)
    DMA_FlowControllerConfig                 0x08004a95   Thumb Code    22  stm32f4xx_dma.o(.text)
    DMA_SetCurrDataCounter                   0x08004aab   Thumb Code     4  stm32f4xx_dma.o(.text)
    DMA_GetCurrDataCounter                   0x08004aaf   Thumb Code     8  stm32f4xx_dma.o(.text)
    DMA_DoubleBufferModeConfig               0x08004ab7   Thumb Code    24  stm32f4xx_dma.o(.text)
    DMA_DoubleBufferModeCmd                  0x08004acf   Thumb Code    22  stm32f4xx_dma.o(.text)
    DMA_MemoryTargetConfig                   0x08004ae5   Thumb Code    10  stm32f4xx_dma.o(.text)
    DMA_GetCurrentMemoryTarget               0x08004aef   Thumb Code    20  stm32f4xx_dma.o(.text)
    DMA_GetCmdStatus                         0x08004b03   Thumb Code    20  stm32f4xx_dma.o(.text)
    DMA_GetFIFOStatus                        0x08004b17   Thumb Code    12  stm32f4xx_dma.o(.text)
    DMA_GetFlagStatus                        0x08004b23   Thumb Code    56  stm32f4xx_dma.o(.text)
    DMA_ClearFlag                            0x08004b5b   Thumb Code    40  stm32f4xx_dma.o(.text)
    DMA_ITConfig                             0x08004b83   Thumb Code    58  stm32f4xx_dma.o(.text)
    DMA_GetITStatus                          0x08004bbd   Thumb Code    84  stm32f4xx_dma.o(.text)
    DMA_ClearITPendingBit                    0x08004c11   Thumb Code    40  stm32f4xx_dma.o(.text)
    TIM_DeInit                               0x08004c59   Thumb Code   346  stm32f4xx_tim.o(.text)
    TIM_TimeBaseInit                         0x08004db3   Thumb Code   104  stm32f4xx_tim.o(.text)
    TIM_TimeBaseStructInit                   0x08004e1b   Thumb Code    18  stm32f4xx_tim.o(.text)
    TIM_PrescalerConfig                      0x08004e2d   Thumb Code     6  stm32f4xx_tim.o(.text)
    TIM_CounterModeConfig                    0x08004e33   Thumb Code    18  stm32f4xx_tim.o(.text)
    TIM_SetCounter                           0x08004e45   Thumb Code     4  stm32f4xx_tim.o(.text)
    TIM_SetAutoreload                        0x08004e49   Thumb Code     4  stm32f4xx_tim.o(.text)
    TIM_GetCounter                           0x08004e4d   Thumb Code     6  stm32f4xx_tim.o(.text)
    TIM_GetPrescaler                         0x08004e53   Thumb Code     6  stm32f4xx_tim.o(.text)
    TIM_UpdateDisableConfig                  0x08004e59   Thumb Code    24  stm32f4xx_tim.o(.text)
    TIM_UpdateRequestConfig                  0x08004e71   Thumb Code    24  stm32f4xx_tim.o(.text)
    TIM_ARRPreloadConfig                     0x08004e89   Thumb Code    24  stm32f4xx_tim.o(.text)
    TIM_SelectOnePulseMode                   0x08004ea1   Thumb Code    18  stm32f4xx_tim.o(.text)
    TIM_SetClockDivision                     0x08004eb3   Thumb Code    18  stm32f4xx_tim.o(.text)
    TIM_Cmd                                  0x08004ec5   Thumb Code    24  stm32f4xx_tim.o(.text)
    TIM_OC1Init                              0x08004edd   Thumb Code   114  stm32f4xx_tim.o(.text)
    TIM_OC2Init                              0x08004f4f   Thumb Code   154  stm32f4xx_tim.o(.text)
    TIM_OC3Init                              0x08004fe9   Thumb Code   204  stm32f4xx_tim.o(.text)
    TIM_OC4Init                              0x080050b5   Thumb Code   112  stm32f4xx_tim.o(.text)
    TIM_OCStructInit                         0x08005125   Thumb Code    20  stm32f4xx_tim.o(.text)
    TIM_SelectOCxM                           0x08005139   Thumb Code    86  stm32f4xx_tim.o(.text)
    TIM_SetCompare1                          0x0800518f   Thumb Code     4  stm32f4xx_tim.o(.text)
    TIM_SetCompare2                          0x08005193   Thumb Code     4  stm32f4xx_tim.o(.text)
    TIM_SetCompare3                          0x08005197   Thumb Code     4  stm32f4xx_tim.o(.text)
    TIM_SetCompare4                          0x0800519b   Thumb Code     4  stm32f4xx_tim.o(.text)
    TIM_ForcedOC1Config                      0x0800519f   Thumb Code    18  stm32f4xx_tim.o(.text)
    TIM_ForcedOC2Config                      0x080051b1   Thumb Code    26  stm32f4xx_tim.o(.text)
    TIM_ForcedOC3Config                      0x080051cb   Thumb Code    18  stm32f4xx_tim.o(.text)
    TIM_ForcedOC4Config                      0x080051dd   Thumb Code    26  stm32f4xx_tim.o(.text)
    TIM_OC1PreloadConfig                     0x080051f7   Thumb Code    18  stm32f4xx_tim.o(.text)
    TIM_OC2PreloadConfig                     0x08005209   Thumb Code    26  stm32f4xx_tim.o(.text)
    TIM_OC3PreloadConfig                     0x08005223   Thumb Code    18  stm32f4xx_tim.o(.text)
    TIM_OC4PreloadConfig                     0x08005235   Thumb Code    26  stm32f4xx_tim.o(.text)
    TIM_OC1FastConfig                        0x0800524f   Thumb Code    18  stm32f4xx_tim.o(.text)
    TIM_OC2FastConfig                        0x08005261   Thumb Code    26  stm32f4xx_tim.o(.text)
    TIM_OC3FastConfig                        0x0800527b   Thumb Code    18  stm32f4xx_tim.o(.text)
    TIM_OC4FastConfig                        0x0800528d   Thumb Code    26  stm32f4xx_tim.o(.text)
    TIM_ClearOC1Ref                          0x080052a7   Thumb Code    18  stm32f4xx_tim.o(.text)
    TIM_ClearOC2Ref                          0x080052b9   Thumb Code    24  stm32f4xx_tim.o(.text)
    TIM_ClearOC3Ref                          0x080052d1   Thumb Code    18  stm32f4xx_tim.o(.text)
    TIM_ClearOC4Ref                          0x080052e3   Thumb Code    24  stm32f4xx_tim.o(.text)
    TIM_OC1PolarityConfig                    0x080052fb   Thumb Code    18  stm32f4xx_tim.o(.text)
    TIM_OC1NPolarityConfig                   0x0800530d   Thumb Code    18  stm32f4xx_tim.o(.text)
    TIM_OC2PolarityConfig                    0x0800531f   Thumb Code    26  stm32f4xx_tim.o(.text)
    TIM_OC2NPolarityConfig                   0x08005339   Thumb Code    26  stm32f4xx_tim.o(.text)
    TIM_OC3PolarityConfig                    0x08005353   Thumb Code    26  stm32f4xx_tim.o(.text)
    TIM_OC3NPolarityConfig                   0x0800536d   Thumb Code    26  stm32f4xx_tim.o(.text)
    TIM_OC4PolarityConfig                    0x08005387   Thumb Code    26  stm32f4xx_tim.o(.text)
    TIM_CCxCmd                               0x080053a1   Thumb Code    30  stm32f4xx_tim.o(.text)
    TIM_CCxNCmd                              0x080053bf   Thumb Code    30  stm32f4xx_tim.o(.text)
    TIM_SetIC4Prescaler                      0x080053dd   Thumb Code    26  stm32f4xx_tim.o(.text)
    TIM_SetIC3Prescaler                      0x08005447   Thumb Code    18  stm32f4xx_tim.o(.text)
    TIM_SetIC2Prescaler                      0x080054a1   Thumb Code    26  stm32f4xx_tim.o(.text)
    TIM_SetIC1Prescaler                      0x08005515   Thumb Code    18  stm32f4xx_tim.o(.text)
    TIM_ICInit                               0x08005561   Thumb Code   110  stm32f4xx_tim.o(.text)
    TIM_ICStructInit                         0x080055cf   Thumb Code    18  stm32f4xx_tim.o(.text)
    TIM_PWMIConfig                           0x080055e1   Thumb Code   124  stm32f4xx_tim.o(.text)
    TIM_GetCapture1                          0x0800565d   Thumb Code     6  stm32f4xx_tim.o(.text)
    TIM_GetCapture2                          0x08005663   Thumb Code     6  stm32f4xx_tim.o(.text)
    TIM_GetCapture3                          0x08005669   Thumb Code     6  stm32f4xx_tim.o(.text)
    TIM_GetCapture4                          0x0800566f   Thumb Code     6  stm32f4xx_tim.o(.text)
    TIM_BDTRConfig                           0x08005675   Thumb Code    32  stm32f4xx_tim.o(.text)
    TIM_BDTRStructInit                       0x08005695   Thumb Code    18  stm32f4xx_tim.o(.text)
    TIM_CtrlPWMOutputs                       0x080056a7   Thumb Code    30  stm32f4xx_tim.o(.text)
    TIM_SelectCOM                            0x080056c5   Thumb Code    24  stm32f4xx_tim.o(.text)
    TIM_CCPreloadControl                     0x080056dd   Thumb Code    24  stm32f4xx_tim.o(.text)
    TIM_ITConfig                             0x080056f5   Thumb Code    18  stm32f4xx_tim.o(.text)
    TIM_GenerateEvent                        0x08005707   Thumb Code     4  stm32f4xx_tim.o(.text)
    TIM_GetFlagStatus                        0x0800570b   Thumb Code    18  stm32f4xx_tim.o(.text)
    TIM_ClearFlag                            0x0800571d   Thumb Code     6  stm32f4xx_tim.o(.text)
    TIM_GetITStatus                          0x08005723   Thumb Code    34  stm32f4xx_tim.o(.text)
    TIM_ClearITPendingBit                    0x08005745   Thumb Code     6  stm32f4xx_tim.o(.text)
    TIM_DMAConfig                            0x0800574b   Thumb Code    10  stm32f4xx_tim.o(.text)
    TIM_DMACmd                               0x08005755   Thumb Code    18  stm32f4xx_tim.o(.text)
    TIM_SelectCCDMA                          0x08005767   Thumb Code    24  stm32f4xx_tim.o(.text)
    TIM_InternalClockConfig                  0x0800577f   Thumb Code    12  stm32f4xx_tim.o(.text)
    TIM_SelectInputTrigger                   0x0800578b   Thumb Code    18  stm32f4xx_tim.o(.text)
    TIM_ITRxExternalClockConfig              0x0800579d   Thumb Code    24  stm32f4xx_tim.o(.text)
    TIM_TIxExternalClockConfig               0x080057b5   Thumb Code    62  stm32f4xx_tim.o(.text)
    TIM_ETRConfig                            0x080057f3   Thumb Code    28  stm32f4xx_tim.o(.text)
    TIM_ETRClockMode1Config                  0x0800580f   Thumb Code    54  stm32f4xx_tim.o(.text)
    TIM_ETRClockMode2Config                  0x08005845   Thumb Code    32  stm32f4xx_tim.o(.text)
    TIM_SelectOutputTrigger                  0x08005865   Thumb Code    18  stm32f4xx_tim.o(.text)
    TIM_SelectSlaveMode                      0x08005877   Thumb Code    18  stm32f4xx_tim.o(.text)
    TIM_SelectMasterSlaveMode                0x08005889   Thumb Code    18  stm32f4xx_tim.o(.text)
    TIM_EncoderInterfaceConfig               0x0800589b   Thumb Code    66  stm32f4xx_tim.o(.text)
    TIM_SelectHallSensor                     0x080058dd   Thumb Code    24  stm32f4xx_tim.o(.text)
    TIM_RemapConfig                          0x080058f5   Thumb Code     6  stm32f4xx_tim.o(.text)
    SPI_I2S_DeInit                           0x080058fd   Thumb Code   152  stm32f4xx_spi.o(.text)
    SPI_Init                                 0x08005995   Thumb Code    60  stm32f4xx_spi.o(.text)
    I2S_Init                                 0x080059d1   Thumb Code   396  stm32f4xx_spi.o(.text)
    SPI_StructInit                           0x08005b5d   Thumb Code    24  stm32f4xx_spi.o(.text)
    I2S_StructInit                           0x08005b75   Thumb Code    20  stm32f4xx_spi.o(.text)
    SPI_Cmd                                  0x08005b89   Thumb Code    24  stm32f4xx_spi.o(.text)
    I2S_Cmd                                  0x08005ba1   Thumb Code    24  stm32f4xx_spi.o(.text)
    SPI_DataSizeConfig                       0x08005bb9   Thumb Code    18  stm32f4xx_spi.o(.text)
    SPI_BiDirectionalLineConfig              0x08005bcb   Thumb Code    28  stm32f4xx_spi.o(.text)
    SPI_NSSInternalSoftwareConfig            0x08005be7   Thumb Code    30  stm32f4xx_spi.o(.text)
    SPI_SSOutputCmd                          0x08005c05   Thumb Code    24  stm32f4xx_spi.o(.text)
    SPI_TIModeCmd                            0x08005c1d   Thumb Code    24  stm32f4xx_spi.o(.text)
    I2S_FullDuplexConfig                     0x08005c35   Thumb Code    80  stm32f4xx_spi.o(.text)
    SPI_I2S_ReceiveData                      0x08005c85   Thumb Code     6  stm32f4xx_spi.o(.text)
    SPI_I2S_SendData                         0x08005c8b   Thumb Code     4  stm32f4xx_spi.o(.text)
    SPI_CalculateCRC                         0x08005c8f   Thumb Code    24  stm32f4xx_spi.o(.text)
    SPI_TransmitCRC                          0x08005ca7   Thumb Code    10  stm32f4xx_spi.o(.text)
    SPI_GetCRC                               0x08005cb1   Thumb Code    16  stm32f4xx_spi.o(.text)
    SPI_GetCRCPolynomial                     0x08005cc1   Thumb Code     6  stm32f4xx_spi.o(.text)
    SPI_I2S_DMACmd                           0x08005cc7   Thumb Code    18  stm32f4xx_spi.o(.text)
    SPI_I2S_ITConfig                         0x08005cd9   Thumb Code    68  stm32f4xx_spi.o(.text)
    SPI_I2S_GetFlagStatus                    0x08005d1d   Thumb Code    18  stm32f4xx_spi.o(.text)
    SPI_I2S_ClearFlag                        0x08005d2f   Thumb Code     6  stm32f4xx_spi.o(.text)
    SPI_I2S_GetITStatus                      0x08005d35   Thumb Code    52  stm32f4xx_spi.o(.text)
    SPI_I2S_ClearITPendingBit                0x08005d69   Thumb Code    20  stm32f4xx_spi.o(.text)
    mymemcpy                                 0x08005d7d   Thumb Code    26  malloc.o(.text)
    mymemset                                 0x08005d97   Thumb Code    20  malloc.o(.text)
    my_mem_init                              0x08005dab   Thumb Code    54  malloc.o(.text)
    my_mem_perused                           0x08005de1   Thumb Code    54  malloc.o(.text)
    my_mem_malloc                            0x08005e17   Thumb Code   154  malloc.o(.text)
    my_mem_free                              0x08005eb1   Thumb Code    94  malloc.o(.text)
    myfree                                   0x08005f0f   Thumb Code    32  malloc.o(.text)
    mymalloc                                 0x08005f2f   Thumb Code    36  malloc.o(.text)
    myrealloc                                0x08005f53   Thumb Code    68  malloc.o(.text)
    usmart_sys_cmd_exe                       0x08005fa9   Thumb Code  1554  usmart.o(.text)
    usmart_reset_runtime                     0x080065bb   Thumb Code    38  usmart.o(.text)
    usmart_get_runtime                       0x080065e1   Thumb Code    60  usmart.o(.text)
    TIM4_IRQHandler                          0x0800661d   Thumb Code    46  usmart.o(.text)
    Timer4_Init                              0x0800664b   Thumb Code    86  usmart.o(.text)
    usmart_init                              0x080066a1   Thumb Code    36  usmart.o(.text)
    usmart_cmd_rec                           0x080066c5   Thumb Code   170  usmart.o(.text)
    usmart_exe                               0x0800676f   Thumb Code   868  usmart.o(.text)
    usmart_scan                              0x08006ad3   Thumb Code   120  usmart.o(.text)
    read_addr                                0x08006b4b   Thumb Code     6  usmart.o(.text)
    write_addr                               0x08006b51   Thumb Code     4  usmart.o(.text)
    usmart_strcmp                            0x08006bdd   Thumb Code    34  usmart_str.o(.text)
    usmart_strcopy                           0x08006bff   Thumb Code    22  usmart_str.o(.text)
    usmart_strlen                            0x08006c15   Thumb Code    24  usmart_str.o(.text)
    usmart_pow                               0x08006c2d   Thumb Code    22  usmart_str.o(.text)
    usmart_str2num                           0x08006c43   Thumb Code   202  usmart_str.o(.text)
    usmart_get_cmdname                       0x08006d0d   Thumb Code    54  usmart_str.o(.text)
    usmart_search_nextc                      0x08006d43   Thumb Code    22  usmart_str.o(.text)
    usmart_get_fname                         0x08006d59   Thumb Code   440  usmart_str.o(.text)
    usmart_get_aparm                         0x08006f11   Thumb Code   200  usmart_str.o(.text)
    usmart_get_parmpos                       0x08006fd9   Thumb Code    26  usmart_str.o(.text)
    usmart_get_fparam                        0x08006ff3   Thumb Code   262  usmart_str.o(.text)
    disk_initialize                          0x08007105   Thumb Code    52  diskio.o(.text)
    disk_status                              0x08007139   Thumb Code     6  diskio.o(.text)
    disk_read                                0x0800713f   Thumb Code   122  diskio.o(.text)
    disk_write                               0x080071b9   Thumb Code   122  diskio.o(.text)
    disk_ioctl                               0x08007233   Thumb Code   170  diskio.o(.text)
    get_fattime                              0x080072dd   Thumb Code     4  diskio.o(.text)
    ff_memalloc                              0x080072e1   Thumb Code    14  diskio.o(.text)
    ff_memfree                               0x080072ef   Thumb Code    14  diskio.o(.text)
    clust2sect                               0x080074b3   Thumb Code    26  ff.o(.text)
    get_fat                                  0x080074cd   Thumb Code   232  ff.o(.text)
    put_fat                                  0x080075b5   Thumb Code   310  ff.o(.text)
    dir_sdi                                  0x0800785f   Thumb Code   158  ff.o(.text)
    f_mount                                  0x080088d1   Thumb Code    86  ff.o(.text)
    f_open                                   0x08008927   Thumb Code   384  ff.o(.text)
    f_read                                   0x08008aa7   Thumb Code   448  ff.o(.text)
    f_write                                  0x08008c67   Thumb Code   490  ff.o(.text)
    f_sync                                   0x08008e51   Thumb Code   176  ff.o(.text)
    f_close                                  0x08008f01   Thumb Code    36  ff.o(.text)
    f_lseek                                  0x08008f25   Thumb Code   654  ff.o(.text)
    f_opendir                                0x080091b3   Thumb Code   136  ff.o(.text)
    f_closedir                               0x0800923b   Thumb Code    22  ff.o(.text)
    f_readdir                                0x08009251   Thumb Code   114  ff.o(.text)
    f_stat                                   0x080092c3   Thumb Code    84  ff.o(.text)
    f_getfree                                0x08009317   Thumb Code   258  ff.o(.text)
    f_truncate                               0x08009419   Thumb Code   184  ff.o(.text)
    f_unlink                                 0x080094d1   Thumb Code   194  ff.o(.text)
    f_mkdir                                  0x08009593   Thumb Code   380  ff.o(.text)
    f_chmod                                  0x0800970f   Thumb Code   112  ff.o(.text)
    f_utime                                  0x0800977f   Thumb Code   110  ff.o(.text)
    f_rename                                 0x080097ed   Thumb Code   314  ff.o(.text)
    f_getlabel                               0x08009927   Thumb Code   190  ff.o(.text)
    f_setlabel                               0x080099e5   Thumb Code   470  ff.o(.text)
    f_mkfs                                   0x08009bbb   Thumb Code  1570  ff.o(.text)
    f_gets                                   0x0800a1dd   Thumb Code    82  ff.o(.text)
    f_putc                                   0x0800a273   Thumb Code    64  ff.o(.text)
    f_puts                                   0x0800a2b3   Thumb Code    74  ff.o(.text)
    f_printf                                 0x0800a2fd   Thumb Code   674  ff.o(.text)
    exfuns_init                              0x0800a5a1   Thumb Code   114  exfuns.o(.text)
    char_upper                               0x0800a613   Thumb Code    26  exfuns.o(.text)
    f_typetell                               0x0800a62d   Thumb Code   172  exfuns.o(.text)
    exf_getfree                              0x0800a6d9   Thumb Code    74  exfuns.o(.text)
    mf_mount                                 0x0800a739   Thumb Code    20  fattester.o(.text)
    mf_open                                  0x0800a74d   Thumb Code    24  fattester.o(.text)
    mf_close                                 0x0800a765   Thumb Code    14  fattester.o(.text)
    mf_read                                  0x0800a773   Thumb Code   224  fattester.o(.text)
    mf_write                                 0x0800a853   Thumb Code    68  fattester.o(.text)
    mf_opendir                               0x0800a897   Thumb Code    14  fattester.o(.text)
    mf_closedir                              0x0800a8a5   Thumb Code    10  fattester.o(.text)
    mf_readdir                               0x0800a8af   Thumb Code   204  fattester.o(.text)
    mf_scan_files                            0x0800a97b   Thumb Code   120  fattester.o(.text)
    mf_showfree                              0x0800a9f3   Thumb Code    88  fattester.o(.text)
    mf_lseek                                 0x0800aa4b   Thumb Code    16  fattester.o(.text)
    mf_tell                                  0x0800aa5b   Thumb Code     8  fattester.o(.text)
    mf_size                                  0x0800aa63   Thumb Code     8  fattester.o(.text)
    mf_mkdir                                 0x0800aa6b   Thumb Code    12  fattester.o(.text)
    mf_fmkfs                                 0x0800aa77   Thumb Code    20  fattester.o(.text)
    mf_unlink                                0x0800aa8b   Thumb Code    12  fattester.o(.text)
    mf_rename                                0x0800aa97   Thumb Code    16  fattester.o(.text)
    mf_getlabel                              0x0800aaa7   Thumb Code    58  fattester.o(.text)
    mf_setlabel                              0x0800aae1   Thumb Code    34  fattester.o(.text)
    mf_gets                                  0x0800ab03   Thumb Code   698  fattester.o(.text)
    mf_putc                                  0x0800adbd   Thumb Code    18  fattester.o(.text)
    mf_puts                                  0x0800adcf   Thumb Code    18  fattester.o(.text)
    ff_convert                               0x0800ae01   Thumb Code   116  cc936.o(.text)
    ff_wtoupper                              0x0800ae75   Thumb Code    46  cc936.o(.text)
    __aeabi_ldivmod                          0x0800aeb5   Thumb Code    98  ldiv.o(.text)
    __aeabi_memcpy                           0x0800af17   Thumb Code    36  memcpya.o(.text)
    __aeabi_memcpy4                          0x0800af17   Thumb Code     0  memcpya.o(.text)
    __aeabi_memcpy8                          0x0800af17   Thumb Code     0  memcpya.o(.text)
    strlen                                   0x0800af3b   Thumb Code    14  strlen.o(.text)
    strcmp                                   0x0800af49   Thumb Code    28  strcmp.o(.text)
    strcpy                                   0x0800af65   Thumb Code    18  strcpy.o(.text)
    strncmp                                  0x0800af77   Thumb Code    30  strncmp.o(.text)
    __aeabi_f2d                              0x0800af95   Thumb Code    38  f2d.o(.text)
    __aeabi_uidiv                            0x0800afbb   Thumb Code     0  uidiv.o(.text)
    __aeabi_uidivmod                         0x0800afbb   Thumb Code    44  uidiv.o(.text)
    __aeabi_uldivmod                         0x0800afe7   Thumb Code    98  uldiv.o(.text)
    __I$use$fp                               0x0800b049   Thumb Code     0  iusefp.o(.text)
    __aeabi_dadd                             0x0800b049   Thumb Code   322  dadd.o(.text)
    __aeabi_dsub                             0x0800b18b   Thumb Code     6  dadd.o(.text)
    __aeabi_drsub                            0x0800b191   Thumb Code     6  dadd.o(.text)
    __aeabi_dmul                             0x0800b197   Thumb Code   228  dmul.o(.text)
    __aeabi_ddiv                             0x0800b27b   Thumb Code   222  ddiv.o(.text)
    __aeabi_d2ulz                            0x0800b359   Thumb Code    48  dfixul.o(.text)
    __aeabi_cdrcmple                         0x0800b389   Thumb Code    48  cdrcmple.o(.text)
    __scatterload                            0x0800b3b9   Thumb Code    28  init.o(.text)
    __scatterload_rt2                        0x0800b3b9   Thumb Code     0  init.o(.text)
    __aeabi_llsl                             0x0800b3dd   Thumb Code    30  llshl.o(.text)
    _ll_shift_l                              0x0800b3dd   Thumb Code     0  llshl.o(.text)
    __aeabi_llsr                             0x0800b3fb   Thumb Code    32  llushr.o(.text)
    _ll_ushift_r                             0x0800b3fb   Thumb Code     0  llushr.o(.text)
    __aeabi_lasr                             0x0800b41b   Thumb Code    36  llsshr.o(.text)
    _ll_sshift_r                             0x0800b41b   Thumb Code     0  llsshr.o(.text)
    _double_round                            0x0800b43f   Thumb Code    30  depilogue.o(.text)
    _double_epilogue                         0x0800b45d   Thumb Code   156  depilogue.o(.text)
    __decompress                             0x0800b4f9   Thumb Code     0  __dczerorl2.o(.text)
    __decompress1                            0x0800b4f9   Thumb Code    86  __dczerorl2.o(.text)
    __0printf                                0x0800b551   Thumb Code    22  printfa.o(i.__0printf)
    __1printf                                0x0800b551   Thumb Code     0  printfa.o(i.__0printf)
    __2printf                                0x0800b551   Thumb Code     0  printfa.o(i.__0printf)
    __c89printf                              0x0800b551   Thumb Code     0  printfa.o(i.__0printf)
    printf                                   0x0800b551   Thumb Code     0  printfa.o(i.__0printf)
    __0sprintf                               0x0800b571   Thumb Code    34  printfa.o(i.__0sprintf)
    __1sprintf                               0x0800b571   Thumb Code     0  printfa.o(i.__0sprintf)
    __2sprintf                               0x0800b571   Thumb Code     0  printfa.o(i.__0sprintf)
    __c89sprintf                             0x0800b571   Thumb Code     0  printfa.o(i.__0sprintf)
    sprintf                                  0x0800b571   Thumb Code     0  printfa.o(i.__0sprintf)
    __0vsprintf                              0x0800b599   Thumb Code    30  printfa.o(i.__0vsprintf)
    __1vsprintf                              0x0800b599   Thumb Code     0  printfa.o(i.__0vsprintf)
    __2vsprintf                              0x0800b599   Thumb Code     0  printfa.o(i.__0vsprintf)
    __c89vsprintf                            0x0800b599   Thumb Code     0  printfa.o(i.__0vsprintf)
    vsprintf                                 0x0800b599   Thumb Code     0  printfa.o(i.__0vsprintf)
    __scatterload_copy                       0x0800b5bd   Thumb Code    14  handlers.o(i.__scatterload_copy)
    __scatterload_null                       0x0800b5cb   Thumb Code     2  handlers.o(i.__scatterload_null)
    __scatterload_zeroinit                   0x0800b5cd   Thumb Code    14  handlers.o(i.__scatterload_zeroinit)
    memtblsize                               0x0800be78   Data          12  malloc.o(.constdata)
    memblksize                               0x0800be84   Data          12  malloc.o(.constdata)
    memsize                                  0x0800be90   Data          12  malloc.o(.constdata)
    FILE_TYPE_TBL                            0x0800bed8   Data         112  exfuns.o(.constdata)
    Region$$Table$$Base                      0x08036f50   Number         0  anon$$obj.o(Region$$Table)
    Region$$Table$$Limit                     0x08036f70   Number         0  anon$$obj.o(Region$$Table)
    mem3base                                 0x10000000   Data       61440  malloc.o(.ARM.__AT_0x10000000)
    mem3mapbase                              0x1000f000   Data        3840  malloc.o(.ARM.__AT_0x1000F000)
    fp                                       0x20000000   Data           4  main.o(.data)
    buffer                                   0x20000004   Data          13  main.o(.data)
    buffer2                                  0x20000011   Data           1  main.o(.data)
    ReceiveBufCounter                        0x20000012   Data           2  main.o(.data)
    SyncTimeCounter                          0x20000014   Data           4  main.o(.data)
    WorkInFlag                               0x20000018   Data           1  main.o(.data)
    ReadyFlag                                0x20000019   Data           1  main.o(.data)
    bound                                    0x2000001c   Data           4  main.o(.data)
    fixmode_tbl                              0x20000020   Data          16  main.o(.data)
    ByteCounter                              0x20000030   Data           4  main.o(.data)
    SystemCoreClock                          0x20000034   Data           4  system_stm32f4xx.o(.data)
    AHBPrescTable                            0x20000038   Data          16  system_stm32f4xx.o(.data)
    W25QXX_TYPE                              0x2000004a   Data           2  w25qxx.o(.data)
    TransferError                            0x20000056   Data           1  sdio_sdcard.o(.data)
    TransferEnd                              0x20000057   Data           1  sdio_sdcard.o(.data)
    tempbuff                                 0x20000058   Data           4  sdio_sdcard.o(.data)
    RS485_RX_CNT                             0x2000005c   Data           2  rs485.o(.data)
    USART3_RX_STA                            0x2000005e   Data           2  usart3.o(.data)
    __stdout                                 0x20000064   Data           4  usart.o(.data)
    USART_RX_STA                             0x20000068   Data           2  usart.o(.data)
    mallco_dev                               0x2000007c   Data          36  malloc.o(.data)
    sys_cmd_tab                              0x200000a0   Data          28  usmart.o(.data)
    usmart_nametab                           0x200000bc   Data         216  usmart_config.o(.data)
    usmart_dev                               0x20000194   Data         244  usmart_config.o(.data)
    FLASH_SECTOR_COUNT                       0x20000288   Data           2  diskio.o(.data)
    file                                     0x2000028c   Data           4  exfuns.o(.data)
    ftemp                                    0x20000290   Data           4  exfuns.o(.data)
    br                                       0x20000294   Data           4  exfuns.o(.data)
    bw                                       0x20000298   Data           4  exfuns.o(.data)
    fatbuf                                   0x2000029c   Data           4  exfuns.o(.data)
    fileTXT                                  0x200002a0   Data         552  main.o(.bss)
    TXTdata2UartBuffer                       0x200004c8   Data        2000  main.o(.bss)
    ReceiveBuf                               0x20000c98   Data        1000  main.o(.bss)
    USART1_TX_BUF                            0x20001080   Data         400  main.o(.bss)
    gpsx                                     0x20001210   Data         166  main.o(.bss)
    dtbuf                                    0x200012b8   Data          50  main.o(.bss)
    W25QXX_BUFFER                            0x200012ea   Data        4096  w25qxx.o(.bss)
    SDIO_InitStructure                       0x200022f0   Data          24  sdio_sdcard.o(.bss)
    SDIO_CmdInitStructure                    0x20002308   Data          20  sdio_sdcard.o(.bss)
    SDIO_DataInitStructure                   0x2000231c   Data          24  sdio_sdcard.o(.bss)
    SDCardInfo                               0x20002358   Data          88  sdio_sdcard.o(.bss)
    SDIO_DATA_BUFFER                         0x200023b0   Data         512  sdio_sdcard.o(.bss)
    RS485_RX_BUF                             0x200025b0   Data        2000  rs485.o(.bss)
    USART3_TX_BUF                            0x20002d80   Data         400  usart3.o(.bss)
    USART3_RX_BUF                            0x20002f10   Data         400  usart3.o(.bss)
    USART_RX_BUF                             0x200030a0   Data         200  usart.o(.bss)
    mem1base                                 0x20003180   Data       102400  malloc.o(.bss)
    mem1mapbase                              0x2001c180   Data        6400  malloc.o(.bss)
    fs                                       0x2001da8c   Data          12  exfuns.o(.bss)
    fileinfo                                 0x2001da98   Data          32  exfuns.o(.bss)
    dir                                      0x2001dab8   Data          36  exfuns.o(.bss)
    __initial_sp                             0x2001dee0   Data           0  startup_stm32f40_41xxx.o(STACK)
    mem2base                                 0x68000000   Data       983040  malloc.o(.ARM.__AT_0x68000000)
    mem2mapbase                              0x680f0000   Data       61440  malloc.o(.ARM.__AT_0x680F0000)



==============================================================================

Memory Map of the image

  Image Entry point : 0x08000189

  Load Region LR_IROM1 (Base: 0x08000000, Size: 0x00037210, Max: 0x00080000, ABSOLUTE, COMPRESSED[0x000370a4])

    Execution Region ER_IROM1 (Base: 0x08000000, Size: 0x00036f70, Max: 0x00080000, ABSOLUTE)

    Base Addr    Size         Type   Attr      Idx    E Section Name        Object

    0x08000000   0x00000188   Data   RO          627    RESET               startup_stm32f40_41xxx.o
    0x08000188   0x00000000   Code   RO         1058  * .ARM.Collect$$$$00000000  mc_w.l(entry.o)
    0x08000188   0x00000004   Code   RO         1340    .ARM.Collect$$$$00000001  mc_w.l(entry2.o)
    0x0800018c   0x00000004   Code   RO         1343    .ARM.Collect$$$$00000004  mc_w.l(entry5.o)
    0x08000190   0x00000000   Code   RO         1345    .ARM.Collect$$$$00000008  mc_w.l(entry7b.o)
    0x08000190   0x00000000   Code   RO         1347    .ARM.Collect$$$$0000000A  mc_w.l(entry8b.o)
    0x08000190   0x00000008   Code   RO         1348    .ARM.Collect$$$$0000000B  mc_w.l(entry9a.o)
    0x08000198   0x00000000   Code   RO         1350    .ARM.Collect$$$$0000000D  mc_w.l(entry10a.o)
    0x08000198   0x00000000   Code   RO         1352    .ARM.Collect$$$$0000000F  mc_w.l(entry11a.o)
    0x08000198   0x00000004   Code   RO         1341    .ARM.Collect$$$$00002712  mc_w.l(entry2.o)
    0x0800019c   0x00000010   Code   RO          578    .emb_text           sys.o
    0x080001ac   0x000009f0   Code   RO            3    .text               main.o
    0x08000b9c   0x0000001a   Code   RO          217    .text               stm32f4xx_it.o
    0x08000bb6   0x00000002   PAD
    0x08000bb8   0x00000210   Code   RO          266    .text               system_stm32f4xx.o
    0x08000dc8   0x0000018c   Code   RO          292    .text               meteorological.o
    0x08000f54   0x00000040   Code   RO          319    .text               led.o
    0x08000f94   0x00000104   Code   RO          339    .text               key.o
    0x08001098   0x00000118   Code   RO          360    .text               spi.o
    0x080011b0   0x00000378   Code   RO          383    .text               w25qxx.o
    0x08001528   0x00001d60   Code   RO          410    .text               sdio_sdcard.o
    0x08003288   0x000001b0   Code   RO          437    .text               rs485.o
    0x08003438   0x00000188   Code   RO          464    .text               usart3.o
    0x080035c0   0x00000080   Code   RO          501    .text               timer.o
    0x08003640   0x00000104   Code   RO          556    .text               delay.o
    0x08003744   0x00000148   Code   RO          596    .text               usart.o
    0x0800388c   0x00000024   Code   RO          628    .text               startup_stm32f40_41xxx.o
    0x080038b0   0x000000e0   Code   RO          634    .text               misc.o
    0x08003990   0x00000294   Code   RO          654    .text               stm32f4xx_gpio.o
    0x08003c24   0x000001dc   Code   RO          697    .text               stm32f4xx_sdio.o
    0x08003e00   0x0000065c   Code   RO          717    .text               stm32f4xx_rcc.o
    0x0800445c   0x00000454   Code   RO          759    .text               stm32f4xx_usart.o
    0x080048b0   0x000003a8   Code   RO          779    .text               stm32f4xx_dma.o
    0x08004c58   0x00000ca2   Code   RO          799    .text               stm32f4xx_tim.o
    0x080058fa   0x00000002   PAD
    0x080058fc   0x00000480   Code   RO          819    .text               stm32f4xx_spi.o
    0x08005d7c   0x0000022c   Code   RO          839    .text               malloc.o
    0x08005fa8   0x00000c34   Code   RO          871    .text               usmart.o
    0x08006bdc   0x00000528   Code   RO          919    .text               usmart_str.o
    0x08007104   0x00000200   Code   RO          939    .text               diskio.o
    0x08007304   0x0000329a   Code   RO          963    .text               ff.o
    0x0800a59e   0x00000002   PAD
    0x0800a5a0   0x00000198   Code   RO          984    .text               exfuns.o
    0x0800a738   0x000006c8   Code   RO         1013    .text               fattester.o
    0x0800ae00   0x000000b4   Code   RO         1035    .text               cc936.o
    0x0800aeb4   0x00000062   Code   RO         1061    .text               mc_w.l(ldiv.o)
    0x0800af16   0x00000024   Code   RO         1063    .text               mc_w.l(memcpya.o)
    0x0800af3a   0x0000000e   Code   RO         1067    .text               mc_w.l(strlen.o)
    0x0800af48   0x0000001c   Code   RO         1069    .text               mc_w.l(strcmp.o)
    0x0800af64   0x00000012   Code   RO         1071    .text               mc_w.l(strcpy.o)
    0x0800af76   0x0000001e   Code   RO         1073    .text               mc_w.l(strncmp.o)
    0x0800af94   0x00000026   Code   RO         1338    .text               mf_w.l(f2d.o)
    0x0800afba   0x0000002c   Code   RO         1354    .text               mc_w.l(uidiv.o)
    0x0800afe6   0x00000062   Code   RO         1356    .text               mc_w.l(uldiv.o)
    0x0800b048   0x00000000   Code   RO         1358    .text               mc_w.l(iusefp.o)
    0x0800b048   0x0000014e   Code   RO         1359    .text               mf_w.l(dadd.o)
    0x0800b196   0x000000e4   Code   RO         1361    .text               mf_w.l(dmul.o)
    0x0800b27a   0x000000de   Code   RO         1363    .text               mf_w.l(ddiv.o)
    0x0800b358   0x00000030   Code   RO         1365    .text               mf_w.l(dfixul.o)
    0x0800b388   0x00000030   Code   RO         1367    .text               mf_w.l(cdrcmple.o)
    0x0800b3b8   0x00000024   Code   RO         1369    .text               mc_w.l(init.o)
    0x0800b3dc   0x0000001e   Code   RO         1371    .text               mc_w.l(llshl.o)
    0x0800b3fa   0x00000020   Code   RO         1373    .text               mc_w.l(llushr.o)
    0x0800b41a   0x00000024   Code   RO         1375    .text               mc_w.l(llsshr.o)
    0x0800b43e   0x000000ba   Code   RO         1377    .text               mf_w.l(depilogue.o)
    0x0800b4f8   0x00000056   Code   RO         1387    .text               mc_w.l(__dczerorl2.o)
    0x0800b54e   0x00000002   PAD
    0x0800b550   0x00000020   Code   RO         1310    i.__0printf         mc_w.l(printfa.o)
    0x0800b570   0x00000028   Code   RO         1312    i.__0sprintf        mc_w.l(printfa.o)
    0x0800b598   0x00000024   Code   RO         1316    i.__0vsprintf       mc_w.l(printfa.o)
    0x0800b5bc   0x0000000e   Code   RO         1381    i.__scatterload_copy  mc_w.l(handlers.o)
    0x0800b5ca   0x00000002   Code   RO         1382    i.__scatterload_null  mc_w.l(handlers.o)
    0x0800b5cc   0x0000000e   Code   RO         1383    i.__scatterload_zeroinit  mc_w.l(handlers.o)
    0x0800b5da   0x00000002   PAD
    0x0800b5dc   0x00000164   Code   RO         1317    i._fp_digits        mc_w.l(printfa.o)
    0x0800b740   0x000006dc   Code   RO         1318    i._printf_core      mc_w.l(printfa.o)
    0x0800be1c   0x00000024   Code   RO         1319    i._printf_post_padding  mc_w.l(printfa.o)
    0x0800be40   0x0000002e   Code   RO         1320    i._printf_pre_padding  mc_w.l(printfa.o)
    0x0800be6e   0x0000000a   Code   RO         1322    i._sputc            mc_w.l(printfa.o)
    0x0800be78   0x00000024   Data   RO          845    .constdata          malloc.o
    0x0800be9c   0x0000003a   Data   RO          965    .constdata          ff.o
    0x0800bed6   0x00000002   PAD
    0x0800bed8   0x00000070   Data   RO          986    .constdata          exfuns.o
    0x0800bf48   0x0002acc8   Data   RO         1036    .constdata          cc936.o
    0x08036c10   0x00000015   Data   RO            5    .conststring        main.o
    0x08036c25   0x00000003   PAD
    0x08036c28   0x00000028   Data   RO          872    .conststring        usmart.o
    0x08036c50   0x000002b9   Data   RO          895    .conststring        usmart_config.o
    0x08036f09   0x00000003   PAD
    0x08036f0c   0x00000044   Data   RO          987    .conststring        exfuns.o
    0x08036f50   0x00000020   Data   RO         1379    Region$$Table       anon$$obj.o


    Execution Region RW_IRAM1 (Base: 0x20000000, Size: 0x0001dee0, Max: 0x00020000, ABSOLUTE, COMPRESSED[0x00000134])

    Base Addr    Size         Type   Attr      Idx    E Section Name        Object

    0x20000000   0x00000034   Data   RW            6    .data               main.o
    0x20000034   0x00000014   Data   RW          267    .data               system_stm32f4xx.o
    0x20000048   0x00000001   Data   RW          340    .data               key.o
    0x20000049   0x00000001   PAD
    0x2000004a   0x00000002   Data   RW          385    .data               w25qxx.o
    0x2000004c   0x00000010   Data   RW          412    .data               sdio_sdcard.o
    0x2000005c   0x00000002   Data   RW          439    .data               rs485.o
    0x2000005e   0x00000002   Data   RW          466    .data               usart3.o
    0x20000060   0x00000004   Data   RW          557    .data               delay.o
    0x20000064   0x00000006   Data   RW          598    .data               usart.o
    0x2000006a   0x00000010   Data   RW          718    .data               stm32f4xx_rcc.o
    0x2000007a   0x00000002   PAD
    0x2000007c   0x00000024   Data   RW          846    .data               malloc.o
    0x200000a0   0x0000001c   Data   RW          873    .data               usmart.o
    0x200000bc   0x000001cc   Data   RW          896    .data               usmart_config.o
    0x20000288   0x00000002   Data   RW          940    .data               diskio.o
    0x2000028a   0x00000002   Data   RW          966    .data               ff.o
    0x2000028c   0x00000014   Data   RW          988    .data               exfuns.o
    0x200002a0   0x0000104a   Zero   RW            4    .bss                main.o
    0x200012ea   0x00001000   Zero   RW          384    .bss                w25qxx.o
    0x200022ea   0x00000006   PAD
    0x200022f0   0x000002c0   Zero   RW          411    .bss                sdio_sdcard.o
    0x200025b0   0x000007d0   Zero   RW          438    .bss                rs485.o
    0x20002d80   0x00000320   Zero   RW          465    .bss                usart3.o
    0x200030a0   0x000000c8   Zero   RW          597    .bss                usart.o
    0x20003168   0x00000018   PAD
    0x20003180   0x0001a900   Zero   RW          844    .bss                malloc.o
    0x2001da80   0x0000000c   Zero   RW          964    .bss                ff.o
    0x2001da8c   0x00000050   Zero   RW          985    .bss                exfuns.o
    0x2001dadc   0x00000004   PAD
    0x2001dae0   0x00000400   Zero   RW          625    STACK               startup_stm32f40_41xxx.o



  Load Region LR$$.ARM.__AT_0x10000000 (Base: 0x10000000, Size: 0x00000000, Max: 0x0000f000, ABSOLUTE)

    Execution Region ER$$.ARM.__AT_0x10000000 (Base: 0x10000000, Size: 0x0000f000, Max: 0x0000f000, ABSOLUTE, UNINIT)

    Base Addr    Size         Type   Attr      Idx    E Section Name        Object

    0x10000000   0x0000f000   Zero   RW          840    .ARM.__AT_0x10000000  malloc.o



  Load Region LR$$.ARM.__AT_0x1000F000 (Base: 0x1000f000, Size: 0x00000000, Max: 0x00000f00, ABSOLUTE)

    Execution Region ER$$.ARM.__AT_0x1000F000 (Base: 0x1000f000, Size: 0x00000f00, Max: 0x00000f00, ABSOLUTE, UNINIT)

    Base Addr    Size         Type   Attr      Idx    E Section Name        Object

    0x1000f000   0x00000f00   Zero   RW          841    .ARM.__AT_0x1000F000  malloc.o



  Load Region LR$$.ARM.__AT_0x68000000 (Base: 0x68000000, Size: 0x00000000, Max: 0x000f0000, ABSOLUTE)

    Execution Region ER$$.ARM.__AT_0x68000000 (Base: 0x68000000, Size: 0x000f0000, Max: 0x000f0000, ABSOLUTE, UNINIT)

    Base Addr    Size         Type   Attr      Idx    E Section Name        Object

    0x68000000   0x000f0000   Zero   RW          842    .ARM.__AT_0x68000000  malloc.o



  Load Region LR$$.ARM.__AT_0x680F0000 (Base: 0x680f0000, Size: 0x00000000, Max: 0x0000f000, ABSOLUTE)

    Execution Region ER$$.ARM.__AT_0x680F0000 (Base: 0x680f0000, Size: 0x0000f000, Max: 0x0000f000, ABSOLUTE, UNINIT)

    Base Addr    Size         Type   Attr      Idx    E Section Name        Object

    0x680f0000   0x0000f000   Zero   RW          843    .ARM.__AT_0x680F0000  malloc.o


==============================================================================

Image component sizes


      Code (inc. data)   RO Data    RW Data    ZI Data      Debug   Object Name

       180         18     175304          0          0       2353   cc936.o
       260          8          0          4          0       1505   delay.o
       512          8          0          2          0       4382   diskio.o
       408         22        180         20         80       2840   exfuns.o
      1736        690          0          0          0       5768   fattester.o
     12954        136         58          2         12      36862   ff.o
       260         12          0          1          0        900   key.o
        64          4          0          0          0        559   led.o
      2544       1036         21         52       4170     320658   main.o
       556         18         36         36    1218560       4981   malloc.o
       396         74          0          0          0       2017   meteorological.o
       224         20          0          0          0       1885   misc.o
       432         24          0          2       2000       2266   rs485.o
      7520        282          0         16        704      25097   sdio_sdcard.o
       280          8          0          0          0       1089   spi.o
        36          8        392          0       1024        856   startup_stm32f40_41xxx.o
       936         32          0          0          0       6361   stm32f4xx_dma.o
       660         44          0          0          0       4161   stm32f4xx_gpio.o
        26          0          0          0          0       1254   stm32f4xx_it.o
      1628         52          0         16          0      12984   stm32f4xx_rcc.o
       476         16          0          0          0       7456   stm32f4xx_sdio.o
      1152         36          0          0          0       6909   stm32f4xx_spi.o
      3234         60          0          0          0      22364   stm32f4xx_tim.o
      1108         34          0          0          0       7860   stm32f4xx_usart.o
        16          0          0          0          0        520   sys.o
       528         46          0         20          0       1879   system_stm32f4xx.o
       128          8          0          0          0        832   timer.o
       328         16          0          6        200       3390   usart.o
       392         26          0          2        800       2662   usart3.o
      3124       1286         40         28          0       4466   usmart.o
         0          0        697        460          0       1692   usmart_config.o
      1320         12          0          0          0       5233   usmart_str.o
       888         26          0          2       4096       4437   w25qxx.o

    ----------------------------------------------------------------------
     44312       4062     176768        672    1231680     508478   Object Totals
         0          0         32          0          0          0   (incl. Generated)
         6          0          8          3         34          0   (incl. Padding)

    ----------------------------------------------------------------------

      Code (inc. data)   RO Data    RW Data    ZI Data      Debug   Library Member Name

        86          0          0          0          0          0   __dczerorl2.o
         0          0          0          0          0          0   entry.o
         0          0          0          0          0          0   entry10a.o
         0          0          0          0          0          0   entry11a.o
         8          4          0          0          0          0   entry2.o
         4          0          0          0          0          0   entry5.o
         0          0          0          0          0          0   entry7b.o
         0          0          0          0          0          0   entry8b.o
         8          4          0          0          0          0   entry9a.o
        30          0          0          0          0          0   handlers.o
        36          8          0          0          0         68   init.o
         0          0          0          0          0          0   iusefp.o
        98          0          0          0          0         84   ldiv.o
        30          0          0          0          0         68   llshl.o
        36          0          0          0          0         68   llsshr.o
        32          0          0          0          0         68   llushr.o
        36          0          0          0          0         68   memcpya.o
      2312        102          0          0          0        676   printfa.o
        28          0          0          0          0         76   strcmp.o
        18          0          0          0          0         68   strcpy.o
        14          0          0          0          0         68   strlen.o
        30          0          0          0          0         80   strncmp.o
        44          0          0          0          0         80   uidiv.o
        98          0          0          0          0         92   uldiv.o
        48          0          0          0          0         68   cdrcmple.o
       334          0          0          0          0        148   dadd.o
       222          0          0          0          0        100   ddiv.o
       186          0          0          0          0        176   depilogue.o
        48          0          0          0          0         68   dfixul.o
       228          0          0          0          0         96   dmul.o
        38          0          0          0          0         68   f2d.o

    ----------------------------------------------------------------------
      4056        118          0          0          0       2288   Library Totals
         4          0          0          0          0          0   (incl. Padding)

    ----------------------------------------------------------------------

      Code (inc. data)   RO Data    RW Data    ZI Data      Debug   Library Name

      2948        118          0          0          0       1564   mc_w.l
      1104          0          0          0          0        724   mf_w.l

    ----------------------------------------------------------------------
      4056        118          0          0          0       2288   Library Totals

    ----------------------------------------------------------------------

==============================================================================


      Code (inc. data)   RO Data    RW Data    ZI Data      Debug   

     48368       4180     176768        672    1231680     503402   Grand Totals
     48368       4180     176768        308    1231680     503402   ELF Image Totals (compressed)
     48368       4180     176768        308          0          0   ROM Totals

==============================================================================

    Total RO  Size (Code + RO Data)               225136 ( 219.86kB)
    Total RW  Size (RW Data + ZI Data)           1232352 (1203.47kB)
    Total ROM Size (Code + RO Data + RW Data)     225444 ( 220.16kB)

==============================================================================

